<html>
<body>
<pre>
<h1>µVision Build Log</h1>
<h2>Tool Versions:</h2>
IDE-Version: ¦ÌVision V5.41.0.0
Copyright (C) 2024 ARM Ltd and ARM Germany GmbH. All rights reserved.
License Information: wer 2434857072@qq.com, adsf, LIC=GMZI6-DS8WK-WFBI7-EQ8J3-YGS9V-IJ71Z
 
Tool Versions:
Toolchain:       MDK-ARM Plus  Version: 5.41.0.0
Toolchain Path:  C:\App\Pro\Keil\ARM\ARMCLANG\Bin
C Compiler:      ArmClang.exe V6.22
Assembler:       Armasm.exe V6.22
Linker/Locator:  ArmLink.exe V6.22
Library Manager: ArmAr.exe V6.22
Hex Converter:   FromElf.exe V6.22
CPU DLL:         SARMCM3.DLL V5.41.0.0
Dialog DLL:      DCM.DLL V1.17.5.0
Target DLL:      STLink\ST-LINKIII-KEIL_SWO.dll V3.3.0.0
Dialog DLL:      TCM.DLL V1.56.4.0
 
<h2>Project:</h2>
C:\Data\Github\X-motor-Drive\Firmware\XDr-P O_V1.2\MDK-ARM\XDr-P.uvprojx
Project File Date:  04/19/2026

<h2>Output:</h2>
*** Using Compiler 'V6.22', folder: 'C:\App\Pro\Keil\ARM\ARMCLANG\Bin'
Build target 'XDr-P'
Before Build - User command #1: python "..\TOOLS\build_device_param.py" header
[OK] Header generated: ../FOC/Config/drive_parameters.h
     DRIVE_MESSAGE: "XDr-P,O_V1.2_260419,wxd,100,20-34,80"
     FIRM_VERSION : "XDr-P O_V1.2_260419"
compiling App_IAP.c...
compiling hfi.c...
compiling adc_dr.c...
compiling loop_control.c...
compiling port_mapping.c...
compiling foc_core.c...
compiling svpwm.c...
compiling smo.c...
compiling protection_manager.c...
compiling parameter_manager.c...
compiling tune.c...
linking...
Program Size: Code=65820 RO-data=2896 RW-data=680 ZI-data=9712  
FromELF: creating hex file...
After Build - User command #1: fromelf --bin -o "XDr.bin" ".\XDr-P\XDr-P.axf"
After Build - User command #2: python "..\TOOLS\build_device_param.py" bin ".\XDr.bin"
[OK] Archived: XDr.bin -> ../firmware\XDr-P O_V1.2_260419.bin
".\XDr-P\XDr-P.axf" - 0 Error(s), 0 Warning(s).

<h2>Software Packages used:</h2>

Package Vendor: ARM
                https://www.keil.com/pack/ARM.CMSIS.6.2.0.pack
                ARM::CMSIS@6.2.0
                CMSIS (Common Microcontroller Software Interface Standard)
   * Component: CORE Version: 6.1.1

Package Vendor: Keil
                https://www.keil.com/pack/Keil.STM32F4xx_DFP.3.1.1.pack
                Keil::STM32F4xx_DFP@3.1.1
                STMicroelectronics STM32F4 Series Device Support

<h2>Collection of Component include folders:</h2>
  ./RTE/_XDr-P
  C:/App/Pro/Keil/ARM/ARM/CMSIS/6.2.0/CMSIS/Core/Include

<h2>Collection of Component Files used:</h2>

   * Component: ARM::CMSIS:CORE@6.1.1
      Include file:  CMSIS/Core/Include/tz_context.h
Build Time Elapsed:  00:00:02
</pre>
</body>
</html>
