Component: Arm Compiler for Embedded 6.22 Tool: armlink [5ee90200]

==============================================================================

Section Cross References

    startup_stm32f405xx.o(RESET) refers to startup_stm32f405xx.o(STACK) for __initial_sp
    startup_stm32f405xx.o(RESET) refers to startup_stm32f405xx.o(.text) for Reset_Handler
    startup_stm32f405xx.o(RESET) refers to stm32f4xx_it.o(.text.NMI_Handler) for NMI_Handler
    startup_stm32f405xx.o(RESET) refers to stm32f4xx_it.o(.text.HardFault_Handler) for HardFault_Handler
    startup_stm32f405xx.o(RESET) refers to stm32f4xx_it.o(.text.MemManage_Handler) for MemManage_Handler
    startup_stm32f405xx.o(RESET) refers to stm32f4xx_it.o(.text.BusFault_Handler) for BusFault_Handler
    startup_stm32f405xx.o(RESET) refers to stm32f4xx_it.o(.text.UsageFault_Handler) for UsageFault_Handler
    startup_stm32f405xx.o(RESET) refers to stm32f4xx_it.o(.text.SVC_Handler) for SVC_Handler
    startup_stm32f405xx.o(RESET) refers to stm32f4xx_it.o(.text.DebugMon_Handler) for DebugMon_Handler
    startup_stm32f405xx.o(RESET) refers to stm32f4xx_it.o(.text.PendSV_Handler) for PendSV_Handler
    startup_stm32f405xx.o(RESET) refers to stm32f4xx_it.o(.text.SysTick_Handler) for SysTick_Handler
    startup_stm32f405xx.o(RESET) refers to stm32f4xx_it.o(.text.DMA1_Stream0_IRQHandler) for DMA1_Stream0_IRQHandler
    startup_stm32f405xx.o(RESET) refers to stm32f4xx_it.o(.text.DMA1_Stream3_IRQHandler) for DMA1_Stream3_IRQHandler
    startup_stm32f405xx.o(RESET) refers to stm32f4xx_it.o(.text.DMA1_Stream5_IRQHandler) for DMA1_Stream5_IRQHandler
    startup_stm32f405xx.o(RESET) refers to stm32f4xx_it.o(.text.USART1_IRQHandler) for USART1_IRQHandler
    startup_stm32f405xx.o(RESET) refers to stm32f4xx_it.o(.text.TIM8_UP_TIM13_IRQHandler) for TIM8_UP_TIM13_IRQHandler
    startup_stm32f405xx.o(RESET) refers to stm32f4xx_it.o(.text.SPI3_IRQHandler) for SPI3_IRQHandler
    startup_stm32f405xx.o(RESET) refers to stm32f4xx_it.o(.text.DMA2_Stream0_IRQHandler) for DMA2_Stream0_IRQHandler
    startup_stm32f405xx.o(RESET) refers to stm32f4xx_it.o(.text.DMA2_Stream2_IRQHandler) for DMA2_Stream2_IRQHandler
    startup_stm32f405xx.o(RESET) refers to stm32f4xx_it.o(.text.CAN2_RX0_IRQHandler) for CAN2_RX0_IRQHandler
    startup_stm32f405xx.o(RESET) refers to stm32f4xx_it.o(.text.OTG_FS_IRQHandler) for OTG_FS_IRQHandler
    startup_stm32f405xx.o(RESET) refers to stm32f4xx_it.o(.text.DMA2_Stream5_IRQHandler) for DMA2_Stream5_IRQHandler
    startup_stm32f405xx.o(RESET) refers to stm32f4xx_it.o(.text.DMA2_Stream7_IRQHandler) for DMA2_Stream7_IRQHandler
    startup_stm32f405xx.o(.text) refers to system_stm32f4xx.o(.text.SystemInit) for SystemInit
    startup_stm32f405xx.o(.text) refers to entry.o(.ARM.Collect$$$$00000000) for __main
    main.o(.text.main) refers to stm32f4xx_hal.o(.text.HAL_Init) for HAL_Init
    main.o(.text.main) refers to main.o(.text.SystemClock_Config) for SystemClock_Config
    main.o(.text.main) refers to gpio.o(.text.MX_GPIO_Init) for MX_GPIO_Init
    main.o(.text.main) refers to dma.o(.text.MX_DMA_Init) for MX_DMA_Init
    main.o(.text.main) refers to spi.o(.text.MX_SPI2_Init) for MX_SPI2_Init
    main.o(.text.main) refers to tim.o(.text.MX_TIM4_Init) for MX_TIM4_Init
    main.o(.text.main) refers to adc.o(.text.MX_ADC1_Init) for MX_ADC1_Init
    main.o(.text.main) refers to adc.o(.text.MX_ADC2_Init) for MX_ADC2_Init
    main.o(.text.main) refers to can.o(.text.MX_CAN2_Init) for MX_CAN2_Init
    main.o(.text.main) refers to spi.o(.text.MX_SPI3_Init) for MX_SPI3_Init
    main.o(.text.main) refers to usart.o(.text.MX_USART1_UART_Init) for MX_USART1_UART_Init
    main.o(.text.main) refers to tim.o(.text.MX_TIM8_Init) for MX_TIM8_Init
    main.o(.text.main) refers to usb_device.o(.text.MX_USB_DEVICE_Init) for MX_USB_DEVICE_Init
    main.o(.text.main) refers to main.o(.bss..L_MergedGlobals) for .L_MergedGlobals
    main.o(.text.main) refers to system_statemachine.o(.text.SystemStateMachine_MainLoop) for SystemStateMachine_MainLoop
    main.o(.text.main) refers to math_fast.o(.text.HAL_GetTick_us) for HAL_GetTick_us
    main.o(.ARM.exidx.text.main) refers to main.o(.text.main) for [Anonymous Symbol]
    main.o(.text.SystemClock_Config) refers to memseta.o(.text) for __aeabi_memclr4
    main.o(.text.SystemClock_Config) refers to stm32f4xx_hal_rcc.o(.text.HAL_RCC_OscConfig) for HAL_RCC_OscConfig
    main.o(.text.SystemClock_Config) refers to system_statemachine.o(.text.fSystemStateUpdata) for fSystemStateUpdata
    main.o(.text.SystemClock_Config) refers to stm32f4xx_hal_rcc.o(.text.HAL_RCC_ClockConfig) for HAL_RCC_ClockConfig
    main.o(.ARM.exidx.text.SystemClock_Config) refers to main.o(.text.SystemClock_Config) for [Anonymous Symbol]
    main.o(.text.Error_Handler) refers to system_statemachine.o(.text.fSystemStateUpdata) for fSystemStateUpdata
    main.o(.ARM.exidx.text.Error_Handler) refers to main.o(.text.Error_Handler) for [Anonymous Symbol]
[...]
    fTraj_SetRate                            0x08012d39   Thumb Code    14  trajectory.o(.text.fTraj_SetRate)
    fTraj_SetTarget                          0x08012d49   Thumb Code    14  trajectory.o(.text.fTraj_SetTarget)
    fTraj_Update                             0x08012d59   Thumb Code   436  trajectory.o(.text.fTraj_Update)
    fUSB_Init                                0x08012f19   Thumb Code    16  usb_port.o(.text.fUSB_Init)
    fUSB_RxFrameCallback                     0x08012f29   Thumb Code    42  port_mapping.o(.text.fUSB_RxFrameCallback)
    fUSB_SendFrame                           0x08012f55   Thumb Code   276  usb_port.o(.text.fUSB_SendFrame)
    fUartPortInit                            0x08013069   Thumb Code    76  uart_port.o(.text.fUartPortInit)
    fUartPortSendFrame                       0x080130b5   Thumb Code   212  uart_port.o(.text.fUartPortSendFrame)
    fUartReviceByte                          0x08013189   Thumb Code   160  uart_port.o(.text.fUartReviceByte)
    fUartRxFrameCallback                     0x08013229   Thumb Code    42  port_mapping.o(.text.fUartRxFrameCallback)
    fVOFA_FloatDataSend                      0x08013255   Thumb Code   134  uart_port.o(.text.fVOFA_FloatDataSend)
    fWeakMagLoopUpdate                       0x080132dd   Thumb Code   160  loop_control.o(.text.fWeakMagLoopUpdate)
    main                                     0x08013381   Thumb Code   102  main.o(.text.main)
    usbRecvByte                              0x080133e9   Thumb Code   222  usb_port.o(.text.usbRecvByte)
    __ARM_fpclassifyf                        0x080134c7   Thumb Code    38  fpclassifyf.o(i.__ARM_fpclassifyf)
    __hardfp_atan2f                          0x080134ed   Thumb Code   594  atan2f.o(i.__hardfp_atan2f)
    __hardfp_expf                            0x08013799   Thumb Code   430  expf.o(i.__hardfp_expf)
    __mathlib_expf                           0x08013799   Thumb Code     0  expf.o(i.__hardfp_expf)
    __hardfp_fmodf                           0x08013985   Thumb Code   176  fmodf.o(i.__hardfp_fmodf)
    __hardfp_tanhf                           0x08013a35   Thumb Code   208  tanhf.o(i.__hardfp_tanhf)
    __mathlib_flt_infnan                     0x08013b19   Thumb Code     6  funder.o(i.__mathlib_flt_infnan)
    __mathlib_flt_infnan2                    0x08013b1f   Thumb Code     6  funder.o(i.__mathlib_flt_infnan2)
    __mathlib_flt_invalid                    0x08013b25   Thumb Code    10  funder.o(i.__mathlib_flt_invalid)
    __mathlib_flt_overflow                   0x08013b35   Thumb Code    10  funder.o(i.__mathlib_flt_overflow)
    __mathlib_flt_underflow                  0x08013b45   Thumb Code    10  funder.o(i.__mathlib_flt_underflow)
    __scatterload_copy                       0x08013b55   Thumb Code    14  handlers.o(i.__scatterload_copy)
    __scatterload_null                       0x08013b63   Thumb Code     2  handlers.o(i.__scatterload_null)
    __scatterload_zeroinit                   0x08013b65   Thumb Code    14  handlers.o(i.__scatterload_zeroinit)
    __set_errno                              0x08013b75   Thumb Code     6  errno.o(i.__set_errno)
    AHBPrescTable                            0x08013bb0   Data          16  system_stm32f4xx.o(.rodata.AHBPrescTable)
    APBPrescTable                            0x08013bc0   Data           8  system_stm32f4xx.o(.rodata.APBPrescTable)
    CHINA_RED                                0x08013bc8   Data           3  rgb.o(.rodata.CHINA_RED)
    KLEIN_BLUE                               0x08013bcb   Data           3  rgb.o(.rodata.KLEIN_BLUE)
    MARS_GREEN                               0x08013bce   Data           3  rgb.o(.rodata.MARS_GREEN)
    ORANGE                                   0x08013bd1   Data           3  rgb.o(.rodata.ORANGE)
    TIFFANY_BLUE                             0x08013bd4   Data           3  rgb.o(.rodata.TIFFANY_BLUE)
    execute                                  0x08013c10   Data           1  port_mapping.o(.rodata.execute)
    sinTable_f32                             0x08013d28   Data        2052  arm_common_tables.o(.rodata.sinTable_f32)
    Region$$Table$$Base                      0x0801452c   Number         0  anon$$obj.o(Region$$Table)
    Region$$Table$$Limit                     0x0801454c   Number         0  anon$$obj.o(Region$$Table)
    uwTickFreq                               0x20000004   Data           1  stm32f4xx_hal.o(.data..L_MergedGlobals)
    uwTickPrio                               0x20000008   Data           4  stm32f4xx_hal.o(.data..L_MergedGlobals)
    FS_Desc                                  0x2000000c   Data          28  usbd_desc.o(.data.FS_Desc)
    SystemCoreClock                          0x20000028   Data           4  system_stm32f4xx.o(.data.SystemCoreClock)
    USBD_CDC                                 0x2000002c   Data          56  usbd_cdc.o(.data.USBD_CDC)
    USBD_FS_DeviceDesc                       0x200000b4   Data          18  usbd_desc.o(.data.USBD_FS_DeviceDesc)
    USBD_Interface_fops_FS                   0x200000c8   Data          20  usbd_cdc_if.o(.data.USBD_Interface_fops_FS)
    USBD_LangIDDesc                          0x200000dc   Data           4  usbd_desc.o(.data.USBD_LangIDDesc)
    USBD_StringSerial                        0x200000e0   Data          26  usbd_desc.o(.data.USBD_StringSerial)
    UsbRxFrame                               0x200000fa   Data         133  usb_port.o(.data.UsbRxFrame)
    UsbTxFrame                               0x2000017f   Data         133  usb_port.o(.data.UsbTxFrame)
    can                                      0x20000204   Data          20  can_port.o(.data.can)
    foc_core                                 0x2000021c   Data          12  foc_core.o(.data.foc_core)
    g_calibration_flag                       0x20000228   Data           1  adc_dr.o(.data.g_calibration_flag)
    g_com_state                              0x2000022c   Data          12  port_mapping.o(.data.g_com_state)
    g_device_status                          0x20000238   Data           4  protection_manager.o(.data.g_device_status)
    g_foc                                    0x2000023c   Data          24  foc_statemachine.o(.data.g_foc)
    g_pro_manager                            0x20000254   Data          52  protection_manager.o(.data.g_pro_manager)
    pFlash                                   0x20000288   Data          32  stm32f4xx_hal_flash.o(.data.pFlash)
    time_while_zero                          0x200002b0   Data           4  main.o(.bss..L_MergedGlobals)
    time_while_T                             0x200002b4   Data           4  main.o(.bss..L_MergedGlobals)
    foc_mode                                 0x200002e4   Data           5  foc_core.o(.bss..L_MergedGlobals)
    Motor                                    0x20000304   Data          40  foc_core.o(.bss..L_MergedGlobals)
    _time_focit_start                        0x2000032c   Data           4  foc_statemachine.o(.bss..L_MergedGlobals)
    _time_focit_end                          0x20000330   Data           4  foc_statemachine.o(.bss..L_MergedGlobals)
    _time_focit_run                          0x20000334   Data           4  foc_statemachine.o(.bss..L_MergedGlobals)
    _time_foc_T                              0x20000338   Data           4  foc_statemachine.o(.bss..L_MergedGlobals)
    I_alpha_lpf                              0x2000033c   Data           8  smo.o(.bss..L_MergedGlobals)
    I_beta_lpf                               0x20000344   Data           8  smo.o(.bss..L_MergedGlobals)
    emf_alpha_lpf                            0x2000034c   Data           8  smo.o(.bss..L_MergedGlobals)
    emf_beta_lpf                             0x20000354   Data           8  smo.o(.bss..L_MergedGlobals)
    omega_lpf                                0x2000035c   Data           8  smo.o(.bss..L_MergedGlobals)
    change_Index                             0x20000364   Data           1  svpwm.o(.bss..L_MergedGlobals)
    svpwm                                    0x20000368   Data          12  svpwm.o(.bss..L_MergedGlobals)
    rs_i_filter                              0x200003e0   Data           8  tune.o(.bss..L_MergedGlobals)
    motor_params                             0x200003e8   Data          52  tune.o(.bss..L_MergedGlobals)
    encoder_ts_us                            0x2000042c   Data           4  encoder.o(.bss..L_MergedGlobals)
    time_zero                                0x20000430   Data           4  encoder.o(.bss..L_MergedGlobals)
    Index                                    0x20000494   Data           8  log.o(.bss..L_MergedGlobals)
    Log                                      0x2000049c   Data          60  log.o(.bss..L_MergedGlobals)
    USBD_StrDesc                             0x20000540   Data         128  usbd_desc.o(.bss.USBD_StrDesc)
    UsartRxFrame_g                           0x200007e0   Data         133  uart_port.o(.bss.UsartRxFrame_g)
    UsartTxFrame_g                           0x20000865   Data         133  uart_port.o(.bss.UsartTxFrame_g)
    UserRxBufferFS                           0x200008ea   Data         512  usbd_cdc_if.o(.bss.UserRxBufferFS)
    UserTxBufferFS                           0x20000aea   Data         512  usbd_cdc_if.o(.bss.UserTxBufferFS)
    _rx                                      0x20000ceb   Data           1  uart_port.o(.bss._rx)
    _tx_data                                 0x20000cf0   Data         133  uart_port.o(.bss._tx_data)
    com_frame                                0x20000d78   Data         152  port_mapping.o(.bss.com_frame)
    foc_val                                  0x20000e10   Data          92  foc_core.o(.bss.foc_val)
    g_Param                                  0x20000e6c   Data         160  parameter_manager.o(.bss.g_Param)
    g_tune_ctx                               0x20000f0c   Data         204  tune.o(.bss.g_tune_ctx)
    hUsbDeviceFS                             0x20000fd8   Data         732  usb_device.o(.bss.hUsbDeviceFS)
    hadc1                                    0x200012b4   Data          72  adc.o(.bss.hadc1)
    hadc2                                    0x200012fc   Data          72  adc.o(.bss.hadc2)
    hcan2                                    0x20001344   Data          40  can.o(.bss.hcan2)
    hdma_adc1                                0x2000136c   Data          96  adc.o(.bss.hdma_adc1)
    hdma_adc2                                0x200013cc   Data          96  adc.o(.bss.hdma_adc2)
    hdma_spi3_rx                             0x2000142c   Data          96  spi.o(.bss.hdma_spi3_rx)
    hdma_spi3_tx                             0x2000148c   Data          96  spi.o(.bss.hdma_spi3_tx)
    hdma_tim4_ch2                            0x200014ec   Data          96  tim.o(.bss.hdma_tim4_ch2)
    hdma_usart1_rx                           0x2000154c   Data          96  usart.o(.bss.hdma_usart1_rx)
    hdma_usart1_tx                           0x200015ac   Data          96  usart.o(.bss.hdma_usart1_tx)
    hpcd_USB_OTG_FS                          0x2000160c   Data        1252  usbd_conf.o(.bss.hpcd_USB_OTG_FS)
    hspi2                                    0x20001af0   Data          88  spi.o(.bss.hspi2)
    hspi3                                    0x20001b48   Data          88  spi.o(.bss.hspi3)
    htim4                                    0x20001ba0   Data          72  tim.o(.bss.htim4)
    htim8                                    0x20001be8   Data          72  tim.o(.bss.htim8)
    huart1                                   0x20001c30   Data          72  usart.o(.bss.huart1)
    loop_con                                 0x20001c78   Data         196  loop_control.o(.bss.loop_con)
    smo                                      0x20001d3c   Data         100  smo.o(.bss.smo)
    system_status                            0x20001da0   Data           1  system_statemachine.o(.bss.system_status)
    uwTick                                   0x20001de4   Data           4  stm32f4xx_hal.o(.bss.uwTick)
    __initial_sp                             0x20002838   Data           0  startup_stm32f405xx.o(STACK)



==============================================================================

Memory Map of the image

  Image Entry point : 0x08004189

  Load Region LR_IROM1 (Base: 0x08004000, Size: 0x00010800, Max: 0x000f0000, ABSOLUTE, COMPRESSED[0x00010668])

    Execution Region ER_IROM1 (Exec base: 0x08004000, Load base: 0x08004000, Size: 0x0001054c, Max: 0x000f0000, ABSOLUTE)

    Exec Addr    Load Addr    Size         Type   Attr      Idx    E Section Name        Object

    0x08004000   0x08004000   0x00000188   Data   RO            3    RESET               startup_stm32f405xx.o
    0x08004188   0x08004188   0x00000000   Code   RO         2577  * .ARM.Collect$$$$00000000  mc_w.l(entry.o)
    0x08004188   0x08004188   0x00000004   Code   RO         2625    .ARM.Collect$$$$00000001  mc_w.l(entry2.o)
    0x0800418c   0x0800418c   0x00000004   Code   RO         2628    .ARM.Collect$$$$00000004  mc_w.l(entry5.o)
    0x08004190   0x08004190   0x00000000   Code   RO         2630    .ARM.Collect$$$$00000008  mc_w.l(entry7b.o)
    0x08004190   0x08004190   0x00000000   Code   RO         2632    .ARM.Collect$$$$0000000A  mc_w.l(entry8b.o)
    0x08004190   0x08004190   0x00000008   Code   RO         2633    .ARM.Collect$$$$0000000B  mc_w.l(entry9a.o)
    0x08004198   0x08004198   0x00000000   Code   RO         2635    .ARM.Collect$$$$0000000D  mc_w.l(entry10a.o)
    0x08004198   0x08004198   0x00000000   Code   RO         2637    .ARM.Collect$$$$0000000F  mc_w.l(entry11a.o)
    0x08004198   0x08004198   0x00000004   Code   RO         2626    .ARM.Collect$$$$00002712  mc_w.l(entry2.o)
    0x0800419c   0x0800419c   0x00000024   Code   RO            4    .text               startup_stm32f405xx.o
    0x080041c0   0x080041c0   0x00000062   Code   RO         2580    .text               mc_w.l(uldiv.o)
    0x08004222   0x08004222   0x00000024   Code   RO         2582    .text               mc_w.l(memcpya.o)
    0x08004246   0x08004246   0x00000024   Code   RO         2584    .text               mc_w.l(memseta.o)
    0x0800426a   0x0800426a   0x0000000e   Code   RO         2586    .text               mc_w.l(strlen.o)
    0x08004278   0x08004278   0x0000014e   Code   RO         2590    .text               mf_w.l(dadd.o)
    0x080043c6   0x080043c6   0x000000e4   Code   RO         2592    .text               mf_w.l(dmul.o)
    0x080044aa   0x080044aa   0x00000036   Code   RO         2594    .text               mf_w.l(dcmplt.o)
    0x080044e0   0x080044e0   0x0000001a   Code   RO         2596    .text               mf_w.l(dfltui.o)
    0x080044fa   0x080044fa   0x00000026   Code   RO         2598    .text               mf_w.l(f2d.o)
    0x08004520   0x08004520   0x00000038   Code   RO         2600    .text               mf_w.l(d2f.o)
    0x08004558   0x08004558   0x0000001e   Code   RO         2639    .text               mc_w.l(llshl.o)
    0x08004576   0x08004576   0x00000020   Code   RO         2641    .text               mc_w.l(llushr.o)
    0x08004596   0x08004596   0x00000024   Code   RO         2643    .text               mc_w.l(llsshr.o)
    0x080045ba   0x080045ba   0x00000000   Code   RO         2652    .text               mc_w.l(iusefp.o)
    0x080045ba   0x080045ba   0x0000006e   Code   RO         2653    .text               mf_w.l(fepilogue.o)
    0x08004628   0x08004628   0x00000052   Code   RO         2655    .text               mf_w.l(frem.o)
    0x0800467a   0x0800467a   0x000000ba   Code   RO         2657    .text               mf_w.l(depilogue.o)
    0x08004734   0x08004734   0x00000030   Code   RO         2659    .text               mc_w.l(init.o)
    0x08004764   0x08004764   0x0000003a   Code   RO         2669    .text               mc_w.l(__dczerorl.o)
    0x0800479e   0x0800479e   0x00000002   PAD
    0x080047a0   0x080047a0   0x0000006e   Code   RO          808    .text.ADC_DMAConvCplt  stm32f4xx_hal_adc.o
    0x0800480e   0x0800480e   0x00000002   PAD
    0x08004810   0x08004810   0x00000012   Code   RO          812    .text.ADC_DMAError  stm32f4xx_hal_adc.o
    0x08004822   0x08004822   0x00000002   PAD
    0x08004824   0x08004824   0x00000006   Code   RO          810    .text.ADC_DMAHalfConvCplt  stm32f4xx_hal_adc.o
    0x0800482a   0x0800482a   0x00000002   PAD
    0x0800482c   0x0800482c   0x0000029e   Code   RO         2159    .text.BuildStream   rgb.o
    0x08004aca   0x08004aca   0x00000002   PAD
    0x08004acc   0x08004acc   0x00000002   Code   RO          144    .text.BusFault_Handler  stm32f4xx_it.o
    0x08004ace   0x08004ace   0x00000002   PAD
    0x08004ad0   0x08004ad0   0x0000000c   Code   RO          172    .text.CAN2_RX0_IRQHandler  stm32f4xx_it.o
    0x08004adc   0x08004adc   0x00000004   Code   RO         1564    .text.CDC_Control_FS  usbd_cdc_if.o
    0x08004ae0   0x08004ae0   0x00000004   Code   RO         1562    .text.CDC_DeInit_FS  usbd_cdc_if.o
    0x08004ae4   0x08004ae4   0x0000002c   Code   RO         1560    .text.CDC_Init_FS   usbd_cdc_if.o
    0x08004b10   0x08004b10   0x00000022   Code   RO         1566    .text.CDC_Receive_FS  usbd_cdc_if.o
    0x08004b32   0x08004b32   0x00000002   PAD
    0x08004b34   0x08004b34   0x00000004   Code   RO         1568    .text.CDC_TransmitCplt_FS  usbd_cdc_if.o
    0x08004b38   0x08004b38   0x00000036   Code   RO         1570    .text.CDC_Transmit_FS  usbd_cdc_if.o
    0x08004b6e   0x08004b6e   0x00000002   PAD
    0x08004b70   0x08004b70   0x0000005c   Code   RO         2032    .text.DISABLE_PWM   svpwm.o
    0x08004bcc   0x08004bcc   0x0000000c   Code   RO          156    .text.DMA1_Stream0_IRQHandler  stm32f4xx_it.o
    0x08004bd8   0x08004bd8   0x0000000c   Code   RO          158    .text.DMA1_Stream3_IRQHandler  stm32f4xx_it.o
    0x08004be4   0x08004be4   0x0000000c   Code   RO          160    .text.DMA1_Stream5_IRQHandler  stm32f4xx_it.o
    0x08004bf0   0x08004bf0   0x0000000c   Code   RO          168    .text.DMA2_Stream0_IRQHandler  stm32f4xx_it.o
    0x08004bfc   0x08004bfc   0x0000000c   Code   RO          170    .text.DMA2_Stream2_IRQHandler  stm32f4xx_it.o
    0x08004c08   0x08004c08   0x0000000c   Code   RO          176    .text.DMA2_Stream5_IRQHandler  stm32f4xx_it.o
    0x08004c14   0x08004c14   0x0000000c   Code   RO          178    .text.DMA2_Stream7_IRQHandler  stm32f4xx_it.o
    0x08004c20   0x08004c20   0x00000002   Code   RO          150    .text.DebugMon_Handler  stm32f4xx_it.o
    0x08004c22   0x08004c22   0x00000002   PAD
    0x08004c24   0x08004c24   0x0000005c   Code   RO         2034    .text.ENABLE_PWM    svpwm.o
    0x08004c80   0x08004c80   0x00000008   Code   RO           15    .text.Error_Handler  main.o
    0x08004c88   0x08004c88   0x000000fa   Code   RO          451    .text.FLASH_WaitForLastOperation  stm32f4xx_hal_flash.o
    0x08004d82   0x08004d82   0x00000002   PAD
    0x08004d84   0x08004d84   0x00000144   Code   RO          820    .text.HAL_ADC_ConfigChannel  stm32f4xx_hal_adc.o
    0x08004ec8   0x08004ec8   0x00000002   Code   RO          800    .text.HAL_ADC_ConvCpltCallback  stm32f4xx_hal_adc.o
    0x08004eca   0x08004eca   0x00000002   PAD
    0x08004ecc   0x08004ecc   0x00000002   Code   RO          818    .text.HAL_ADC_ConvHalfCpltCallback  stm32f4xx_hal_adc.o
    0x08004ece   0x08004ece   0x00000002   PAD
    0x08004ed0   0x08004ed0   0x00000002   Code   RO          804    .text.HAL_ADC_ErrorCallback  stm32f4xx_hal_adc.o
    0x08004ed2   0x08004ed2   0x00000002   PAD
    0x08004ed4   0x08004ed4   0x0000015c   Code   RO          778    .text.HAL_ADC_Init  stm32f4xx_hal_adc.o
    0x08005030   0x08005030   0x00000140   Code   RO           40    .text.HAL_ADC_MspInit  adc.o
    0x08005170   0x08005170   0x000001a2   Code   RO          806    .text.HAL_ADC_Start_DMA  stm32f4xx_hal_adc.o
    0x08005312   0x08005312   0x00000002   PAD
    0x08005314   0x08005314   0x0000002e   Code   RO          908    .text.HAL_CAN_ActivateNotification  stm32f4xx_hal_can.o
    0x08005342   0x08005342   0x00000002   PAD
    0x08005344   0x08005344   0x000000a4   Code   RO          894    .text.HAL_CAN_AddTxMessage  stm32f4xx_hal_can.o
    0x080053e8   0x080053e8   0x000000de   Code   RO          884    .text.HAL_CAN_ConfigFilter  stm32f4xx_hal_can.o
    0x080054c6   0x080054c6   0x00000002   PAD
    0x080054c8   0x080054c8   0x00000002   Code   RO          938    .text.HAL_CAN_ErrorCallback  stm32f4xx_hal_can.o
    0x080054ca   0x080054ca   0x00000002   PAD
    0x080054cc   0x080054cc   0x0000012e   Code   RO          904    .text.HAL_CAN_GetRxMessage  stm32f4xx_hal_can.o
    0x080055fa   0x080055fa   0x00000002   PAD
    0x080055fc   0x080055fc   0x00000028   Code   RO          898    .text.HAL_CAN_GetTxMailboxesFreeLevel  stm32f4xx_hal_can.o
    0x08005624   0x08005624   0x0000025e   Code   RO          912    .text.HAL_CAN_IRQHandler  stm32f4xx_hal_can.o
    0x08005882   0x08005882   0x00000002   PAD
    0x08005884   0x08005884   0x000000f4   Code   RO          874    .text.HAL_CAN_Init  stm32f4xx_hal_can.o
    0x08005978   0x08005978   0x000000c6   Code   RO           58    .text.HAL_CAN_MspInit  can.o
    0x08005a3e   0x08005a3e   0x00000002   PAD
    0x08005a40   0x08005a40   0x00000002   Code   RO          926    .text.HAL_CAN_RxFifo0FullCallback  stm32f4xx_hal_can.o
    0x08005a42   0x08005a42   0x00000002   PAD
    0x08005a44   0x08005a44   0x000000a4   Code   RO         1803    .text.HAL_CAN_RxFifo0MsgPendingCallback  can_port.o
    0x08005ae8   0x08005ae8   0x00000002   Code   RO          930    .text.HAL_CAN_RxFifo1FullCallback  stm32f4xx_hal_can.o
    0x08005aea   0x08005aea   0x00000002   PAD
    0x08005aec   0x08005aec   0x00000002   Code   RO          932    .text.HAL_CAN_RxFifo1MsgPendingCallback  stm32f4xx_hal_can.o
    0x08005aee   0x08005aee   0x00000002   PAD
    0x08005af0   0x08005af0   0x00000002   Code   RO          934    .text.HAL_CAN_SleepCallback  stm32f4xx_hal_can.o
    0x08005af2   0x08005af2   0x00000002   PAD
    0x08005af4   0x08005af4   0x0000005a   Code   RO          886    .text.HAL_CAN_Start  stm32f4xx_hal_can.o
    0x08005b4e   0x08005b4e   0x00000002   PAD
    0x08005b50   0x08005b50   0x0000005e   Code   RO          880    .text.HAL_CAN_Stop  stm32f4xx_hal_can.o
    0x08005bae   0x08005bae   0x00000002   PAD
    0x08005bb0   0x08005bb0   0x00000002   Code   RO          916    .text.HAL_CAN_TxMailbox0AbortCallback  stm32f4xx_hal_can.o
    0x08005bb2   0x08005bb2   0x00000002   PAD
    0x08005bb4   0x08005bb4   0x00000002   Code   RO          914    .text.HAL_CAN_TxMailbox0CompleteCallback  stm32f4xx_hal_can.o
    0x08005bb6   0x08005bb6   0x00000002   PAD
    0x08005bb8   0x08005bb8   0x00000002   Code   RO          920    .text.HAL_CAN_TxMailbox1AbortCallback  stm32f4xx_hal_can.o
    0x08005bba   0x08005bba   0x00000002   PAD
    0x08005bbc   0x08005bbc   0x00000002   Code   RO          918    .text.HAL_CAN_TxMailbox1CompleteCallback  stm32f4xx_hal_can.o
    0x08005bbe   0x08005bbe   0x00000002   PAD
    0x08005bc0   0x08005bc0   0x00000002   Code   RO          924    .text.HAL_CAN_TxMailbox2AbortCallback  stm32f4xx_hal_can.o
    0x08005bc2   0x08005bc2   0x00000002   PAD
    0x08005bc4   0x08005bc4   0x00000002   Code   RO          922    .text.HAL_CAN_TxMailbox2CompleteCallback  stm32f4xx_hal_can.o
    0x08005bc6   0x08005bc6   0x00000002   PAD
    0x08005bc8   0x08005bc8   0x00000002   Code   RO          936    .text.HAL_CAN_WakeUpFromRxMsgCallback  stm32f4xx_hal_can.o
    0x08005bca   0x08005bca   0x00000002   PAD
    0x08005bcc   0x08005bcc   0x0000008e   Code   RO          549    .text.HAL_DMA_Abort  stm32f4xx_hal_dma.o
    0x08005c5a   0x08005c5a   0x00000002   PAD
    0x08005c5c   0x08005c5c   0x00000024   Code   RO          551    .text.HAL_DMA_Abort_IT  stm32f4xx_hal_dma.o
    0x08005c80   0x08005c80   0x000001c4   Code   RO          555    .text.HAL_DMA_IRQHandler  stm32f4xx_hal_dma.o
    0x08005e44   0x08005e44   0x00000162   Code   RO          541    .text.HAL_DMA_Init  stm32f4xx_hal_dma.o
    0x08005fa6   0x08005fa6   0x00000002   PAD
    0x08005fa8   0x08005fa8   0x000000a2   Code   RO          547    .text.HAL_DMA_Start_IT  stm32f4xx_hal_dma.o
    0x0800604a   0x0800604a   0x00000002   PAD
    0x0800604c   0x0800604c   0x00000028   Code   RO          708    .text.HAL_Delay     stm32f4xx_hal.o
    0x08006074   0x08006074   0x0000018a   Code   RO          482    .text.HAL_FLASHEx_Erase  stm32f4xx_hal_flash_ex.o
    0x080061fe   0x080061fe   0x00000002   PAD
    0x08006200   0x08006200   0x00000014   Code   RO          463    .text.HAL_FLASH_Lock  stm32f4xx_hal_flash.o
    0x08006214   0x08006214   0x000000da   Code   RO          449    .text.HAL_FLASH_Program  stm32f4xx_hal_flash.o
    0x080062ee   0x080062ee   0x00000002   PAD
    0x080062f0   0x080062f0   0x0000002e   Code   RO          461    .text.HAL_FLASH_Unlock  stm32f4xx_hal_flash.o
    0x0800631e   0x0800631e   0x00000002   PAD
    0x08006320   0x08006320   0x0000019e   Code   RO          503    .text.HAL_GPIO_Init  stm32f4xx_hal_gpio.o
    0x080064be   0x080064be   0x00000002   PAD
    0x080064c0   0x080064c0   0x00000010   Code   RO          511    .text.HAL_GPIO_TogglePin  stm32f4xx_hal_gpio.o
    0x080064d0   0x080064d0   0x0000000a   Code   RO          509    .text.HAL_GPIO_WritePin  stm32f4xx_hal_gpio.o
    0x080064da   0x080064da   0x00000002   PAD
    0x080064dc   0x080064dc   0x0000000c   Code   RO          700    .text.HAL_GetTick   stm32f4xx_hal.o
    0x080064e8   0x080064e8   0x0000002e   Code   RO         2356    .text.HAL_GetTick_us  math_fast.o
    0x08006516   0x08006516   0x00000002   PAD
    0x08006518   0x08006518   0x0000001a   Code   RO          698    .text.HAL_IncTick   stm32f4xx_hal.o
    0x08006532   0x08006532   0x00000002   PAD
    0x08006534   0x08006534   0x00000036   Code   RO          688    .text.HAL_Init      stm32f4xx_hal.o
    0x0800656a   0x0800656a   0x00000002   PAD
    0x0800656c   0x0800656c   0x00000048   Code   RO          690    .text.HAL_InitTick  stm32f4xx_hal.o
    0x080065b4   0x080065b4   0x0000003c   Code   RO          187    .text.HAL_MspInit   stm32f4xx_hal_msp.o
    0x080065f0   0x080065f0   0x00000022   Code   RO          640    .text.HAL_NVIC_EnableIRQ  stm32f4xx_hal_cortex.o
    0x08006612   0x08006612   0x00000002   PAD
    0x08006614   0x08006614   0x00000056   Code   RO          638    .text.HAL_NVIC_SetPriority  stm32f4xx_hal_cortex.o
    0x0800666a   0x0800666a   0x00000002   PAD
    0x0800666c   0x0800666c   0x00000020   Code   RO          636    .text.HAL_NVIC_SetPriorityGrouping  stm32f4xx_hal_cortex.o
    0x0800668c   0x0800668c   0x00000002   Code   RO          277    .text.HAL_PCDEx_LPM_Callback  stm32f4xx_hal_pcd_ex.o
    0x0800668e   0x0800668e   0x00000002   PAD
    0x08006690   0x08006690   0x00000008   Code   RO          275    .text.HAL_PCDEx_SetRxFiFo  stm32f4xx_hal_pcd_ex.o
    0x08006698   0x08006698   0x000000ce   Code   RO          273    .text.HAL_PCDEx_SetTxFiFo  stm32f4xx_hal_pcd_ex.o
    0x08006766   0x08006766   0x00000002   PAD
    0x08006768   0x08006768   0x00000008   Code   RO         1605    .text.HAL_PCD_ConnectCallback  usbd_conf.o
    0x08006770   0x08006770   0x00000014   Code   RO         1591    .text.HAL_PCD_DataInStageCallback  usbd_conf.o
    0x08006784   0x08006784   0x00000016   Code   RO         1589    .text.HAL_PCD_DataOutStageCallback  usbd_conf.o
    0x0800679a   0x0800679a   0x00000002   PAD
    0x0800679c   0x0800679c   0x00000008   Code   RO         1607    .text.HAL_PCD_DisconnectCallback  usbd_conf.o
    0x080067a4   0x080067a4   0x0000004e   Code   RO          243    .text.HAL_PCD_EP_Close  stm32f4xx_hal_pcd.o
    0x080067f2   0x080067f2   0x00000002   PAD
    0x080067f4   0x080067f4   0x00000060   Code   RO          253    .text.HAL_PCD_EP_ClrStall  stm32f4xx_hal_pcd.o
    0x08006854   0x08006854   0x00000012   Code   RO          247    .text.HAL_PCD_EP_GetRxCount  stm32f4xx_hal_pcd.o
    0x08006866   0x08006866   0x00000002   PAD
    0x08006868   0x08006868   0x00000074   Code   RO          241    .text.HAL_PCD_EP_Open  stm32f4xx_hal_pcd.o
    0x080068dc   0x080068dc   0x00000042   Code   RO          245    .text.HAL_PCD_EP_Receive  stm32f4xx_hal_pcd.o
    0x0800691e   0x0800691e   0x00000002   PAD
    0x08006920   0x08006920   0x0000006e   Code   RO          251    .text.HAL_PCD_EP_SetStall  stm32f4xx_hal_pcd.o
    0x0800698e   0x0800698e   0x00000002   PAD
    0x08006990   0x08006990   0x0000003a   Code   RO          249    .text.HAL_PCD_EP_Transmit  stm32f4xx_hal_pcd.o
    0x080069ca   0x080069ca   0x00000002   PAD
    0x080069cc   0x080069cc   0x000008fe   Code   RO          207    .text.HAL_PCD_IRQHandler  stm32f4xx_hal_pcd.o
    0x080072ca   0x080072ca   0x00000002   PAD
    0x080072cc   0x080072cc   0x00000008   Code   RO         1603    .text.HAL_PCD_ISOINIncompleteCallback  usbd_conf.o
    0x080072d4   0x080072d4   0x00000008   Code   RO         1601    .text.HAL_PCD_ISOOUTIncompleteCallback  usbd_conf.o
    0x080072dc   0x080072dc   0x0000026e   Code   RO          195    .text.HAL_PCD_Init  stm32f4xx_hal_pcd.o
    0x0800754a   0x0800754a   0x00000002   PAD
    0x0800754c   0x0800754c   0x00000088   Code   RO         1583    .text.HAL_PCD_MspInit  usbd_conf.o
    0x080075d4   0x080075d4   0x0000002a   Code   RO         1595    .text.HAL_PCD_ResetCallback  usbd_conf.o
    0x080075fe   0x080075fe   0x00000002   PAD
    0x08007600   0x08007600   0x00000008   Code   RO         1599    .text.HAL_PCD_ResumeCallback  usbd_conf.o
    0x08007608   0x08007608   0x00000008   Code   RO         1593    .text.HAL_PCD_SOFCallback  usbd_conf.o
    0x08007610   0x08007610   0x00000028   Code   RO          239    .text.HAL_PCD_SetAddress  stm32f4xx_hal_pcd.o
    0x08007638   0x08007638   0x0000000e   Code   RO         1587    .text.HAL_PCD_SetupStageCallback  usbd_conf.o
    0x08007646   0x08007646   0x00000002   PAD
    0x08007648   0x08007648   0x0000003e   Code   RO          203    .text.HAL_PCD_Start  stm32f4xx_hal_pcd.o
    0x08007686   0x08007686   0x00000002   PAD
    0x08007688   0x08007688   0x00000034   Code   RO         1597    .text.HAL_PCD_SuspendCallback  usbd_conf.o
    0x080076bc   0x080076bc   0x00000164   Code   RO          397    .text.HAL_RCC_ClockConfig  stm32f4xx_hal_rcc.o
    0x08007820   0x08007820   0x0000000c   Code   RO          407    .text.HAL_RCC_GetHCLKFreq  stm32f4xx_hal_rcc.o
    0x0800782c   0x0800782c   0x00000026   Code   RO          409    .text.HAL_RCC_GetPCLK1Freq  stm32f4xx_hal_rcc.o
    0x08007852   0x08007852   0x00000002   PAD
    0x08007854   0x08007854   0x00000026   Code   RO          411    .text.HAL_RCC_GetPCLK2Freq  stm32f4xx_hal_rcc.o
    0x0800787a   0x0800787a   0x00000002   PAD
    0x0800787c   0x0800787c   0x0000006a   Code   RO          399    .text.HAL_RCC_GetSysClockFreq  stm32f4xx_hal_rcc.o
    0x080078e6   0x080078e6   0x00000002   PAD
    0x080078e8   0x080078e8   0x000003ac   Code   RO          395    .text.HAL_RCC_OscConfig  stm32f4xx_hal_rcc.o
    0x08007c94   0x08007c94   0x000001e0   Code   RO         1010    .text.HAL_SPI_Abort  stm32f4xx_hal_spi.o
    0x08007e74   0x08007e74   0x0000006c   Code   RO         2113    .text.HAL_SPI_ErrorCallback  encoder.o
    0x08007ee0   0x08007ee0   0x00000006   Code   RO         1048    .text.HAL_SPI_GetState  stm32f4xx_hal_spi.o
    0x08007ee6   0x08007ee6   0x00000002   PAD
    0x08007ee8   0x08007ee8   0x0000012e   Code   RO         1030    .text.HAL_SPI_IRQHandler  stm32f4xx_hal_spi.o
    0x08008016   0x08008016   0x00000002   PAD
    0x08008018   0x08008018   0x000000b0   Code   RO          954    .text.HAL_SPI_Init  stm32f4xx_hal_spi.o
    0x080080c8   0x080080c8   0x0000018c   Code   RO           84    .text.HAL_SPI_MspInit  spi.o
    0x08008254   0x08008254   0x00000200   Code   RO          964    .text.HAL_SPI_Receive  stm32f4xx_hal_spi.o
    0x08008454   0x08008454   0x00000002   Code   RO         1038    .text.HAL_SPI_RxCpltCallback  stm32f4xx_hal_spi.o
    0x08008456   0x08008456   0x00000002   PAD
    0x08008458   0x08008458   0x00000002   Code   RO         1044    .text.HAL_SPI_RxHalfCpltCallback  stm32f4xx_hal_spi.o
    0x0800845a   0x0800845a   0x00000002   PAD
    0x0800845c   0x0800845c   0x0000027a   Code   RO          962    .text.HAL_SPI_Transmit  stm32f4xx_hal_spi.o
    0x080086d6   0x080086d6   0x00000002   PAD
    0x080086d8   0x080086d8   0x00000346   Code   RO          966    .text.HAL_SPI_TransmitReceive  stm32f4xx_hal_spi.o
    0x08008a1e   0x08008a1e   0x00000002   PAD
    0x08008a20   0x08008a20   0x00000132   Code   RO         1000    .text.HAL_SPI_TransmitReceive_DMA  stm32f4xx_hal_spi.o
    0x08008b52   0x08008b52   0x00000002   PAD
    0x08008b54   0x08008b54   0x000000ea   Code   RO         2111    .text.HAL_SPI_TxRxCpltCallback  encoder.o
    0x08008c3e   0x08008c3e   0x00000002   PAD
    0x08008c40   0x08008c40   0x00000002   Code   RO         1046    .text.HAL_SPI_TxRxHalfCpltCallback  stm32f4xx_hal_spi.o
    0x08008c42   0x08008c42   0x00000002   PAD
    0x08008c44   0x08008c44   0x0000002c   Code   RO          648    .text.HAL_SYSTICK_Config  stm32f4xx_hal_cortex.o
    0x08008c70   0x08008c70   0x00000002   Code   RO         1373    .text.HAL_TIMEx_BreakCallback  stm32f4xx_hal_tim_ex.o
    0x08008c72   0x08008c72   0x00000002   PAD
    0x08008c74   0x08008c74   0x00000002   Code   RO         1369    .text.HAL_TIMEx_CommutCallback  stm32f4xx_hal_tim_ex.o
    0x08008c76   0x08008c76   0x00000002   PAD
    0x08008c78   0x08008c78   0x0000004c   Code   RO         1365    .text.HAL_TIMEx_ConfigBreakDeadTime  stm32f4xx_hal_tim_ex.o
    0x08008cc4   0x08008cc4   0x000000ba   Code   RO         1363    .text.HAL_TIMEx_MasterConfigSynchronization  stm32f4xx_hal_tim_ex.o
    0x08008d7e   0x08008d7e   0x00000002   PAD
    0x08008d80   0x08008d80   0x000000fe   Code   RO         1333    .text.HAL_TIMEx_PWMN_Start  stm32f4xx_hal_tim_ex.o
    0x08008e7e   0x08008e7e   0x00000002   PAD
    0x08008e80   0x08008e80   0x00000092   Code   RO         1335    .text.HAL_TIMEx_PWMN_Stop  stm32f4xx_hal_tim_ex.o
    0x08008f12   0x08008f12   0x00000002   PAD
    0x08008f14   0x08008f14   0x0000005a   Code   RO         1068    .text.HAL_TIM_Base_Init  stm32f4xx_hal_tim.o
    0x08008f6e   0x08008f6e   0x00000002   PAD
    0x08008f70   0x08008f70   0x000000c4   Code   RO          106    .text.HAL_TIM_Base_MspInit  tim.o
    0x08009034   0x08009034   0x000000aa   Code   RO         1082    .text.HAL_TIM_Base_Start_IT  stm32f4xx_hal_tim.o
    0x080090de   0x080090de   0x00000002   PAD
    0x080090e0   0x080090e0   0x000001a0   Code   RO         1248    .text.HAL_TIM_ConfigClockSource  stm32f4xx_hal_tim.o
    0x08009280   0x08009280   0x00000002   Code   RO         1268    .text.HAL_TIM_ErrorCallback  stm32f4xx_hal_tim.o
    0x08009282   0x08009282   0x00000002   PAD
    0x08009284   0x08009284   0x00000002   Code   RO         1204    .text.HAL_TIM_IC_CaptureCallback  stm32f4xx_hal_tim.o
    0x08009286   0x08009286   0x00000002   PAD
    0x08009288   0x08009288   0x0000014e   Code   RO         1202    .text.HAL_TIM_IRQHandler  stm32f4xx_hal_tim.o
    0x080093d6   0x080093d6   0x00000002   PAD
    0x080093d8   0x080093d8   0x000000fe   Code   RO          102    .text.HAL_TIM_MspPostInit  tim.o
    0x080094d6   0x080094d6   0x00000002   PAD
    0x080094d8   0x080094d8   0x00000002   Code   RO         1206    .text.HAL_TIM_OC_DelayElapsedCallback  stm32f4xx_hal_tim.o
    0x080094da   0x080094da   0x00000002   PAD
    0x080094dc   0x080094dc   0x00000220   Code   RO         1222    .text.HAL_TIM_PWM_ConfigChannel  stm32f4xx_hal_tim.o
    0x080096fc   0x080096fc   0x0000005a   Code   RO         1122    .text.HAL_TIM_PWM_Init  stm32f4xx_hal_tim.o
    0x08009756   0x08009756   0x00000002   PAD
    0x08009758   0x08009758   0x00000002   Code   RO         1124    .text.HAL_TIM_PWM_MspInit  stm32f4xx_hal_tim.o
    0x0800975a   0x0800975a   0x00000002   PAD
    0x0800975c   0x0800975c   0x00000024   Code   RO         2165    .text.HAL_TIM_PWM_PulseFinishedCallback  rgb.o
    0x08009780   0x08009780   0x00000002   Code   RO         1264    .text.HAL_TIM_PWM_PulseFinishedHalfCpltCallback  stm32f4xx_hal_tim.o
    0x08009782   0x08009782   0x00000002   PAD
    0x08009784   0x08009784   0x0000010e   Code   RO         1130    .text.HAL_TIM_PWM_Start  stm32f4xx_hal_tim.o
    0x08009892   0x08009892   0x00000002   PAD
    0x08009894   0x08009894   0x0000027a   Code   RO         1138    .text.HAL_TIM_PWM_Start_DMA  stm32f4xx_hal_tim.o
    0x08009b0e   0x08009b0e   0x00000002   PAD
    0x08009b10   0x08009b10   0x000000aa   Code   RO         1132    .text.HAL_TIM_PWM_Stop  stm32f4xx_hal_tim.o
    0x08009bba   0x08009bba   0x00000002   PAD
    0x08009bbc   0x08009bbc   0x000000ba   Code   RO         1140    .text.HAL_TIM_PWM_Stop_DMA  stm32f4xx_hal_tim.o
    0x08009c76   0x08009c76   0x00000002   PAD
    0x08009c78   0x08009c78   0x00000048   Code   RO         1955    .text.HAL_TIM_PeriodElapsedCallback  foc_statemachine.o
    0x08009cc0   0x08009cc0   0x00000002   Code   RO         1212    .text.HAL_TIM_TriggerCallback  stm32f4xx_hal_tim.o
    0x08009cc2   0x08009cc2   0x00000002   PAD
    0x08009cc4   0x08009cc4   0x00000002   Code   RO         1473    .text.HAL_UARTEx_RxEventCallback  stm32f4xx_hal_uart.o
    0x08009cc6   0x08009cc6   0x00000002   PAD
    0x08009cc8   0x08009cc8   0x00000002   Code   RO         1471    .text.HAL_UART_ErrorCallback  stm32f4xx_hal_uart.o
    0x08009cca   0x08009cca   0x00000002   PAD
    0x08009ccc   0x08009ccc   0x00000594   Code   RO         1465    .text.HAL_UART_IRQHandler  stm32f4xx_hal_uart.o
    0x0800a260   0x0800a260   0x00000060   Code   RO         1387    .text.HAL_UART_Init  stm32f4xx_hal_uart.o
    0x0800a2c0   0x0800a2c0   0x00000102   Code   RO          123    .text.HAL_UART_MspInit  usart.o
    0x0800a3c2   0x0800a3c2   0x00000002   PAD
    0x0800a3c4   0x0800a3c4   0x00000180   Code   RO         1421    .text.HAL_UART_Receive_DMA  stm32f4xx_hal_uart.o
    0x0800a544   0x0800a544   0x0000001c   Code   RO         1877    .text.HAL_UART_RxCpltCallback  uart_port.o
    0x0800a560   0x0800a560   0x00000002   Code   RO         1481    .text.HAL_UART_RxHalfCpltCallback  stm32f4xx_hal_uart.o
    0x0800a562   0x0800a562   0x00000002   PAD
    0x0800a564   0x0800a564   0x000000d4   Code   RO         1413    .text.HAL_UART_Transmit_DMA  stm32f4xx_hal_uart.o
    0x0800a638   0x0800a638   0x00000002   Code   RO         1475    .text.HAL_UART_TxCpltCallback  stm32f4xx_hal_uart.o
    0x0800a63a   0x0800a63a   0x00000002   PAD
    0x0800a63c   0x0800a63c   0x00000002   Code   RO         1477    .text.HAL_UART_TxHalfCpltCallback  stm32f4xx_hal_uart.o
    0x0800a63e   0x0800a63e   0x00000002   PAD
    0x0800a640   0x0800a640   0x00000032   Code   RO         2067    .text.HFI_Init      hfi.o
    0x0800a672   0x0800a672   0x00000002   PAD
    0x0800a674   0x0800a674   0x00000198   Code   RO         2069    .text.HFI_Step      hfi.o
    0x0800a80c   0x0800a80c   0x00000002   Code   RO          140    .text.HardFault_Handler  stm32f4xx_it.o
    0x0800a80e   0x0800a80e   0x00000002   PAD
    0x0800a810   0x0800a810   0x000000aa   Code   RO           36    .text.MX_ADC1_Init  adc.o
    0x0800a8ba   0x0800a8ba   0x00000002   PAD
    0x0800a8bc   0x0800a8bc   0x00000092   Code   RO           38    .text.MX_ADC2_Init  adc.o
    0x0800a94e   0x0800a94e   0x00000002   PAD
    0x0800a950   0x0800a950   0x00000040   Code   RO           56    .text.MX_CAN2_Init  can.o
    0x0800a990   0x0800a990   0x000000ac   Code   RO           71    .text.MX_DMA_Init   dma.o
    0x0800aa3c   0x0800aa3c   0x00000158   Code   RO           27    .text.MX_GPIO_Init  gpio.o
    0x0800ab94   0x0800ab94   0x00000052   Code   RO           80    .text.MX_SPI2_Init  spi.o
    0x0800abe6   0x0800abe6   0x00000002   PAD
    0x0800abe8   0x0800abe8   0x0000004e   Code   RO           82    .text.MX_SPI3_Init  spi.o
    0x0800ac36   0x0800ac36   0x00000002   PAD
    0x0800ac38   0x0800ac38   0x000000c6   Code   RO          100    .text.MX_TIM4_Init  tim.o
    0x0800acfe   0x0800acfe   0x00000002   PAD
    0x0800ad00   0x0800ad00   0x00000160   Code   RO          104    .text.MX_TIM8_Init  tim.o
    0x0800ae60   0x0800ae60   0x0000003c   Code   RO          121    .text.MX_USART1_UART_Init  usart.o
    0x0800ae9c   0x0800ae9c   0x00000072   Code   RO         1524    .text.MX_USB_DEVICE_Init  usb_device.o
    0x0800af0e   0x0800af0e   0x00000002   PAD
    0x0800af10   0x0800af10   0x00000002   Code   RO          142    .text.MemManage_Handler  stm32f4xx_it.o
    0x0800af12   0x0800af12   0x00000002   PAD
    0x0800af14   0x0800af14   0x00000002   Code   RO          138    .text.NMI_Handler   stm32f4xx_it.o
    0x0800af16   0x0800af16   0x00000002   PAD
    0x0800af18   0x0800af18   0x0000000c   Code   RO          174    .text.OTG_FS_IRQHandler  stm32f4xx_it.o
    0x0800af24   0x0800af24   0x00000002   Code   RO          152    .text.PendSV_Handler  stm32f4xx_it.o
    0x0800af26   0x0800af26   0x00000002   PAD
    0x0800af28   0x0800af28   0x0000000c   Code   RO          166    .text.SPI3_IRQHandler  stm32f4xx_it.o
    0x0800af34   0x0800af34   0x0000009a   Code   RO         1014    .text.SPI_AbortRx_ISR  stm32f4xx_hal_spi.o
    0x0800afce   0x0800afce   0x00000002   PAD
    0x0800afd0   0x0800afd0   0x0000001a   Code   RO         1012    .text.SPI_AbortTx_ISR  stm32f4xx_hal_spi.o
    0x0800afea   0x0800afea   0x00000002   PAD
    0x0800afec   0x0800afec   0x0000000c   Code   RO         1032    .text.SPI_DMAAbortOnError  stm32f4xx_hal_spi.o
    0x0800aff8   0x0800aff8   0x0000001e   Code   RO          996    .text.SPI_DMAError  stm32f4xx_hal_spi.o
    0x0800b016   0x0800b016   0x00000002   PAD
    0x0800b018   0x0800b018   0x00000006   Code   RO         1002    .text.SPI_DMAHalfReceiveCplt  stm32f4xx_hal_spi.o
    0x0800b01e   0x0800b01e   0x00000002   PAD
    0x0800b020   0x0800b020   0x00000006   Code   RO         1006    .text.SPI_DMAHalfTransmitReceiveCplt  stm32f4xx_hal_spi.o
    0x0800b026   0x0800b026   0x00000002   PAD
    0x0800b028   0x0800b028   0x000000ac   Code   RO         1004    .text.SPI_DMAReceiveCplt  stm32f4xx_hal_spi.o
    0x0800b0d4   0x0800b0d4   0x00000102   Code   RO         1008    .text.SPI_DMATransmitReceiveCplt  stm32f4xx_hal_spi.o
    0x0800b1d6   0x0800b1d6   0x00000002   PAD
    0x0800b1d8   0x0800b1d8   0x00000124   Code   RO         1058    .text.SPI_WaitFlagStateUntilTimeout  stm32f4xx_hal_spi.o
    0x0800b2fc   0x0800b2fc   0x00000002   Code   RO          148    .text.SVC_Handler   stm32f4xx_it.o
    0x0800b2fe   0x0800b2fe   0x00000002   PAD
    0x0800b300   0x0800b300   0x00000004   Code   RO          154    .text.SysTick_Handler  stm32f4xx_it.o
    0x0800b304   0x0800b304   0x000000b0   Code   RO           13    .text.SystemClock_Config  main.o
    0x0800b3b4   0x0800b3b4   0x00000012   Code   RO         1509    .text.SystemInit    system_stm32f4xx.o
    0x0800b3c6   0x0800b3c6   0x00000002   PAD
    0x0800b3c8   0x0800b3c8   0x0000006a   Code   RO         2292    .text.SystemStateMachine_MainLoop  system_statemachine.o
    0x0800b432   0x0800b432   0x00000002   PAD
    0x0800b434   0x0800b434   0x0000000c   Code   RO          164    .text.TIM8_UP_TIM13_IRQHandler  stm32f4xx_it.o
    0x0800b440   0x0800b440   0x0000013a   Code   RO         1072    .text.TIM_Base_SetConfig  stm32f4xx_hal_tim.o
    0x0800b57a   0x0800b57a   0x00000002   PAD
    0x0800b57c   0x0800b57c   0x0000006a   Code   RO         1116    .text.TIM_DMADelayPulseCplt  stm32f4xx_hal_tim.o
    0x0800b5e6   0x0800b5e6   0x00000002   PAD
    0x0800b5e8   0x0800b5e8   0x00000038   Code   RO         1118    .text.TIM_DMADelayPulseHalfCplt  stm32f4xx_hal_tim.o
    0x0800b620   0x0800b620   0x0000005e   Code   RO         1092    .text.TIM_DMAError  stm32f4xx_hal_tim.o
    0x0800b67e   0x0800b67e   0x00000002   PAD
    0x0800b680   0x0800b680   0x0000000a   Code   RO         1469    .text.UART_DMAAbortOnError  stm32f4xx_hal_uart.o
    0x0800b68a   0x0800b68a   0x00000002   PAD
    0x0800b68c   0x0800b68c   0x0000017c   Code   RO         1419    .text.UART_DMAError  stm32f4xx_hal_uart.o
    0x0800b808   0x0800b808   0x0000015e   Code   RO         1497    .text.UART_DMAReceiveCplt  stm32f4xx_hal_uart.o
    0x0800b966   0x0800b966   0x00000002   PAD
    0x0800b968   0x0800b968   0x00000018   Code   RO         1499    .text.UART_DMARxHalfCplt  stm32f4xx_hal_uart.o
    0x0800b980   0x0800b980   0x000000b0   Code   RO         1415    .text.UART_DMATransmitCplt  stm32f4xx_hal_uart.o
    0x0800ba30   0x0800ba30   0x00000006   Code   RO         1417    .text.UART_DMATxHalfCplt  stm32f4xx_hal_uart.o
    0x0800ba36   0x0800ba36   0x00000002   PAD
    0x0800ba38   0x0800ba38   0x000000fe   Code   RO         1467    .text.UART_Receive_IT  stm32f4xx_hal_uart.o
    0x0800bb36   0x0800bb36   0x00000002   PAD
    0x0800bb38   0x0800bb38   0x000000e6   Code   RO         1391    .text.UART_SetConfig  stm32f4xx_hal_uart.o
    0x0800bc1e   0x0800bc1e   0x00000002   PAD
    0x0800bc20   0x0800bc20   0x0000000c   Code   RO          162    .text.USART1_IRQHandler  stm32f4xx_it.o
    0x0800bc2c   0x0800bc2c   0x00000078   Code   RO         1762    .text.USBD_CDC_DataIn  usbd_cdc.o
    0x0800bca4   0x0800bca4   0x0000003c   Code   RO         1764    .text.USBD_CDC_DataOut  usbd_cdc.o
    0x0800bce0   0x0800bce0   0x00000060   Code   RO         1756    .text.USBD_CDC_DeInit  usbd_cdc.o
    0x0800bd40   0x0800bd40   0x00000038   Code   RO         1760    .text.USBD_CDC_EP0_RxReady  usbd_cdc.o
    0x0800bd78   0x0800bd78   0x00000010   Code   RO         1772    .text.USBD_CDC_GetDeviceQualifierDescriptor  usbd_cdc.o
    0x0800bd88   0x0800bd88   0x00000052   Code   RO         1768    .text.USBD_CDC_GetFSCfgDesc  usbd_cdc.o
    0x0800bdda   0x0800bdda   0x00000002   PAD
    0x0800bddc   0x0800bddc   0x00000056   Code   RO         1766    .text.USBD_CDC_GetHSCfgDesc  usbd_cdc.o
    0x0800be32   0x0800be32   0x00000002   PAD
    0x0800be34   0x0800be34   0x00000052   Code   RO         1770    .text.USBD_CDC_GetOtherSpeedCfgDesc  usbd_cdc.o
    0x0800be86   0x0800be86   0x00000002   PAD
    0x0800be88   0x0800be88   0x000000c8   Code   RO         1754    .text.USBD_CDC_Init  usbd_cdc.o
    0x0800bf50   0x0800bf50   0x00000034   Code   RO         1782    .text.USBD_CDC_ReceivePacket  usbd_cdc.o
    0x0800bf84   0x0800bf84   0x00000018   Code   RO         1774    .text.USBD_CDC_RegisterInterface  usbd_cdc.o
    0x0800bf9c   0x0800bf9c   0x0000001a   Code   RO         1778    .text.USBD_CDC_SetRxBuffer  usbd_cdc.o
    0x0800bfb6   0x0800bfb6   0x00000002   PAD
    0x0800bfb8   0x0800bfb8   0x0000001e   Code   RO         1776    .text.USBD_CDC_SetTxBuffer  usbd_cdc.o
    0x0800bfd6   0x0800bfd6   0x00000002   PAD
    0x0800bfd8   0x0800bfd8   0x000000e8   Code   RO         1758    .text.USBD_CDC_Setup  usbd_cdc.o
    0x0800c0c0   0x0800c0c0   0x00000044   Code   RO         1780    .text.USBD_CDC_TransmitPacket  usbd_cdc.o
    0x0800c104   0x0800c104   0x00000012   Code   RO         1669    .text.USBD_ClrClassConfig  usbd_core.o
    0x0800c116   0x0800c116   0x00000002   PAD
    0x0800c118   0x0800c118   0x00000004   Code   RO         1677    .text.USBD_CoreFindEP  usbd_core.o
    0x0800c11c   0x0800c11c   0x00000004   Code   RO         1675    .text.USBD_CoreFindIF  usbd_core.o
    0x0800c120   0x0800c120   0x00000010   Code   RO         1738    .text.USBD_CtlContinueRx  usbd_ioreq.o
    0x0800c130   0x0800c130   0x00000010   Code   RO         1734    .text.USBD_CtlContinueSendData  usbd_ioreq.o
    0x0800c140   0x0800c140   0x00000016   Code   RO         1713    .text.USBD_CtlError  usbd_ctlreq.o
    0x0800c156   0x0800c156   0x00000002   PAD
    0x0800c158   0x0800c158   0x0000001e   Code   RO         1736    .text.USBD_CtlPrepareRx  usbd_ioreq.o
    0x0800c176   0x0800c176   0x00000002   PAD
    0x0800c178   0x0800c178   0x00000016   Code   RO         1742    .text.USBD_CtlReceiveStatus  usbd_ioreq.o
    0x0800c18e   0x0800c18e   0x00000002   PAD
    0x0800c190   0x0800c190   0x0000001c   Code   RO         1732    .text.USBD_CtlSendData  usbd_ioreq.o
    0x0800c1ac   0x0800c1ac   0x00000016   Code   RO         1740    .text.USBD_CtlSendStatus  usbd_ioreq.o
    0x0800c1c2   0x0800c1c2   0x00000002   PAD
    0x0800c1c4   0x0800c1c4   0x00000024   Code   RO         1543    .text.USBD_FS_ConfigStrDescriptor  usbd_desc.o
    0x0800c1e8   0x0800c1e8   0x0000000e   Code   RO         1533    .text.USBD_FS_DeviceDescriptor  usbd_desc.o
    0x0800c1f6   0x0800c1f6   0x00000002   PAD
    0x0800c1f8   0x0800c1f8   0x00000028   Code   RO         1545    .text.USBD_FS_InterfaceStrDescriptor  usbd_desc.o
    0x0800c220   0x0800c220   0x0000000e   Code   RO         1535    .text.USBD_FS_LangIDStrDescriptor  usbd_desc.o
    0x0800c22e   0x0800c22e   0x00000002   PAD
    0x0800c230   0x0800c230   0x0000001c   Code   RO         1537    .text.USBD_FS_ManufacturerStrDescriptor  usbd_desc.o
    0x0800c24c   0x0800c24c   0x00000020   Code   RO         1539    .text.USBD_FS_ProductStrDescriptor  usbd_desc.o
    0x0800c26c   0x0800c26c   0x00000170   Code   RO         1541    .text.USBD_FS_SerialStrDescriptor  usbd_desc.o
    0x0800c3dc   0x0800c3dc   0x00000084   Code   RO         1699    .text.USBD_GetEpDesc  usbd_core.o
    0x0800c460   0x0800c460   0x0000012a   Code   RO         1721    .text.USBD_GetString  usbd_ctlreq.o
    0x0800c58a   0x0800c58a   0x00000002   PAD
    0x0800c58c   0x0800c58c   0x0000002a   Code   RO         1655    .text.USBD_Init     usbd_core.o
    0x0800c5b6   0x0800c5b6   0x00000002   PAD
    0x0800c5b8   0x0800c5b8   0x00000022   Code   RO         1627    .text.USBD_LL_ClearStallEP  usbd_conf.o
    0x0800c5da   0x0800c5da   0x00000002   PAD
    0x0800c5dc   0x0800c5dc   0x00000022   Code   RO         1621    .text.USBD_LL_CloseEP  usbd_conf.o
    0x0800c5fe   0x0800c5fe   0x00000002   PAD
    0x0800c600   0x0800c600   0x000000ba   Code   RO         1679    .text.USBD_LL_DataInStage  usbd_core.o
    0x0800c6ba   0x0800c6ba   0x00000002   PAD
    0x0800c6bc   0x0800c6bc   0x0000007c   Code   RO         1673    .text.USBD_LL_DataOutStage  usbd_core.o
    0x0800c738   0x0800c738   0x00000004   Code   RO         1695    .text.USBD_LL_DevConnected  usbd_core.o
    0x0800c73c   0x0800c73c   0x00000022   Code   RO         1697    .text.USBD_LL_DevDisconnected  usbd_core.o
    0x0800c75e   0x0800c75e   0x00000002   PAD
    0x0800c760   0x0800c760   0x00000008   Code   RO         1637    .text.USBD_LL_GetRxDataSize  usbd_conf.o
    0x0800c768   0x0800c768   0x0000006e   Code   RO         1609    .text.USBD_LL_Init  usbd_conf.o
    0x0800c7d6   0x0800c7d6   0x00000002   PAD
    0x0800c7d8   0x0800c7d8   0x0000002a   Code   RO         1629    .text.USBD_LL_IsStallEP  usbd_conf.o
    0x0800c802   0x0800c802   0x00000002   PAD
    0x0800c804   0x0800c804   0x0000002c   Code   RO         1691    .text.USBD_LL_IsoINIncomplete  usbd_core.o
    0x0800c830   0x0800c830   0x0000002c   Code   RO         1693    .text.USBD_LL_IsoOUTIncomplete  usbd_core.o
    0x0800c85c   0x0800c85c   0x00000028   Code   RO         1619    .text.USBD_LL_OpenEP  usbd_conf.o
    0x0800c884   0x0800c884   0x00000022   Code   RO         1635    .text.USBD_LL_PrepareReceive  usbd_conf.o
    0x0800c8a6   0x0800c8a6   0x00000002   PAD
    0x0800c8a8   0x0800c8a8   0x00000062   Code   RO         1681    .text.USBD_LL_Reset  usbd_core.o
    0x0800c90a   0x0800c90a   0x00000002   PAD
    0x0800c90c   0x0800c90c   0x00000014   Code   RO         1687    .text.USBD_LL_Resume  usbd_core.o
    0x0800c920   0x0800c920   0x0000001e   Code   RO         1689    .text.USBD_LL_SOF   usbd_core.o
    0x0800c93e   0x0800c93e   0x00000002   PAD
    0x0800c940   0x0800c940   0x00000008   Code   RO         1683    .text.USBD_LL_SetSpeed  usbd_core.o
    0x0800c948   0x0800c948   0x00000022   Code   RO         1631    .text.USBD_LL_SetUSBAddress  usbd_conf.o
    0x0800c96a   0x0800c96a   0x00000002   PAD
    0x0800c96c   0x0800c96c   0x00000062   Code   RO         1671    .text.USBD_LL_SetupStage  usbd_core.o
    0x0800c9ce   0x0800c9ce   0x00000002   PAD
    0x0800c9d0   0x0800c9d0   0x00000022   Code   RO         1625    .text.USBD_LL_StallEP  usbd_conf.o
    0x0800c9f2   0x0800c9f2   0x00000002   PAD
    0x0800c9f4   0x0800c9f4   0x00000022   Code   RO         1615    .text.USBD_LL_Start  usbd_conf.o
    0x0800ca16   0x0800ca16   0x00000002   PAD
    0x0800ca18   0x0800ca18   0x0000001c   Code   RO         1685    .text.USBD_LL_Suspend  usbd_core.o
    0x0800ca34   0x0800ca34   0x00000022   Code   RO         1633    .text.USBD_LL_Transmit  usbd_conf.o
    0x0800ca56   0x0800ca56   0x00000002   PAD
    0x0800ca58   0x0800ca58   0x00000016   Code   RO         1719    .text.USBD_ParseSetupRequest  usbd_ctlreq.o
    0x0800ca6e   0x0800ca6e   0x00000002   PAD
    0x0800ca70   0x0800ca70   0x00000042   Code   RO         1659    .text.USBD_RegisterClass  usbd_core.o
    0x0800cab2   0x0800cab2   0x00000002   PAD
    0x0800cab4   0x0800cab4   0x00000010   Code   RO         1667    .text.USBD_SetClassConfig  usbd_core.o
    0x0800cac4   0x0800cac4   0x00000004   Code   RO         1661    .text.USBD_Start    usbd_core.o
    0x0800cac8   0x0800cac8   0x00000384   Code   RO         1711    .text.USBD_StdDevReq  usbd_ctlreq.o
    0x0800ce4c   0x0800ce4c   0x00000160   Code   RO         1717    .text.USBD_StdEPReq  usbd_ctlreq.o
    0x0800cfac   0x0800cfac   0x00000078   Code   RO         1715    .text.USBD_StdItfReq  usbd_ctlreq.o
    0x0800d024   0x0800d024   0x00000002   Code   RO         1641    .text.USBD_static_free  usbd_conf.o
    0x0800d026   0x0800d026   0x00000002   PAD
    0x0800d028   0x0800d028   0x0000000a   Code   RO         1639    .text.USBD_static_malloc  usbd_conf.o
    0x0800d032   0x0800d032   0x00000002   PAD
    0x0800d034   0x0800d034   0x00000082   Code   RO          311    .text.USB_ActivateEndpoint  stm32f4xx_ll_usb.o
    0x0800d0b6   0x0800d0b6   0x00000002   PAD
    0x0800d0b8   0x0800d0b8   0x00000020   Code   RO          353    .text.USB_ActivateSetup  stm32f4xx_ll_usb.o
    0x0800d0d8   0x0800d0d8   0x00000276   Code   RO          289    .text.USB_CoreInit  stm32f4xx_ll_usb.o
    0x0800d34e   0x0800d34e   0x00000002   PAD
    0x0800d350   0x0800d350   0x00000082   Code   RO          315    .text.USB_DeactivateEndpoint  stm32f4xx_ll_usb.o
    0x0800d3d2   0x0800d3d2   0x00000002   PAD
    0x0800d3d4   0x0800d3d4   0x0000001e   Code   RO          335    .text.USB_DevConnect  stm32f4xx_ll_usb.o
    0x0800d3f2   0x0800d3f2   0x00000002   PAD
    0x0800d3f4   0x0800d3f4   0x0000001e   Code   RO          337    .text.USB_DevDisconnect  stm32f4xx_ll_usb.o
    0x0800d412   0x0800d412   0x00000002   PAD
    0x0800d414   0x0800d414   0x000004b6   Code   RO          301    .text.USB_DevInit   stm32f4xx_ll_usb.o
    0x0800d8ca   0x0800d8ca   0x00000002   PAD
    0x0800d8cc   0x0800d8cc   0x0000000e   Code   RO          295    .text.USB_DisableGlobalInt  stm32f4xx_ll_usb.o
    0x0800d8da   0x0800d8da   0x00000002   PAD
    0x0800d8dc   0x0800d8dc   0x0000005a   Code   RO          355    .text.USB_EP0_OutStart  stm32f4xx_ll_usb.o
    0x0800d936   0x0800d936   0x00000002   PAD
    0x0800d938   0x0800d938   0x00000052   Code   RO          329    .text.USB_EPClearStall  stm32f4xx_ll_usb.o
    0x0800d98a   0x0800d98a   0x00000002   PAD
    0x0800d98c   0x0800d98c   0x0000003e   Code   RO          327    .text.USB_EPSetStall  stm32f4xx_ll_usb.o
    0x0800d9ca   0x0800d9ca   0x00000002   PAD
    0x0800d9cc   0x0800d9cc   0x0000023a   Code   RO          319    .text.USB_EPStartXfer  stm32f4xx_ll_usb.o
    0x0800dc06   0x0800dc06   0x00000002   PAD
    0x0800dc08   0x0800dc08   0x0000010e   Code   RO          323    .text.USB_EPStopXfer  stm32f4xx_ll_usb.o
    0x0800dd16   0x0800dd16   0x00000002   PAD
    0x0800dd18   0x0800dd18   0x0000000e   Code   RO          293    .text.USB_EnableGlobalInt  stm32f4xx_ll_usb.o
    0x0800dd26   0x0800dd26   0x00000002   PAD
    0x0800dd28   0x0800dd28   0x000000be   Code   RO          305    .text.USB_FlushTxFifo  stm32f4xx_ll_usb.o
    0x0800dde6   0x0800dde6   0x00000002   PAD
    0x0800dde8   0x0800dde8   0x0000001a   Code   RO          309    .text.USB_GetDevSpeed  stm32f4xx_ll_usb.o
    0x0800de02   0x0800de02   0x00000002   PAD
    0x0800de04   0x0800de04   0x00000008   Code   RO          299    .text.USB_GetMode   stm32f4xx_ll_usb.o
    0x0800de0c   0x0800de0c   0x0000000e   Code   RO          345    .text.USB_ReadDevAllInEpInterrupt  stm32f4xx_ll_usb.o
    0x0800de1a   0x0800de1a   0x00000002   PAD
    0x0800de1c   0x0800de1c   0x0000000e   Code   RO          343    .text.USB_ReadDevAllOutEpInterrupt  stm32f4xx_ll_usb.o
    0x0800de2a   0x0800de2a   0x00000002   PAD
    0x0800de2c   0x0800de2c   0x00000024   Code   RO          349    .text.USB_ReadDevInEPInterrupt  stm32f4xx_ll_usb.o
    0x0800de50   0x0800de50   0x00000010   Code   RO          347    .text.USB_ReadDevOutEPInterrupt  stm32f4xx_ll_usb.o
    0x0800de60   0x0800de60   0x00000008   Code   RO          339    .text.USB_ReadInterrupts  stm32f4xx_ll_usb.o
    0x0800de68   0x0800de68   0x000000aa   Code   RO          325    .text.USB_ReadPacket  stm32f4xx_ll_usb.o
    0x0800df12   0x0800df12   0x00000002   PAD
    0x0800df14   0x0800df14   0x00000368   Code   RO          297    .text.USB_SetCurrentMode  stm32f4xx_ll_usb.o
    0x0800e27c   0x0800e27c   0x00000022   Code   RO          333    .text.USB_SetDevAddress  stm32f4xx_ll_usb.o
    0x0800e29e   0x0800e29e   0x00000002   PAD
    0x0800e2a0   0x0800e2a0   0x00000118   Code   RO          291    .text.USB_SetTurnaroundTime  stm32f4xx_ll_usb.o
    0x0800e3b8   0x0800e3b8   0x0000006a   Code   RO          321    .text.USB_WritePacket  stm32f4xx_ll_usb.o
    0x0800e422   0x0800e422   0x00000002   PAD
    0x0800e424   0x0800e424   0x00000002   Code   RO          146    .text.UsageFault_Handler  stm32f4xx_it.o
    0x0800e426   0x0800e426   0x00000002   PAD
    0x0800e428   0x0800e428   0x0000002a   Code   RO         1850    .text.__NVIC_SystemReset  port_mapping.o
    0x0800e452   0x0800e452   0x00000002   PAD
    0x0800e454   0x0800e454   0x000003b4   Code   RO         1848    .text._frame_data_deal  port_mapping.o
    0x0800e808   0x0800e808   0x00000298   Code   RO         1844    .text._stream_data_trans  port_mapping.o
    0x0800eaa0   0x0800eaa0   0x00000200   Code   RO         2091    .text._tune_ThetaOffset  tune.o
    0x0800eca0   0x0800eca0   0x00000184   Code   RO         2413    .text.arm_biquad_cascade_df1_f32  arm_cortexM4lf_math.lib(arm_biquad_cascade_df1_f32.o)
    0x0800ee24   0x0800ee24   0x00000016   Code   RO         2422    .text.arm_biquad_cascade_df1_init_f32  arm_cortexM4lf_math.lib(arm_biquad_cascade_df1_init_f32.o)
    0x0800ee3a   0x0800ee3a   0x00000002   PAD
    0x0800ee3c   0x0800ee3c   0x00000124   Code   RO         2431    .text.arm_sin_cos_f32  arm_cortexM4lf_math.lib(arm_sin_cos_f32.o)
    0x0800ef60   0x0800ef60   0x00000034   Code   RO         2198    .text.fAdc2Sample   adc_dr.o
    0x0800ef94   0x0800ef94   0x0000004e   Code   RO         2194    .text.fAdcDrInit    adc_dr.o
    0x0800efe2   0x0800efe2   0x00000006   PAD
    0x0800efe8   0x0800efe8   0x000001a4   Code   RO         2200    .text.fAdcGetCurrent  adc_dr.o
    0x0800f18c   0x0800f18c   0x00000054   Code   RO         2204    .text.fAdcGetTemp   adc_dr.o
    0x0800f1e0   0x0800f1e0   0x00000024   Code   RO         2202    .text.fAdcGetVoltage  adc_dr.o
    0x0800f204   0x0800f204   0x0000000e   Code   RO         2196    .text.fAdcSampleChange  adc_dr.o
    0x0800f212   0x0800f212   0x00000002   PAD
    0x0800f214   0x0800f214   0x0000014c   Code   RO         2302    .text.fApp_JumpToBootloader  app_iap.o
    0x0800f360   0x0800f360   0x0000003e   Code   RO         1926    .text.fAutoCalibrationUpdate  foc_core.o
    0x0800f39e   0x0800f39e   0x00000002   PAD
    0x0800f3a0   0x0800f3a0   0x00000026   Code   RO         2342    .text.fButterworthFilter_Init  filter.o
    0x0800f3c6   0x0800f3c6   0x00000002   PAD
    0x0800f3c8   0x0800f3c8   0x0000001a   Code   RO         2344    .text.fButterworthFilter_Process  filter.o
    0x0800f3e2   0x0800f3e2   0x00000002   PAD
    0x0800f3e4   0x0800f3e4   0x000000ea   Code   RO         1795    .text.fCAN_PortInit  can_port.o
    0x0800f4ce   0x0800f4ce   0x00000002   PAD
    0x0800f4d0   0x0800f4d0   0x00000076   Code   RO         1807    .text.fCAN_QueueData_deal  can_port.o
    0x0800f546   0x0800f546   0x00000002   PAD
    0x0800f548   0x0800f548   0x0000007a   Code   RO         1838    .text.fCAN_RxDataCallback  port_mapping.o
    0x0800f5c2   0x0800f5c2   0x00000002   PAD
    0x0800f5c4   0x0800f5c4   0x0000006c   Code   RO         1797    .text.fCAN_SendData  can_port.o
    0x0800f630   0x0800f630   0x000000b6   Code   RO         1799    .text.fCAN_SetConfig  can_port.o
    0x0800f6e6   0x0800f6e6   0x00000002   PAD
    0x0800f6e8   0x0800f6e8   0x0000002e   Code   RO         1834    .text.fCommunicateInit  port_mapping.o
    0x0800f716   0x0800f716   0x00000002   PAD
    0x0800f718   0x0800f718   0x0000000e   Code   RO         1846    .text.fCommunicateMainLoop  port_mapping.o
    0x0800f726   0x0800f726   0x00000002   PAD
    0x0800f728   0x0800f728   0x00000318   Code   RO         2115    .text.fEncoderMainLoopTask  encoder.o
    0x0800fa40   0x0800fa40   0x0000015a   Code   RO         2136    .text.fEraseOneSector  flashdr.o
    0x0800fb9a   0x0800fb9a   0x00000002   PAD
    0x0800fb9c   0x0800fb9c   0x00000024   Code   RO         2138    .text.fFLASH_EraseSector  flashdr.o
    0x0800fbc0   0x0800fbc0   0x000000ba   Code   RO         2146    .text.fFLASH_Init   flashdr.o
    0x0800fc7a   0x0800fc7a   0x00000002   PAD
    0x0800fc7c   0x0800fc7c   0x000000fe   Code   RO         2142    .text.fFLASH_ReadData  flashdr.o
    0x0800fd7a   0x0800fd7a   0x00000002   PAD
    0x0800fd7c   0x0800fd7c   0x0000017c   Code   RO         2144    .text.fFLASH_WriteWord  flashdr.o
    0x0800fef8   0x0800fef8   0x00000164   Code   RO         1916    .text.fFOC_CoreInit  foc_core.o
    0x0801005c   0x0801005c   0x00000054   Code   RO         1918    .text.fFOC_CoreReset  foc_core.o
    0x080100b0   0x080100b0   0x0000004a   Code   RO         1957    .text.fFOC_Init     foc_statemachine.o
    0x080100fa   0x080100fa   0x00000002   PAD
    0x080100fc   0x080100fc   0x00000160   Code   RO         1922    .text.fFOC_MainLoopTask  foc_core.o
    0x0801025c   0x0801025c   0x0000003e   Code   RO         1942    .text.fFOC_SetLimitPOS  foc_core.o
    0x0801029a   0x0801029a   0x00000002   PAD
    0x0801029c   0x0801029c   0x0000001e   Code   RO         1936    .text.fFOC_SetRunMode  foc_core.o
    0x080102ba   0x080102ba   0x00000002   PAD
    0x080102bc   0x080102bc   0x00000048   Code   RO         1934    .text.fFOC_SetSensorMode  foc_core.o
    0x08010304   0x08010304   0x00000056   Code   RO         1924    .text.fFOC_SetTargetValue  foc_core.o
    0x0801035a   0x0801035a   0x00000002   PAD
    0x0801035c   0x0801035c   0x00000012   Code   RO         1928    .text.fFOC_SetUalphaBeta  foc_core.o
    0x0801036e   0x0801036e   0x00000002   PAD
    0x08010370   0x08010370   0x00000004   Code   RO         1940    .text.fFOC_SetZeroPOS  foc_core.o
    0x08010374   0x08010374   0x00000070   Code   RO         1938    .text.fFOC_Shutdown  foc_core.o
    0x080103e4   0x080103e4   0x000000a4   Code   RO         1959    .text.fFOC_StateMachineMainLoop  foc_statemachine.o
    0x08010488   0x08010488   0x00000018   Code   RO         1961    .text.fFOC_StateUpdate  foc_statemachine.o
    0x080104a0   0x080104a0   0x00000244   Code   RO         1920    .text.fFOC_ValueUpdate  foc_core.o
    0x080106e4   0x080106e4   0x00000022   Code   RO         2330    .text.fFirstOrderLagFilter  filter.o
    0x08010706   0x08010706   0x00000002   PAD
    0x08010708   0x08010708   0x00000006   Code   RO         2328    .text.fFirstOrderLagInit  filter.o
    0x0801070e   0x0801070e   0x00000002   PAD
    0x08010710   0x08010710   0x00000068   Code   RO         1975    .text.fFrequencyDivisionUpdate  loop_control.o
    0x08010778   0x08010778   0x0000000e   Code   RO         2117    .text.fGetEncoderAngle_ABS  encoder.o
    0x08010786   0x08010786   0x00000002   PAD
    0x08010788   0x08010788   0x0000000e   Code   RO         2119    .text.fGetEncoderAngle_INC  encoder.o
    0x08010796   0x08010796   0x00000002   PAD
    0x08010798   0x08010798   0x0000000e   Code   RO         2121    .text.fGetEncoderRPM  encoder.o
    0x080107a6   0x080107a6   0x00000002   PAD
    0x080107a8   0x080107a8   0x0000004a   Code   RO         1836    .text.fHostComputer_send  port_mapping.o
    0x080107f2   0x080107f2   0x00000002   PAD
    0x080107f4   0x080107f4   0x000000b0   Code   RO         2171    .text.fLED_Show     rgb.o
    0x080108a4   0x080108a4   0x00000098   Code   RO         2219    .text.fLogDataSave  log.o
    0x0801093c   0x0801093c   0x0000002c   Code   RO         2221    .text.fLogDataWrite  log.o
    0x08010968   0x08010968   0x0000002c   Code   RO         2225    .text.fLogErase     log.o
    0x08010994   0x08010994   0x00000036   Code   RO         2217    .text.fLogInit      log.o
    0x080109ca   0x080109ca   0x00000002   PAD
    0x080109cc   0x080109cc   0x00000066   Code   RO         2223    .text.fLogReadFlash  log.o
    0x08010a32   0x08010a32   0x00000002   PAD
    0x08010a34   0x08010a34   0x000001b0   Code   RO         1989    .text.fLoopControlInit  loop_control.o
    0x08010be4   0x08010be4   0x00000026   Code   RO         1991    .text.fLoopReset    loop_control.o
    0x08010c0a   0x08010c0a   0x00000002   PAD
    0x08010c0c   0x08010c0c   0x0000000e   Code   RO         2089    .text.fMotorParamTune_Reset  tune.o
    0x08010c1a   0x08010c1a   0x00000002   PAD
    0x08010c1c   0x08010c1c   0x00000948   Code   RO         2093    .text.fMotorParamTune_Update  tune.o
    0x08011564   0x08011564   0x00000006   Code   RO         2246    .text.fParamErase   parameter_manager.o
    0x0801156a   0x0801156a   0x00000002   PAD
    0x0801156c   0x0801156c   0x00000416   Code   RO         2238    .text.fParamGet     parameter_manager.o
    0x08011982   0x08011982   0x00000002   PAD
    0x08011984   0x08011984   0x0000013e   Code   RO         2244    .text.fParamInit    parameter_manager.o
    0x08011ac2   0x08011ac2   0x00000002   PAD
    0x08011ac4   0x08011ac4   0x0000001e   Code   RO         2242    .text.fParamSave    parameter_manager.o
    0x08011ae2   0x08011ae2   0x00000002   PAD
    0x08011ae4   0x08011ae4   0x00000224   Code   RO         2236    .text.fParamSet     parameter_manager.o
    0x08011d08   0x08011d08   0x00000102   Code   RO         2001    .text.fPositionRelLoopUpdate  loop_control.o
    0x08011e0a   0x08011e0a   0x00000002   PAD
    0x08011e0c   0x08011e0c   0x00000044   Code   RO         2259    .text.fProManagerInit  protection_manager.o
    0x08011e50   0x08011e50   0x000001fc   Code   RO         2265    .text.fProManagerMainLoop  protection_manager.o
    0x0801204c   0x0801204c   0x00000010   Code   RO         2263    .text.fProManagerReset  protection_manager.o
    0x0801205c   0x0801205c   0x00000012   Code   RO         2261    .text.fProSetLimitPosition  protection_manager.o
    0x0801206e   0x0801206e   0x00000002   PAD
    0x08012070   0x08012070   0x00000134   Code   RO         2163    .text.fRGB_Breathe  rgb.o
    0x080121a4   0x080121a4   0x00000128   Code   RO         2012    .text.fSMO_Init     smo.o
    0x080122cc   0x080122cc   0x00000344   Code   RO         2018    .text.fSMO_MainLoop  smo.o
    0x08012610   0x08012610   0x0000001a   Code   RO         2014    .text.fSMO_Reset    smo.o
    0x0801262a   0x0801262a   0x00000002   PAD
    0x0801262c   0x0801262c   0x00000074   Code   RO         2042    .text.fSamplePointCalibration  svpwm.o
    0x080126a0   0x080126a0   0x00000016   Code   RO         2123    .text.fSetEncoderAngleZero  encoder.o
    0x080126b6   0x080126b6   0x00000002   PAD
    0x080126b8   0x080126b8   0x00000012   Code   RO         1932    .text.fSetThetaOffset  foc_core.o
    0x080126ca   0x080126ca   0x00000002   PAD
    0x080126cc   0x080126cc   0x0000007a   Code   RO         1999    .text.fSpeedLoopUpdate  loop_control.o
    0x08012746   0x08012746   0x00000002   PAD
    0x08012748   0x08012748   0x0000003e   Code   RO         2379    .text.fStaticQueueDequeue  queue.o
    0x08012786   0x08012786   0x00000002   PAD
    0x08012788   0x08012788   0x00000042   Code   RO         2377    .text.fStaticQueueEnqueue  queue.o
    0x080127ca   0x080127ca   0x00000002   PAD
    0x080127cc   0x080127cc   0x00000022   Code   RO         2365    .text.fStaticQueueInit  queue.o
    0x080127ee   0x080127ee   0x00000002   PAD
    0x080127f0   0x080127f0   0x00000088   Code   RO         2276    .text.fStatusFeedbackMainLoop  status_feedback.o
    0x08012878   0x08012878   0x000001c6   Code   RO         1820    .text.fStreamDataGet  datamonitoring.o
    0x08012a3e   0x08012a3e   0x00000002   PAD
    0x08012a40   0x08012a40   0x00000034   Code   RO         1822    .text.fStreamDataPrepare  datamonitoring.o
    0x08012a74   0x08012a74   0x0000000c   Code   RO         2052    .text.fSvpwmGetSector  svpwm.o
    0x08012a80   0x08012a80   0x00000070   Code   RO         2030    .text.fSvpwmInit    svpwm.o
    0x08012af0   0x08012af0   0x000001ec   Code   RO         2040    .text.fSvpwmRun     svpwm.o
    0x08012cdc   0x08012cdc   0x00000014   Code   RO         2278    .text.fSystemFaultFeedback  status_feedback.o
    0x08012cf0   0x08012cf0   0x0000000c   Code   RO         2290    .text.fSystemStateGet  system_statemachine.o
    0x08012cfc   0x08012cfc   0x0000000c   Code   RO         2288    .text.fSystemStateUpdata  system_statemachine.o
    0x08012d08   0x08012d08   0x00000018   Code   RO         2394    .text.fTraj_Init    trajectory.o
    0x08012d20   0x08012d20   0x00000018   Code   RO         2396    .text.fTraj_Reset   trajectory.o
    0x08012d38   0x08012d38   0x0000000e   Code   RO         2400    .text.fTraj_SetRate  trajectory.o
    0x08012d46   0x08012d46   0x00000002   PAD
    0x08012d48   0x08012d48   0x0000000e   Code   RO         2398    .text.fTraj_SetTarget  trajectory.o
    0x08012d56   0x08012d56   0x00000002   PAD
    0x08012d58   0x08012d58   0x000001c0   Code   RO         2402    .text.fTraj_Update  trajectory.o
    0x08012f18   0x08012f18   0x00000010   Code   RO         1895    .text.fUSB_Init     usb_port.o
    0x08012f28   0x08012f28   0x0000002a   Code   RO         1840    .text.fUSB_RxFrameCallback  port_mapping.o
    0x08012f52   0x08012f52   0x00000002   PAD
    0x08012f54   0x08012f54   0x00000114   Code   RO         1899    .text.fUSB_SendFrame  usb_port.o
    0x08013068   0x08013068   0x0000004c   Code   RO         1865    .text.fUartPortInit  uart_port.o
    0x080130b4   0x080130b4   0x000000d4   Code   RO         1871    .text.fUartPortSendFrame  uart_port.o
    0x08013188   0x08013188   0x000000a0   Code   RO         1875    .text.fUartReviceByte  uart_port.o
    0x08013228   0x08013228   0x0000002a   Code   RO         1842    .text.fUartRxFrameCallback  port_mapping.o
    0x08013252   0x08013252   0x00000002   PAD
    0x08013254   0x08013254   0x00000086   Code   RO         1879    .text.fVOFA_FloatDataSend  uart_port.o
    0x080132da   0x080132da   0x00000002   PAD
    0x080132dc   0x080132dc   0x000000a4   Code   RO         1997    .text.fWeakMagLoopUpdate  loop_control.o
    0x08013380   0x08013380   0x00000066   Code   RO           11    .text.main          main.o
    0x080133e6   0x080133e6   0x00000002   PAD
    0x080133e8   0x080133e8   0x000000de   Code   RO         1903    .text.usbRecvByte   usb_port.o
    0x080134c6   0x080134c6   0x00000026   Code   RO         2609    i.__ARM_fpclassifyf  m_wm.l(fpclassifyf.o)
    0x080134ec   0x080134ec   0x000002ac   Code   RO         2559    i.__hardfp_atan2f   m_wm.l(atan2f.o)
    0x08013798   0x08013798   0x000001ec   Code   RO         2602    i.__hardfp_expf     m_wm.l(expf.o)
    0x08013984   0x08013984   0x000000b0   Code   RO         2565    i.__hardfp_fmodf    m_wm.l(fmodf.o)
    0x08013a34   0x08013a34   0x000000e4   Code   RO         2571    i.__hardfp_tanhf    m_wm.l(tanhf.o)
    0x08013b18   0x08013b18   0x00000006   Code   RO         2612    i.__mathlib_flt_infnan  m_wm.l(funder.o)
    0x08013b1e   0x08013b1e   0x00000006   Code   RO         2613    i.__mathlib_flt_infnan2  m_wm.l(funder.o)
    0x08013b24   0x08013b24   0x00000010   Code   RO         2614    i.__mathlib_flt_invalid  m_wm.l(funder.o)
    0x08013b34   0x08013b34   0x00000010   Code   RO         2615    i.__mathlib_flt_overflow  m_wm.l(funder.o)
    0x08013b44   0x08013b44   0x00000010   Code   RO         2617    i.__mathlib_flt_underflow  m_wm.l(funder.o)
    0x08013b54   0x08013b54   0x0000000e   Code   RO         2663    i.__scatterload_copy  mc_w.l(handlers.o)
    0x08013b62   0x08013b62   0x00000002   Code   RO         2664    i.__scatterload_null  mc_w.l(handlers.o)
    0x08013b64   0x08013b64   0x0000000e   Code   RO         2665    i.__scatterload_zeroinit  mc_w.l(handlers.o)
    0x08013b72   0x08013b72   0x00000002   PAD
    0x08013b74   0x08013b74   0x0000000c   Code   RO         2647    i.__set_errno       mc_w.l(errno.o)
    0x08013b80   0x08013b80   0x00000030   Data   RO         2605    .constdata          m_wm.l(expf.o)
    0x08013bb0   0x08013bb0   0x00000010   Data   RO         1514    .rodata.AHBPrescTable  system_stm32f4xx.o
    0x08013bc0   0x08013bc0   0x00000008   Data   RO         1515    .rodata.APBPrescTable  system_stm32f4xx.o
    0x08013bc8   0x08013bc8   0x00000003   Data   RO         2176    .rodata.CHINA_RED   rgb.o
    0x08013bcb   0x08013bcb   0x00000003   Data   RO         2177    .rodata.KLEIN_BLUE  rgb.o
    0x08013bce   0x08013bce   0x00000003   Data   RO         2178    .rodata.MARS_GREEN  rgb.o
    0x08013bd1   0x08013bd1   0x00000003   Data   RO         2182    .rodata.ORANGE      rgb.o
    0x08013bd4   0x08013bd4   0x00000003   Data   RO         2180    .rodata.TIFFANY_BLUE  rgb.o
    0x08013bd7   0x08013bd7   0x00000001   PAD
    0x08013bd8   0x08013bd8   0x00000030   Data   RO         1288    .rodata.cst16       stm32f4xx_hal_tim.o
    0x08013c08   0x08013c08   0x00000008   Data   RO          565    .rodata.cst8        stm32f4xx_hal_dma.o
    0x08013c10   0x08013c10   0x00000001   Data   RO         1854    .rodata.execute     port_mapping.o
    0x08013c11   0x08013c11   0x00000100   Data   RO         2207    .rodata.g_adc_to_temp  adc_dr.o
    0x08013d11   0x08013d11   0x00000003   PAD
    0x08013d14   0x08013d14   0x00000014   Data   RO         2075    .rodata.lpf_coeffs  hfi.o
    0x08013d28   0x08013d28   0x00000804   Data   RO         2552    .rodata.sinTable_f32  arm_cortexM4lf_math.lib(arm_common_tables.o)
    0x0801452c   0x0801452c   0x00000020   Data   RO         2662    Region$$Table       anon$$obj.o


    Execution Region RW_IRAM1 (Exec base: 0x20000000, Load base: 0x08014550, Size: 0x00002838, Max: 0x0001c000, ABSOLUTE, COMPRESSED[0x00000118])

    Exec Addr    Load Addr    Size         Type   Attr      Idx    E Section Name        Object

    0x20000000   COMPRESSED   0x00000004   Data   RW         2648    .data               mc_w.l(errno.o)
    0x20000004   COMPRESSED   0x00000008   Data   RW          743    .data..L_MergedGlobals  stm32f4xx_hal.o
    0x2000000c   COMPRESSED   0x0000001c   Data   RW         1547    .data.FS_Desc       usbd_desc.o
    0x20000028   COMPRESSED   0x00000004   Data   RW         1513    .data.SystemCoreClock  system_stm32f4xx.o
    0x2000002c   COMPRESSED   0x00000038   Data   RW         1784    .data.USBD_CDC      usbd_cdc.o
    0x20000064   COMPRESSED   0x00000043   Data   RW         1786    .data.USBD_CDC_CfgDesc  usbd_cdc.o
    0x200000a7   COMPRESSED   0x00000001   PAD
    0x200000a8   COMPRESSED   0x0000000a   Data   RW         1785    .data.USBD_CDC_DeviceQualifierDesc  usbd_cdc.o
    0x200000b2   COMPRESSED   0x00000002   PAD
    0x200000b4   COMPRESSED   0x00000012   Data   RW         1548    .data.USBD_FS_DeviceDesc  usbd_desc.o
    0x200000c6   COMPRESSED   0x00000002   PAD
    0x200000c8   COMPRESSED   0x00000014   Data   RW         1572    .data.USBD_Interface_fops_FS  usbd_cdc_if.o
    0x200000dc   COMPRESSED   0x00000004   Data   RW         1549    .data.USBD_LangIDDesc  usbd_desc.o
    0x200000e0   COMPRESSED   0x0000001a   Data   RW         1550    .data.USBD_StringSerial  usbd_desc.o
    0x200000fa   COMPRESSED   0x00000085   Data   RW         1906    .data.UsbRxFrame    usb_port.o
    0x2000017f   COMPRESSED   0x00000085   Data   RW         1905    .data.UsbTxFrame    usb_port.o
    0x20000204   COMPRESSED   0x00000014   Data   RW         1809    .data.can           can_port.o
    0x20000218   COMPRESSED   0x00000001   Data   RW         2184    .data.dma_done      rgb.o
    0x20000219   COMPRESSED   0x00000003   PAD
    0x2000021c   COMPRESSED   0x0000000c   Data   RW         1945    .data.foc_core      foc_core.o
    0x20000228   COMPRESSED   0x00000001   Data   RW         2206    .data.g_calibration_flag  adc_dr.o
    0x20000229   COMPRESSED   0x00000003   PAD
    0x2000022c   COMPRESSED   0x0000000c   Data   RW         1853    .data.g_com_state   port_mapping.o
    0x20000238   COMPRESSED   0x00000004   Data   RW         2267    .data.g_device_status  protection_manager.o
    0x2000023c   COMPRESSED   0x00000018   Data   RW         1963    .data.g_foc         foc_statemachine.o
    0x20000254   COMPRESSED   0x00000034   Data   RW         2268    .data.g_pro_manager  protection_manager.o
    0x20000288   COMPRESSED   0x00000020   Data   RW          473    .data.pFlash        stm32f4xx_hal_flash.o
    0x200002a8   COMPRESSED   0x00000002   Data   RW         2126    .data.reg03_cmd     encoder.o
    0x200002aa   COMPRESSED   0x00000002   Data   RW         2125    .data.reg04_cmd     encoder.o
    0x200002ac   COMPRESSED   0x00000004   PAD
    0x200002b0        -       0x00000008   Zero   RW           19    .bss..L_MergedGlobals  main.o
    0x200002b8        -       0x0000000b   Zero   RW         1811    .bss..L_MergedGlobals  can_port.o
    0x200002c3   COMPRESSED   0x00000001   PAD
    0x200002c4        -       0x0000001c   Zero   RW         1856    .bss..L_MergedGlobals  port_mapping.o
    0x200002e0        -       0x00000004   Zero   RW         1886    .bss..L_MergedGlobals  uart_port.o
    0x200002e4        -       0x00000048   Zero   RW         1946    .bss..L_MergedGlobals  foc_core.o
    0x2000032c        -       0x00000010   Zero   RW         1964    .bss..L_MergedGlobals  foc_statemachine.o
    0x2000033c        -       0x00000028   Zero   RW         2021    .bss..L_MergedGlobals  smo.o
    0x20000364        -       0x00000010   Zero   RW         2058    .bss..L_MergedGlobals  svpwm.o
    0x20000374        -       0x0000006c   Zero   RW         2076    .bss..L_MergedGlobals  hfi.o
    0x200003e0        -       0x0000003c   Zero   RW         2098    .bss..L_MergedGlobals  tune.o
    0x2000041c        -       0x0000003c   Zero   RW         2127    .bss..L_MergedGlobals  encoder.o
    0x20000458        -       0x00000012   Zero   RW         2185    .bss..L_MergedGlobals  rgb.o
    0x2000046a   COMPRESSED   0x00000002   PAD
    0x2000046c        -       0x00000022   Zero   RW         2208    .bss..L_MergedGlobals  adc_dr.o
    0x2000048e   COMPRESSED   0x00000002   PAD
    0x20000490        -       0x00000048   Zero   RW         2227    .bss..L_MergedGlobals  log.o
    0x200004d8        -       0x00000024   Zero   RW         2404    .bss..L_MergedGlobals  trajectory.o
    0x200004fc        -       0x00000040   Zero   RW         1810    .bss.CanRxData      can_port.o
    0x2000053c        -       0x00000001   Zero   RW         1723    .bss.USBD_SetConfig.cfgidx  usbd_ctlreq.o
    0x2000053d   COMPRESSED   0x00000003   PAD
    0x20000540        -       0x00000080   Zero   RW         1551    .bss.USBD_StrDesc   usbd_desc.o
    0x200005c0        -       0x00000220   Zero   RW         1646    .bss.USBD_static_malloc.mem  usbd_conf.o
    0x200007e0        -       0x00000085   Zero   RW         1881    .bss.UsartRxFrame_g  uart_port.o
    0x20000865        -       0x00000085   Zero   RW         1882    .bss.UsartTxFrame_g  uart_port.o
    0x200008ea        -       0x00000200   Zero   RW         1573    .bss.UserRxBufferFS  usbd_cdc_if.o
    0x20000aea        -       0x00000200   Zero   RW         1574    .bss.UserTxBufferFS  usbd_cdc_if.o
    0x20000cea        -       0x00000001   Zero   RW         2148    .bss._init_fault_tic  flashdr.o
    0x20000ceb        -       0x00000001   Zero   RW         1883    .bss._rx            uart_port.o
    0x20000cec        -       0x00000004   Zero   RW         1824    .bss._sta           datamonitoring.o
    0x20000cf0        -       0x00000085   Zero   RW         1884    .bss._tx_data       uart_port.o
    0x20000d75   COMPRESSED   0x00000003   PAD
    0x20000d78        -       0x00000098   Zero   RW         1852    .bss.com_frame      port_mapping.o
    0x20000e10        -       0x0000005c   Zero   RW         1944    .bss.foc_val        foc_core.o
    0x20000e6c        -       0x000000a0   Zero   RW         2250    .bss.g_Param        parameter_manager.o
    0x20000f0c        -       0x000000cc   Zero   RW         2097    .bss.g_tune_ctx     tune.o
    0x20000fd8        -       0x000002dc   Zero   RW         1526    .bss.hUsbDeviceFS   usb_device.o
    0x200012b4        -       0x00000048   Zero   RW           44    .bss.hadc1          adc.o
    0x200012fc        -       0x00000048   Zero   RW           45    .bss.hadc2          adc.o
    0x20001344        -       0x00000028   Zero   RW           62    .bss.hcan2          can.o
    0x2000136c        -       0x00000060   Zero   RW           46    .bss.hdma_adc1      adc.o
    0x200013cc        -       0x00000060   Zero   RW           47    .bss.hdma_adc2      adc.o
    0x2000142c        -       0x00000060   Zero   RW           90    .bss.hdma_spi3_rx   spi.o
    0x2000148c        -       0x00000060   Zero   RW           91    .bss.hdma_spi3_tx   spi.o
    0x200014ec        -       0x00000060   Zero   RW          112    .bss.hdma_tim4_ch2  tim.o
    0x2000154c        -       0x00000060   Zero   RW          129    .bss.hdma_usart1_rx  usart.o
    0x200015ac        -       0x00000060   Zero   RW          128    .bss.hdma_usart1_tx  usart.o
    0x2000160c        -       0x000004e4   Zero   RW         1645    .bss.hpcd_USB_OTG_FS  usbd_conf.o
    0x20001af0        -       0x00000058   Zero   RW           88    .bss.hspi2          spi.o
    0x20001b48        -       0x00000058   Zero   RW           89    .bss.hspi3          spi.o
    0x20001ba0        -       0x00000048   Zero   RW          110    .bss.htim4          tim.o
    0x20001be8        -       0x00000048   Zero   RW          111    .bss.htim8          tim.o
    0x20001c30        -       0x00000048   Zero   RW          127    .bss.huart1         usart.o
    0x20001c78        -       0x000000c4   Zero   RW         2003    .bss.loop_con       loop_control.o
    0x20001d3c        -       0x00000064   Zero   RW         2020    .bss.smo            smo.o
    0x20001da0        -       0x00000001   Zero   RW         2294    .bss.system_status  system_statemachine.o
    0x20001da1        -       0x00000001   Zero   RW         1907    .bss.trans_fault_tic  usb_port.o
    0x20001da2   COMPRESSED   0x00000002   PAD
    0x20001da4        -       0x00000040   Zero   RW         1825    .bss.txdata_queue   datamonitoring.o
    0x20001de4        -       0x00000004   Zero   RW          742    .bss.uwTick         stm32f4xx_hal.o
    0x20001de8        -       0x00000250   Zero   RW         2183    .bss.ws2812_dma_buf  rgb.o
    0x20002038        -       0x00000800   Zero   RW            1    STACK               startup_stm32f405xx.o


    Execution Region RW_IRAM2 (Exec base: 0x2001c000, Load base: 0x08014668, Size: 0x00000000, Max: 0x00004000, ABSOLUTE)

    **** No section assigned to this execution region ****


==============================================================================

Image component sizes


      Code (inc. data)   RO Data    RW Data    ZI Data      Debug   Object Name

       636          0          0          0        336       5894   adc.o
       684         20        256          1         34       5832   adc_dr.o
       332          0          0          0          0       2823   app_iap.o
       262          0          0          0         40       6221   can.o
       806          0          0         20         75       7058   can_port.o
       506         22          0          0         68       2882   datamonitoring.o
       172          0          0          0          0       3471   dma.o
      1198         28          0          4         60       8460   encoder.o
       104          0          0          0          0      10181   filter.o
      1202          0          0          0          1       7052   flashdr.o
      1836         56          0         12        164       9697   foc_core.o
       334         10          0         24         16       9858   foc_statemachine.o
       344          0          0          0          0       2271   gpio.o
       458         24         20          0        108       4916   hfi.o
       396          0          0          0         72       2605   log.o
      1118         16          0          0        196      11434   loop_control.o
       286          0          0          0          8       3881   main.o
        46          0          0          0          0        952   math_fast.o
      1948        194          0          0        160       8230   parameter_manager.o
      1994        242          1         12        180       8156   port_mapping.o
       610         12          0         56          0       3774   protection_manager.o
       162          0          0          0          0       3490   queue.o
      1190         64         15          1        610       9559   rgb.o
      1158         84          0          0        140       5876   smo.o
       556          0          0          0        368       7443   spi.o
        36          8        392          0       2048        844   startup_stm32f405xx.o
       156         32          0          0          0       1443   status_feedback.o
       204          0          0          8          4       7259   stm32f4xx_hal.o
      1230          0          0          0          0      12330   stm32f4xx_hal_adc.o
      1832          6          0          0          0      13836   stm32f4xx_hal_can.o
       196          0          0          0          0      10676   stm32f4xx_hal_cortex.o
      1146          6          8          0          0      10540   stm32f4xx_hal_dma.o
       534          0          0         32          0       5598   stm32f4xx_hal_flash.o
       394          0          0          0          0       5838   stm32f4xx_hal_flash_ex.o
       440          0          0          0          0       5358   stm32f4xx_hal_gpio.o
        60          0          0          0          0       1618   stm32f4xx_hal_msp.o
      3568          0          0          0          0      17265   stm32f4xx_hal_pcd.o
       216          0          0          0          0       4740   stm32f4xx_hal_pcd_ex.o
      1490          0          0          0          0       7418   stm32f4xx_hal_rcc.o
      4216          0          0          0          0      26642   stm32f4xx_hal_spi.o
      3486         12         48          0          0      57436   stm32f4xx_hal_tim.o
       666          0          0          0          0      21493   stm32f4xx_hal_tim_ex.o
      3560          0          0          0          0      32251   stm32f4xx_hal_uart.o
       164          0          0          0          0      11446   stm32f4xx_it.o
      5064          0          0          0          0      40139   stm32f4xx_ll_usb.o
       916         32          0          0         16       8447   svpwm.o
       130          0          0          0          1       1399   system_statemachine.o
        18          0         24          4          0       2595   system_stm32f4xx.o
      1000          0          0          0        240       9576   tim.o
       524         12          0          0         36       4273   trajectory.o
      2902        154          0          0        264      11831   tune.o
       610          0          0          0        404       6498   uart_port.o
       318          0          0          0        264       7088   usart.o
       114          0          0          0        732       3220   usb_device.o
       514          0          0        266          1       3784   usb_port.o
      1230         12          0        133          0      11517   usbd_cdc.o
       144          0          0         20       1024       5009   usbd_cdc_if.o
       784          0          0          0       1796      18318   usbd_conf.o
      1004          0          0          0          0      11118   usbd_core.o
      1714         34          0          0          1      11139   usbd_ctlreq.o
       532         40          0         76        128       4115   usbd_desc.o
       134          0          0          0          0       4751   usbd_ioreq.o

    ----------------------------------------------------------------------
     60042       1120        800        680       9612     570864   Object Totals
         0          0         32          0          0          0   (incl. Generated)
       458          0          4         11         17          0   (incl. Padding)

    ----------------------------------------------------------------------

      Code (inc. data)   RO Data    RW Data    ZI Data      Debug   Library Member Name

       388          0          0          0          0       2465   arm_biquad_cascade_df1_f32.o
        22          0          0          0          0       1082   arm_biquad_cascade_df1_init_f32.o
         0          0       2052          0          0       6294   arm_common_tables.o
       292         16          0          0          0       1600   arm_sin_cos_f32.o
       684         90          0          0          0        208   atan2f.o
       492         62         48          0          0        236   expf.o
       176          0          0          0          0        168   fmodf.o
        38          0          0          0          0        116   fpclassifyf.o
        60         18          0          0          0        580   funder.o
       228         20          0          0          0        152   tanhf.o
        58          0          0          0          0          0   __dczerorl.o
         0          0          0          0          0          0   entry.o
         0          0          0          0          0          0   entry10a.o
         0          0          0          0          0          0   entry11a.o
         8          4          0          0          0          0   entry2.o
         4          0          0          0          0          0   entry5.o
         0          0          0          0          0          0   entry7b.o
         0          0          0          0          0          0   entry8b.o
         8          4          0          0          0          0   entry9a.o
        12          6          0          4          0         68   errno.o
        30          0          0          0          0          0   handlers.o
        48         10          0          0          0         68   init.o
         0          0          0          0          0          0   iusefp.o
        30          0          0          0          0         68   llshl.o
        36          0          0          0          0         68   llsshr.o
        32          0          0          0          0         68   llushr.o
        36          0          0          0          0         68   memcpya.o
        36          0          0          0          0        108   memseta.o
        14          0          0          0          0         68   strlen.o
        98          0          0          0          0         92   uldiv.o
        56          0          0          0          0         88   d2f.o
       334          0          0          0          0        148   dadd.o
        54          0          0          0          0         80   dcmplt.o
       186          0          0          0          0        176   depilogue.o
        26          0          0          0          0         76   dfltui.o
       228          0          0          0          0         96   dmul.o
        38          0          0          0          0         68   f2d.o
       110          0          0          0          0        168   fepilogue.o
        82          0          0          0          0         96   frem.o

    ----------------------------------------------------------------------
      3950        230       2100          4          0      14573   Library Totals
         6          0          0          0          0          0   (incl. Padding)

    ----------------------------------------------------------------------

      Code (inc. data)   RO Data    RW Data    ZI Data      Debug   Library Name

       702         16       2052          0          0      11441   arm_cortexM4lf_math.lib
      1678        190         48          0          0       1460   m_wm.l
       450         24          0          4          0        676   mc_w.l
      1114          0          0          0          0        996   mf_w.l

    ----------------------------------------------------------------------
      3950        230       2100          4          0      14573   Library Totals

    ----------------------------------------------------------------------

==============================================================================


      Code (inc. data)   RO Data    RW Data    ZI Data      Debug   

     63992       1350       2900        684       9612     582809   Grand Totals
     63992       1350       2900        280       9612     582809   ELF Image Totals (compressed)
     63992       1350       2900        280          0          0   ROM Totals

==============================================================================

    Total RO  Size (Code + RO Data)                66892 (  65.32kB)
    Total RW  Size (RW Data + ZI Data)             10296 (  10.05kB)
    Total ROM Size (Code + RO Data + RW Data)      67172 (  65.60kB)

==============================================================================

