Component: Arm Compiler for Embedded 6.22 Tool: armlink [5ee90200]

==============================================================================

Section Cross References

    startup_stm32f405xx.o(RESET) refers to startup_stm32f405xx.o(STACK) for __initial_sp
    startup_stm32f405xx.o(RESET) refers to startup_stm32f405xx.o(.text) for Reset_Handler
    startup_stm32f405xx.o(RESET) refers to stm32f4xx_it.o(.text.NMI_Handler) for NMI_Handler
    startup_stm32f405xx.o(RESET) refers to stm32f4xx_it.o(.text.HardFault_Handler) for HardFault_Handler
    startup_stm32f405xx.o(RESET) refers to stm32f4xx_it.o(.text.MemManage_Handler) for MemManage_Handler
    startup_stm32f405xx.o(RESET) refers to stm32f4xx_it.o(.text.BusFault_Handler) for BusFault_Handler
    startup_stm32f405xx.o(RESET) refers to stm32f4xx_it.o(.text.UsageFault_Handler) for UsageFault_Handler
    startup_stm32f405xx.o(RESET) refers to stm32f4xx_it.o(.text.SVC_Handler) for SVC_Handler
    startup_stm32f405xx.o(RESET) refers to stm32f4xx_it.o(.text.DebugMon_Handler) for DebugMon_Handler
    startup_stm32f405xx.o(RESET) refers to stm32f4xx_it.o(.text.PendSV_Handler) for PendSV_Handler
    startup_stm32f405xx.o(RESET) refers to stm32f4xx_it.o(.text.SysTick_Handler) for SysTick_Handler
    startup_stm32f405xx.o(RESET) refers to stm32f4xx_it.o(.text.DMA1_Stream0_IRQHandler) for DMA1_Stream0_IRQHandler
    startup_stm32f405xx.o(RESET) refers to stm32f4xx_it.o(.text.DMA1_Stream3_IRQHandler) for DMA1_Stream3_IRQHandler
    startup_stm32f405xx.o(RESET) refers to stm32f4xx_it.o(.text.DMA1_Stream5_IRQHandler) for DMA1_Stream5_IRQHandler
    startup_stm32f405xx.o(RESET) refers to stm32f4xx_it.o(.text.TIM8_UP_TIM13_IRQHandler) for TIM8_UP_TIM13_IRQHandler
    startup_stm32f405xx.o(RESET) refers to stm32f4xx_it.o(.text.DMA2_Stream0_IRQHandler) for DMA2_Stream0_IRQHandler
    startup_stm32f405xx.o(RESET) refers to stm32f4xx_it.o(.text.DMA2_Stream2_IRQHandler) for DMA2_Stream2_IRQHandler
    startup_stm32f405xx.o(RESET) refers to stm32f4xx_it.o(.text.CAN2_RX0_IRQHandler) for CAN2_RX0_IRQHandler
    startup_stm32f405xx.o(RESET) refers to stm32f4xx_it.o(.text.OTG_FS_IRQHandler) for OTG_FS_IRQHandler
    startup_stm32f405xx.o(RESET) refers to stm32f4xx_it.o(.text.DMA2_Stream5_IRQHandler) for DMA2_Stream5_IRQHandler
    startup_stm32f405xx.o(RESET) refers to stm32f4xx_it.o(.text.DMA2_Stream7_IRQHandler) for DMA2_Stream7_IRQHandler
    startup_stm32f405xx.o(.text) refers to system_stm32f4xx.o(.text.SystemInit) for SystemInit
    startup_stm32f405xx.o(.text) refers to entry.o(.ARM.Collect$$$$00000000) for __main
    main.o(.text.main) refers to stm32f4xx_hal.o(.text.HAL_Init) for HAL_Init
    main.o(.text.main) refers to main.o(.text.SystemClock_Config) for SystemClock_Config
    main.o(.text.main) refers to gpio.o(.text.MX_GPIO_Init) for MX_GPIO_Init
    main.o(.text.main) refers to dma.o(.text.MX_DMA_Init) for MX_DMA_Init
    main.o(.text.main) refers to spi.o(.text.MX_SPI2_Init) for MX_SPI2_Init
    main.o(.text.main) refers to tim.o(.text.MX_TIM4_Init) for MX_TIM4_Init
    main.o(.text.main) refers to adc.o(.text.MX_ADC1_Init) for MX_ADC1_Init
    main.o(.text.main) refers to adc.o(.text.MX_ADC2_Init) for MX_ADC2_Init
    main.o(.text.main) refers to can.o(.text.MX_CAN2_Init) for MX_CAN2_Init
    main.o(.text.main) refers to spi.o(.text.MX_SPI3_Init) for MX_SPI3_Init
    main.o(.text.main) refers to usart.o(.text.MX_USART1_UART_Init) for MX_USART1_UART_Init
    main.o(.text.main) refers to tim.o(.text.MX_TIM8_Init) for MX_TIM8_Init
    main.o(.text.main) refers to usb_device.o(.text.MX_USB_DEVICE_Init) for MX_USB_DEVICE_Init
    main.o(.ARM.exidx.text.main) refers to main.o(.text.main) for [Anonymous Symbol]
    main.o(.text.SystemClock_Config) refers to memseta.o(.text) for __aeabi_memclr4
    main.o(.text.SystemClock_Config) refers to stm32f4xx_hal_rcc.o(.text.HAL_RCC_OscConfig) for HAL_RCC_OscConfig
    main.o(.text.SystemClock_Config) refers to main.o(.text.Error_Handler) for Error_Handler
    main.o(.text.SystemClock_Config) refers to stm32f4xx_hal_rcc.o(.text.HAL_RCC_ClockConfig) for HAL_RCC_ClockConfig
    main.o(.ARM.exidx.text.SystemClock_Config) refers to main.o(.text.SystemClock_Config) for [Anonymous Symbol]
    main.o(.ARM.exidx.text.Error_Handler) refers to main.o(.text.Error_Handler) for [Anonymous Symbol]
    main.o(.text.User_Error_Handler) refers to main.o(.bss.Error_Index) for Error_Index
    main.o(.ARM.exidx.text.User_Error_Handler) refers to main.o(.text.User_Error_Handler) for [Anonymous Symbol]
    gpio.o(.text.MX_GPIO_Init) refers to stm32f4xx_hal_gpio.o(.text.HAL_GPIO_WritePin) for HAL_GPIO_WritePin
    gpio.o(.text.MX_GPIO_Init) refers to stm32f4xx_hal_gpio.o(.text.HAL_GPIO_Init) for HAL_GPIO_Init
    gpio.o(.ARM.exidx.text.MX_GPIO_Init) refers to gpio.o(.text.MX_GPIO_Init) for [Anonymous Symbol]
    adc.o(.text.MX_ADC1_Init) refers to adc.o(.bss.hadc1) for hadc1
[...]
    [Anonymous Symbol]                       0x08008d14   Section        0  stm32f4xx_ll_usb.o(.text.USB_EPClearStall)
    [Anonymous Symbol]                       0x08008db4   Section        0  stm32f4xx_ll_usb.o(.text.USB_EPSetStall)
    [Anonymous Symbol]                       0x08008e5c   Section        0  stm32f4xx_ll_usb.o(.text.USB_EPStartXfer)
    [Anonymous Symbol]                       0x08009254   Section        0  stm32f4xx_ll_usb.o(.text.USB_EPStopXfer)
    [Anonymous Symbol]                       0x08009370   Section        0  stm32f4xx_ll_usb.o(.text.USB_EnableGlobalInt)
    [Anonymous Symbol]                       0x08009384   Section        0  stm32f4xx_ll_usb.o(.text.USB_FlushRxFifo)
    [Anonymous Symbol]                       0x080093f8   Section        0  stm32f4xx_ll_usb.o(.text.USB_FlushTxFifo)
    [Anonymous Symbol]                       0x08009474   Section        0  stm32f4xx_ll_usb.o(.text.USB_GetDevSpeed)
    [Anonymous Symbol]                       0x080094c0   Section        0  stm32f4xx_ll_usb.o(.text.USB_GetMode)
    [Anonymous Symbol]                       0x080094d0   Section        0  stm32f4xx_ll_usb.o(.text.USB_ReadDevAllInEpInterrupt)
    [Anonymous Symbol]                       0x080094f4   Section        0  stm32f4xx_ll_usb.o(.text.USB_ReadDevAllOutEpInterrupt)
    [Anonymous Symbol]                       0x08009518   Section        0  stm32f4xx_ll_usb.o(.text.USB_ReadDevInEPInterrupt)
    [Anonymous Symbol]                       0x08009568   Section        0  stm32f4xx_ll_usb.o(.text.USB_ReadDevOutEPInterrupt)
    [Anonymous Symbol]                       0x08009598   Section        0  stm32f4xx_ll_usb.o(.text.USB_ReadInterrupts)
    [Anonymous Symbol]                       0x080095b4   Section        0  stm32f4xx_ll_usb.o(.text.USB_ReadPacket)
    [Anonymous Symbol]                       0x08009668   Section        0  stm32f4xx_ll_usb.o(.text.USB_SetCurrentMode)
    [Anonymous Symbol]                       0x08009748   Section        0  stm32f4xx_ll_usb.o(.text.USB_SetDevAddress)
    [Anonymous Symbol]                       0x08009780   Section        0  stm32f4xx_ll_usb.o(.text.USB_SetDevSpeed)
    [Anonymous Symbol]                       0x080097a4   Section        0  stm32f4xx_ll_usb.o(.text.USB_SetTurnaroundTime)
    [Anonymous Symbol]                       0x08009960   Section        0  stm32f4xx_ll_usb.o(.text.USB_WritePacket)
    [Anonymous Symbol]                       0x080099e4   Section        0  stm32f4xx_it.o(.text.UsageFault_Handler)
    __NVIC_EnableIRQ                         0x080099e9   Thumb Code    48  stm32f4xx_hal_cortex.o(.text.__NVIC_EnableIRQ)
    [Anonymous Symbol]                       0x080099e8   Section        0  stm32f4xx_hal_cortex.o(.text.__NVIC_EnableIRQ)
    __NVIC_GetPriorityGrouping               0x08009a19   Thumb Code    16  stm32f4xx_hal_cortex.o(.text.__NVIC_GetPriorityGrouping)
    [Anonymous Symbol]                       0x08009a18   Section        0  stm32f4xx_hal_cortex.o(.text.__NVIC_GetPriorityGrouping)
    __NVIC_SetPriority                       0x08009a29   Thumb Code    66  stm32f4xx_hal_cortex.o(.text.__NVIC_SetPriority)
    [Anonymous Symbol]                       0x08009a28   Section        0  stm32f4xx_hal_cortex.o(.text.__NVIC_SetPriority)
    __NVIC_SetPriorityGrouping               0x08009a6d   Thumb Code    60  stm32f4xx_hal_cortex.o(.text.__NVIC_SetPriorityGrouping)
    [Anonymous Symbol]                       0x08009a6c   Section        0  stm32f4xx_hal_cortex.o(.text.__NVIC_SetPriorityGrouping)
    [Anonymous Symbol]                       0x08009aa8   Section        0  main.o(.text.main)
    i.__scatterload_copy                     0x08009ae8   Section       14  handlers.o(i.__scatterload_copy)
    i.__scatterload_null                     0x08009af6   Section        2  handlers.o(i.__scatterload_null)
    i.__scatterload_zeroinit                 0x08009af8   Section       14  handlers.o(i.__scatterload_zeroinit)
    DMA_CalcBaseAndBitshift.flagBitshiftOffset 0x08009b1e   Data           8  stm32f4xx_hal_dma.o(.rodata.DMA_CalcBaseAndBitshift.flagBitshiftOffset)
    [Anonymous Symbol]                       0x08009b1e   Section        0  stm32f4xx_hal_dma.o(.rodata.DMA_CalcBaseAndBitshift.flagBitshiftOffset)
    .L.str.3                                 0x08009b26   Data          14  usbd_desc.o(.rodata.str1.1)
    [Anonymous Symbol]                       0x08009b26   Section        0  usbd_desc.o(.rodata.str1.1)
    .L.str.2                                 0x08009b34   Data          11  usbd_desc.o(.rodata.str1.1)
    .L.str.1                                 0x08009b3f   Data          19  usbd_desc.o(.rodata.str1.1)
    .L.str                                   0x08009b52   Data          22  usbd_desc.o(.rodata.str1.1)
    CDCCmdEpAdd                              0x20000000   Data           1  usbd_cdc.o(.data.CDCCmdEpAdd)
    [Anonymous Symbol]                       0x20000000   Section        0  usbd_cdc.o(.data.CDCCmdEpAdd)
    CDCInEpAdd                               0x20000001   Data           1  usbd_cdc.o(.data.CDCInEpAdd)
    [Anonymous Symbol]                       0x20000001   Section        0  usbd_cdc.o(.data.CDCInEpAdd)
    CDCOutEpAdd                              0x20000002   Data           1  usbd_cdc.o(.data.CDCOutEpAdd)
    [Anonymous Symbol]                       0x20000002   Section        0  usbd_cdc.o(.data.CDCOutEpAdd)
    USBD_CDC_CfgDesc                         0x2000005c   Data          67  usbd_cdc.o(.data.USBD_CDC_CfgDesc)
    [Anonymous Symbol]                       0x2000005c   Section        0  usbd_cdc.o(.data.USBD_CDC_CfgDesc)
    USBD_CDC_DeviceQualifierDesc             0x200000a0   Data          10  usbd_cdc.o(.data.USBD_CDC_DeviceQualifierDesc)
    [Anonymous Symbol]                       0x200000a0   Section        0  usbd_cdc.o(.data.USBD_CDC_DeviceQualifierDesc)
    USBD_SetConfig.cfgidx                    0x200000f8   Data           1  usbd_ctlreq.o(.bss.USBD_SetConfig.cfgidx)
    [Anonymous Symbol]                       0x200000f8   Section        0  usbd_ctlreq.o(.bss.USBD_SetConfig.cfgidx)
    USBD_static_malloc.mem                   0x200002fc   Data         544  usbd_conf.o(.bss.USBD_static_malloc.mem)
    [Anonymous Symbol]                       0x200002fc   Section        0  usbd_conf.o(.bss.USBD_static_malloc.mem)
    STACK                                    0x200021c0   Section     1024  startup_stm32f405xx.o(STACK)

    Global Symbols

    Symbol Name                              Value     Ov Type        Size  Object(Section)

    BuildAttributes$$THM_ISAv4$E$P$D$K$B$S$7EM$VFPi3$EXTD16$VFPS$VFMA$PE$A:L22UL41UL21$X:L11$S22US41US21$IEEE1$IW$~IW$USESV6$~STKCKD$USESV7$~SHL$OTIME$ROPI$IEEEX$EBA8$MICROLIB$REQ8$PRES8$EABIv2 0x00000000   Number         0  anon$$obj.o ABSOLUTE
    __cpp_initialize__aeabi_                  - Undefined Weak Reference
    __cxa_finalize                            - Undefined Weak Reference
    __decompress                              - Undefined Weak Reference
    _clock_init                               - Undefined Weak Reference
    _microlib_exit                            - Undefined Weak Reference
    __Vectors_Size                           0x00000188   Number         0  startup_stm32f405xx.o ABSOLUTE
    __Vectors                                0x08000000   Data           4  startup_stm32f405xx.o(RESET)
    __Vectors_End                            0x08000188   Data           0  startup_stm32f405xx.o(RESET)
    __main                                   0x08000189   Thumb Code     0  entry.o(.ARM.Collect$$$$00000000)
    _main_stk                                0x08000189   Thumb Code     0  entry2.o(.ARM.Collect$$$$00000001)
    _main_scatterload                        0x0800018d   Thumb Code     0  entry5.o(.ARM.Collect$$$$00000004)
    __main_after_scatterload                 0x08000191   Thumb Code     0  entry5.o(.ARM.Collect$$$$00000004)
    _main_clock                              0x08000191   Thumb Code     0  entry7b.o(.ARM.Collect$$$$00000008)
    _main_cpp_init                           0x08000191   Thumb Code     0  entry8b.o(.ARM.Collect$$$$0000000A)
    _main_init                               0x08000191   Thumb Code     0  entry9a.o(.ARM.Collect$$$$0000000B)
    __rt_final_cpp                           0x08000199   Thumb Code     0  entry10a.o(.ARM.Collect$$$$0000000D)
    __rt_final_exit                          0x08000199   Thumb Code     0  entry11a.o(.ARM.Collect$$$$0000000F)
    Reset_Handler                            0x0800019d   Thumb Code     8  startup_stm32f405xx.o(.text)
    ADC_IRQHandler                           0x080001b7   Thumb Code     0  startup_stm32f405xx.o(.text)
    CAN1_RX0_IRQHandler                      0x080001b7   Thumb Code     0  startup_stm32f405xx.o(.text)
    CAN1_RX1_IRQHandler                      0x080001b7   Thumb Code     0  startup_stm32f405xx.o(.text)
    CAN1_SCE_IRQHandler                      0x080001b7   Thumb Code     0  startup_stm32f405xx.o(.text)
    CAN1_TX_IRQHandler                       0x080001b7   Thumb Code     0  startup_stm32f405xx.o(.text)
    CAN2_RX1_IRQHandler                      0x080001b7   Thumb Code     0  startup_stm32f405xx.o(.text)
    CAN2_SCE_IRQHandler                      0x080001b7   Thumb Code     0  startup_stm32f405xx.o(.text)
    CAN2_TX_IRQHandler                       0x080001b7   Thumb Code     0  startup_stm32f405xx.o(.text)
    DMA1_Stream1_IRQHandler                  0x080001b7   Thumb Code     0  startup_stm32f405xx.o(.text)
    DMA1_Stream2_IRQHandler                  0x080001b7   Thumb Code     0  startup_stm32f405xx.o(.text)
    DMA1_Stream4_IRQHandler                  0x080001b7   Thumb Code     0  startup_stm32f405xx.o(.text)
    DMA1_Stream6_IRQHandler                  0x080001b7   Thumb Code     0  startup_stm32f405xx.o(.text)
    DMA1_Stream7_IRQHandler                  0x080001b7   Thumb Code     0  startup_stm32f405xx.o(.text)
    DMA2_Stream1_IRQHandler                  0x080001b7   Thumb Code     0  startup_stm32f405xx.o(.text)
    DMA2_Stream3_IRQHandler                  0x080001b7   Thumb Code     0  startup_stm32f405xx.o(.text)
    DMA2_Stream4_IRQHandler                  0x080001b7   Thumb Code     0  startup_stm32f405xx.o(.text)
    DMA2_Stream6_IRQHandler                  0x080001b7   Thumb Code     0  startup_stm32f405xx.o(.text)
    EXTI0_IRQHandler                         0x080001b7   Thumb Code     0  startup_stm32f405xx.o(.text)
    EXTI15_10_IRQHandler                     0x080001b7   Thumb Code     0  startup_stm32f405xx.o(.text)
    EXTI1_IRQHandler                         0x080001b7   Thumb Code     0  startup_stm32f405xx.o(.text)
    EXTI2_IRQHandler                         0x080001b7   Thumb Code     0  startup_stm32f405xx.o(.text)
    EXTI3_IRQHandler                         0x080001b7   Thumb Code     0  startup_stm32f405xx.o(.text)
    EXTI4_IRQHandler                         0x080001b7   Thumb Code     0  startup_stm32f405xx.o(.text)
    EXTI9_5_IRQHandler                       0x080001b7   Thumb Code     0  startup_stm32f405xx.o(.text)
    FLASH_IRQHandler                         0x080001b7   Thumb Code     0  startup_stm32f405xx.o(.text)
    FMC_IRQHandler                           0x080001b7   Thumb Code     0  startup_stm32f405xx.o(.text)
    FPU_IRQHandler                           0x080001b7   Thumb Code     0  startup_stm32f405xx.o(.text)
    HASH_RNG_IRQHandler                      0x080001b7   Thumb Code     0  startup_stm32f405xx.o(.text)
    I2C1_ER_IRQHandler                       0x080001b7   Thumb Code     0  startup_stm32f405xx.o(.text)
    I2C1_EV_IRQHandler                       0x080001b7   Thumb Code     0  startup_stm32f405xx.o(.text)
    I2C2_ER_IRQHandler                       0x080001b7   Thumb Code     0  startup_stm32f405xx.o(.text)
    I2C2_EV_IRQHandler                       0x080001b7   Thumb Code     0  startup_stm32f405xx.o(.text)
    I2C3_ER_IRQHandler                       0x080001b7   Thumb Code     0  startup_stm32f405xx.o(.text)
    I2C3_EV_IRQHandler                       0x080001b7   Thumb Code     0  startup_stm32f405xx.o(.text)
    OTG_FS_WKUP_IRQHandler                   0x080001b7   Thumb Code     0  startup_stm32f405xx.o(.text)
    OTG_HS_EP1_IN_IRQHandler                 0x080001b7   Thumb Code     0  startup_stm32f405xx.o(.text)
    OTG_HS_EP1_OUT_IRQHandler                0x080001b7   Thumb Code     0  startup_stm32f405xx.o(.text)
    OTG_HS_IRQHandler                        0x080001b7   Thumb Code     0  startup_stm32f405xx.o(.text)
    OTG_HS_WKUP_IRQHandler                   0x080001b7   Thumb Code     0  startup_stm32f405xx.o(.text)
    PVD_IRQHandler                           0x080001b7   Thumb Code     0  startup_stm32f405xx.o(.text)
    RCC_IRQHandler                           0x080001b7   Thumb Code     0  startup_stm32f405xx.o(.text)
    RTC_Alarm_IRQHandler                     0x080001b7   Thumb Code     0  startup_stm32f405xx.o(.text)
    RTC_WKUP_IRQHandler                      0x080001b7   Thumb Code     0  startup_stm32f405xx.o(.text)
    SDIO_IRQHandler                          0x080001b7   Thumb Code     0  startup_stm32f405xx.o(.text)
    SPI1_IRQHandler                          0x080001b7   Thumb Code     0  startup_stm32f405xx.o(.text)
    SPI2_IRQHandler                          0x080001b7   Thumb Code     0  startup_stm32f405xx.o(.text)
    SPI3_IRQHandler                          0x080001b7   Thumb Code     0  startup_stm32f405xx.o(.text)
    TAMP_STAMP_IRQHandler                    0x080001b7   Thumb Code     0  startup_stm32f405xx.o(.text)
    TIM1_BRK_TIM9_IRQHandler                 0x080001b7   Thumb Code     0  startup_stm32f405xx.o(.text)
    TIM1_CC_IRQHandler                       0x080001b7   Thumb Code     0  startup_stm32f405xx.o(.text)
    TIM1_TRG_COM_TIM11_IRQHandler            0x080001b7   Thumb Code     0  startup_stm32f405xx.o(.text)
    TIM1_UP_TIM10_IRQHandler                 0x080001b7   Thumb Code     0  startup_stm32f405xx.o(.text)
    TIM2_IRQHandler                          0x080001b7   Thumb Code     0  startup_stm32f405xx.o(.text)
    TIM3_IRQHandler                          0x080001b7   Thumb Code     0  startup_stm32f405xx.o(.text)
    TIM4_IRQHandler                          0x080001b7   Thumb Code     0  startup_stm32f405xx.o(.text)
    TIM5_IRQHandler                          0x080001b7   Thumb Code     0  startup_stm32f405xx.o(.text)
    TIM6_DAC_IRQHandler                      0x080001b7   Thumb Code     0  startup_stm32f405xx.o(.text)
    TIM7_IRQHandler                          0x080001b7   Thumb Code     0  startup_stm32f405xx.o(.text)
    TIM8_BRK_TIM12_IRQHandler                0x080001b7   Thumb Code     0  startup_stm32f405xx.o(.text)
    TIM8_CC_IRQHandler                       0x080001b7   Thumb Code     0  startup_stm32f405xx.o(.text)
    TIM8_TRG_COM_TIM14_IRQHandler            0x080001b7   Thumb Code     0  startup_stm32f405xx.o(.text)
    UART4_IRQHandler                         0x080001b7   Thumb Code     0  startup_stm32f405xx.o(.text)
    UART5_IRQHandler                         0x080001b7   Thumb Code     0  startup_stm32f405xx.o(.text)
    USART1_IRQHandler                        0x080001b7   Thumb Code     0  startup_stm32f405xx.o(.text)
    USART2_IRQHandler                        0x080001b7   Thumb Code     0  startup_stm32f405xx.o(.text)
    USART3_IRQHandler                        0x080001b7   Thumb Code     0  startup_stm32f405xx.o(.text)
    USART6_IRQHandler                        0x080001b7   Thumb Code     0  startup_stm32f405xx.o(.text)
    WWDG_IRQHandler                          0x080001b7   Thumb Code     0  startup_stm32f405xx.o(.text)
    __aeabi_uldivmod                         0x080001c1   Thumb Code    98  uldiv.o(.text)
    __aeabi_memset                           0x08000223   Thumb Code    14  memseta.o(.text)
    __aeabi_memset4                          0x08000223   Thumb Code     0  memseta.o(.text)
    __aeabi_memset8                          0x08000223   Thumb Code     0  memseta.o(.text)
    __aeabi_memclr                           0x08000231   Thumb Code     4  memseta.o(.text)
    __aeabi_memclr4                          0x08000231   Thumb Code     0  memseta.o(.text)
    __aeabi_memclr8                          0x08000231   Thumb Code     0  memseta.o(.text)
    _memset$wrapper                          0x08000235   Thumb Code    18  memseta.o(.text)
    __aeabi_llsl                             0x08000247   Thumb Code    30  llshl.o(.text)
    _ll_shift_l                              0x08000247   Thumb Code     0  llshl.o(.text)
    __aeabi_llsr                             0x08000265   Thumb Code    32  llushr.o(.text)
    _ll_ushift_r                             0x08000265   Thumb Code     0  llushr.o(.text)
    __scatterload                            0x08000285   Thumb Code    38  init.o(.text)
    __scatterload_rt2                        0x08000285   Thumb Code     0  init.o(.text)
    BusFault_Handler                         0x08000441   Thumb Code     4  stm32f4xx_it.o(.text.BusFault_Handler)
    CAN2_RX0_IRQHandler                      0x08000445   Thumb Code    16  stm32f4xx_it.o(.text.CAN2_RX0_IRQHandler)
    DMA1_Stream0_IRQHandler                  0x08000525   Thumb Code    16  stm32f4xx_it.o(.text.DMA1_Stream0_IRQHandler)
    DMA1_Stream3_IRQHandler                  0x08000535   Thumb Code    16  stm32f4xx_it.o(.text.DMA1_Stream3_IRQHandler)
    DMA1_Stream5_IRQHandler                  0x08000545   Thumb Code    16  stm32f4xx_it.o(.text.DMA1_Stream5_IRQHandler)
    DMA2_Stream0_IRQHandler                  0x08000555   Thumb Code    16  stm32f4xx_it.o(.text.DMA2_Stream0_IRQHandler)
    DMA2_Stream2_IRQHandler                  0x08000565   Thumb Code    16  stm32f4xx_it.o(.text.DMA2_Stream2_IRQHandler)
    DMA2_Stream5_IRQHandler                  0x08000575   Thumb Code    16  stm32f4xx_it.o(.text.DMA2_Stream5_IRQHandler)
    DMA2_Stream7_IRQHandler                  0x08000585   Thumb Code    16  stm32f4xx_it.o(.text.DMA2_Stream7_IRQHandler)
    DebugMon_Handler                         0x080006dd   Thumb Code     2  stm32f4xx_it.o(.text.DebugMon_Handler)
    Error_Handler                            0x080006e1   Thumb Code     6  main.o(.text.Error_Handler)
    HAL_ADC_ConfigChannel                    0x08000745   Thumb Code   536  stm32f4xx_hal_adc.o(.text.HAL_ADC_ConfigChannel)
    HAL_ADC_Init                             0x0800095d   Thumb Code   168  stm32f4xx_hal_adc.o(.text.HAL_ADC_Init)
    HAL_ADC_MspInit                          0x08000a05   Thumb Code   492  adc.o(.text.HAL_ADC_MspInit)
    HAL_CAN_ErrorCallback                    0x08000bf1   Thumb Code     8  stm32f4xx_hal_can.o(.text.HAL_CAN_ErrorCallback)
    HAL_CAN_GetRxMessage                     0x08000bf9   Thumb Code   530  stm32f4xx_hal_can.o(.text.HAL_CAN_GetRxMessage)
    HAL_CAN_IRQHandler                       0x08000e0d   Thumb Code  1010  stm32f4xx_hal_can.o(.text.HAL_CAN_IRQHandler)
    HAL_CAN_Init                             0x08001201   Thumb Code   478  stm32f4xx_hal_can.o(.text.HAL_CAN_Init)
    HAL_CAN_MspInit                          0x080013e1   Thumb Code   254  can.o(.text.HAL_CAN_MspInit)
    HAL_CAN_RxFifo0FullCallback              0x080014e1   Thumb Code     8  stm32f4xx_hal_can.o(.text.HAL_CAN_RxFifo0FullCallback)
    HAL_CAN_RxFifo0MsgPendingCallback        0x080014e9   Thumb Code    28  candr.o(.text.HAL_CAN_RxFifo0MsgPendingCallback)
    HAL_CAN_RxFifo1FullCallback              0x08001505   Thumb Code     8  stm32f4xx_hal_can.o(.text.HAL_CAN_RxFifo1FullCallback)
    HAL_CAN_RxFifo1MsgPendingCallback        0x0800150d   Thumb Code     8  stm32f4xx_hal_can.o(.text.HAL_CAN_RxFifo1MsgPendingCallback)
    HAL_CAN_SleepCallback                    0x08001515   Thumb Code     8  stm32f4xx_hal_can.o(.text.HAL_CAN_SleepCallback)
    HAL_CAN_TxMailbox0AbortCallback          0x0800151d   Thumb Code     8  stm32f4xx_hal_can.o(.text.HAL_CAN_TxMailbox0AbortCallback)
    HAL_CAN_TxMailbox0CompleteCallback       0x08001525   Thumb Code     8  stm32f4xx_hal_can.o(.text.HAL_CAN_TxMailbox0CompleteCallback)
    HAL_CAN_TxMailbox1AbortCallback          0x0800152d   Thumb Code     8  stm32f4xx_hal_can.o(.text.HAL_CAN_TxMailbox1AbortCallback)
    HAL_CAN_TxMailbox1CompleteCallback       0x08001535   Thumb Code     8  stm32f4xx_hal_can.o(.text.HAL_CAN_TxMailbox1CompleteCallback)
    HAL_CAN_TxMailbox2AbortCallback          0x0800153d   Thumb Code     8  stm32f4xx_hal_can.o(.text.HAL_CAN_TxMailbox2AbortCallback)
    HAL_CAN_TxMailbox2CompleteCallback       0x08001545   Thumb Code     8  stm32f4xx_hal_can.o(.text.HAL_CAN_TxMailbox2CompleteCallback)
    HAL_CAN_WakeUpFromRxMsgCallback          0x0800154d   Thumb Code     8  stm32f4xx_hal_can.o(.text.HAL_CAN_WakeUpFromRxMsgCallback)
    HAL_DMA_IRQHandler                       0x08001555   Thumb Code   798  stm32f4xx_hal_dma.o(.text.HAL_DMA_IRQHandler)
    HAL_DMA_Init                             0x08001875   Thumb Code   366  stm32f4xx_hal_dma.o(.text.HAL_DMA_Init)
    HAL_Delay                                0x080019e5   Thumb Code    66  stm32f4xx_hal.o(.text.HAL_Delay)
    HAL_GPIO_Init                            0x08001a29   Thumb Code   950  stm32f4xx_hal_gpio.o(.text.HAL_GPIO_Init)
    HAL_GPIO_WritePin                        0x08001de1   Thumb Code    46  stm32f4xx_hal_gpio.o(.text.HAL_GPIO_WritePin)
    HAL_GetTick                              0x08001e11   Thumb Code    12  stm32f4xx_hal.o(.text.HAL_GetTick)
    HAL_IncTick                              0x08001e1d   Thumb Code    26  stm32f4xx_hal.o(.text.HAL_IncTick)
    HAL_Init                                 0x08001e39   Thumb Code    54  stm32f4xx_hal.o(.text.HAL_Init)
    HAL_InitTick                             0x08001e71   Thumb Code   112  stm32f4xx_hal.o(.text.HAL_InitTick)
    HAL_MspInit                              0x08001ee1   Thumb Code    74  stm32f4xx_hal_msp.o(.text.HAL_MspInit)
    HAL_NVIC_EnableIRQ                       0x08001f2d   Thumb Code    20  stm32f4xx_hal_cortex.o(.text.HAL_NVIC_EnableIRQ)
    HAL_NVIC_SetPriority                     0x08001f41   Thumb Code    50  stm32f4xx_hal_cortex.o(.text.HAL_NVIC_SetPriority)
    HAL_NVIC_SetPriorityGrouping             0x08001f75   Thumb Code    16  stm32f4xx_hal_cortex.o(.text.HAL_NVIC_SetPriorityGrouping)
    HAL_PCDEx_LPM_Callback                   0x08001f85   Thumb Code    12  stm32f4xx_hal_pcd_ex.o(.text.HAL_PCDEx_LPM_Callback)
    HAL_PCDEx_SetRxFiFo                      0x08001f91   Thumb Code    24  stm32f4xx_hal_pcd_ex.o(.text.HAL_PCDEx_SetRxFiFo)
    HAL_PCDEx_SetTxFiFo                      0x08001fa9   Thumb Code   156  stm32f4xx_hal_pcd_ex.o(.text.HAL_PCDEx_SetTxFiFo)
    HAL_PCD_ConnectCallback                  0x08002045   Thumb Code    20  usbd_conf.o(.text.HAL_PCD_ConnectCallback)
    HAL_PCD_DataInStageCallback              0x08002059   Thumb Code    38  usbd_conf.o(.text.HAL_PCD_DataInStageCallback)
    HAL_PCD_DataOutStageCallback             0x08002081   Thumb Code    40  usbd_conf.o(.text.HAL_PCD_DataOutStageCallback)
    HAL_PCD_DisconnectCallback               0x080020a9   Thumb Code    20  usbd_conf.o(.text.HAL_PCD_DisconnectCallback)
    HAL_PCD_EP_Abort                         0x080020bd   Thumb Code    94  stm32f4xx_hal_pcd.o(.text.HAL_PCD_EP_Abort)
    HAL_PCD_EP_Close                         0x0800211d   Thumb Code   168  stm32f4xx_hal_pcd.o(.text.HAL_PCD_EP_Close)
    HAL_PCD_EP_ClrStall                      0x080021c5   Thumb Code   200  stm32f4xx_hal_pcd.o(.text.HAL_PCD_EP_ClrStall)
    HAL_PCD_EP_GetRxCount                    0x0800228d   Thumb Code    34  stm32f4xx_hal_pcd.o(.text.HAL_PCD_EP_GetRxCount)
    HAL_PCD_EP_Open                          0x080022b1   Thumb Code   238  stm32f4xx_hal_pcd.o(.text.HAL_PCD_EP_Open)
    HAL_PCD_EP_Receive                       0x080023a1   Thumb Code   108  stm32f4xx_hal_pcd.o(.text.HAL_PCD_EP_Receive)
    HAL_PCD_EP_SetStall                      0x0800240d   Thumb Code   222  stm32f4xx_hal_pcd.o(.text.HAL_PCD_EP_SetStall)
    HAL_PCD_EP_Transmit                      0x080024ed   Thumb Code   108  stm32f4xx_hal_pcd.o(.text.HAL_PCD_EP_Transmit)
    HAL_PCD_IRQHandler                       0x08002559   Thumb Code  2106  stm32f4xx_hal_pcd.o(.text.HAL_PCD_IRQHandler)
    HAL_PCD_ISOINIncompleteCallback          0x08002d95   Thumb Code    28  usbd_conf.o(.text.HAL_PCD_ISOINIncompleteCallback)
    HAL_PCD_ISOOUTIncompleteCallback         0x08002db1   Thumb Code    28  usbd_conf.o(.text.HAL_PCD_ISOOUTIncompleteCallback)
    HAL_PCD_Init                             0x08002dcd   Thumb Code   578  stm32f4xx_hal_pcd.o(.text.HAL_PCD_Init)
    HAL_PCD_MspInit                          0x08003011   Thumb Code   176  usbd_conf.o(.text.HAL_PCD_MspInit)
    HAL_PCD_ResetCallback                    0x080030c1   Thumb Code    82  usbd_conf.o(.text.HAL_PCD_ResetCallback)
    HAL_PCD_ResumeCallback                   0x08003115   Thumb Code    20  usbd_conf.o(.text.HAL_PCD_ResumeCallback)
    HAL_PCD_SOFCallback                      0x08003129   Thumb Code    20  usbd_conf.o(.text.HAL_PCD_SOFCallback)
    HAL_PCD_SetAddress                       0x0800313d   Thumb Code    92  stm32f4xx_hal_pcd.o(.text.HAL_PCD_SetAddress)
    HAL_PCD_SetupStageCallback               0x08003199   Thumb Code    24  usbd_conf.o(.text.HAL_PCD_SetupStageCallback)
    HAL_PCD_Start                            0x080031b1   Thumb Code   124  stm32f4xx_hal_pcd.o(.text.HAL_PCD_Start)
    HAL_PCD_SuspendCallback                  0x0800322d   Thumb Code    62  usbd_conf.o(.text.HAL_PCD_SuspendCallback)
    HAL_RCC_ClockConfig                      0x0800326d   Thumb Code   610  stm32f4xx_hal_rcc.o(.text.HAL_RCC_ClockConfig)
    HAL_RCC_GetHCLKFreq                      0x080034d1   Thumb Code    12  stm32f4xx_hal_rcc.o(.text.HAL_RCC_GetHCLKFreq)
    HAL_RCC_GetPCLK1Freq                     0x080034dd   Thumb Code    34  stm32f4xx_hal_rcc.o(.text.HAL_RCC_GetPCLK1Freq)
    HAL_RCC_GetPCLK2Freq                     0x08003501   Thumb Code    34  stm32f4xx_hal_rcc.o(.text.HAL_RCC_GetPCLK2Freq)
    HAL_RCC_GetSysClockFreq                  0x08003525   Thumb Code   230  stm32f4xx_hal_rcc.o(.text.HAL_RCC_GetSysClockFreq)
    HAL_RCC_OscConfig                        0x0800360d   Thumb Code  1726  stm32f4xx_hal_rcc.o(.text.HAL_RCC_OscConfig)
    HAL_SPI_Init                             0x08003ccd   Thumb Code   258  stm32f4xx_hal_spi.o(.text.HAL_SPI_Init)
    HAL_SPI_MspInit                          0x08003dd1   Thumb Code   440  spi.o(.text.HAL_SPI_MspInit)
    HAL_SYSTICK_Config                       0x08003f89   Thumb Code    16  stm32f4xx_hal_cortex.o(.text.HAL_SYSTICK_Config)
    HAL_TIMEx_BreakCallback                  0x08003f99   Thumb Code     8  stm32f4xx_hal_tim_ex.o(.text.HAL_TIMEx_BreakCallback)
    HAL_TIMEx_CommutCallback                 0x08003fa1   Thumb Code     8  stm32f4xx_hal_tim_ex.o(.text.HAL_TIMEx_CommutCallback)
    HAL_TIMEx_ConfigBreakDeadTime            0x08003fa9   Thumb Code   178  stm32f4xx_hal_tim_ex.o(.text.HAL_TIMEx_ConfigBreakDeadTime)
    HAL_TIMEx_MasterConfigSynchronization    0x0800405d   Thumb Code   290  stm32f4xx_hal_tim_ex.o(.text.HAL_TIMEx_MasterConfigSynchronization)
    HAL_TIM_Base_Init                        0x08004181   Thumb Code   156  stm32f4xx_hal_tim.o(.text.HAL_TIM_Base_Init)
    HAL_TIM_Base_MspInit                     0x0800421d   Thumb Code   230  tim.o(.text.HAL_TIM_Base_MspInit)
    HAL_TIM_ConfigClockSource                0x08004305   Thumb Code   388  stm32f4xx_hal_tim.o(.text.HAL_TIM_ConfigClockSource)
    HAL_TIM_IC_CaptureCallback               0x08004489   Thumb Code     8  stm32f4xx_hal_tim.o(.text.HAL_TIM_IC_CaptureCallback)
    HAL_TIM_IRQHandler                       0x08004491   Thumb Code   538  stm32f4xx_hal_tim.o(.text.HAL_TIM_IRQHandler)
    HAL_TIM_MspPostInit                      0x080046ad   Thumb Code   334  tim.o(.text.HAL_TIM_MspPostInit)
    HAL_TIM_OC_DelayElapsedCallback          0x080047fd   Thumb Code     8  stm32f4xx_hal_tim.o(.text.HAL_TIM_OC_DelayElapsedCallback)
    HAL_TIM_PWM_ConfigChannel                0x08004805   Thumb Code   322  stm32f4xx_hal_tim.o(.text.HAL_TIM_PWM_ConfigChannel)
    HAL_TIM_PWM_Init                         0x08004949   Thumb Code   156  stm32f4xx_hal_tim.o(.text.HAL_TIM_PWM_Init)
    HAL_TIM_PWM_MspInit                      0x080049e5   Thumb Code     8  stm32f4xx_hal_tim.o(.text.HAL_TIM_PWM_MspInit)
    HAL_TIM_PWM_PulseFinishedCallback        0x080049ed   Thumb Code     8  stm32f4xx_hal_tim.o(.text.HAL_TIM_PWM_PulseFinishedCallback)
    HAL_TIM_PeriodElapsedCallback            0x080049f5   Thumb Code     8  stm32f4xx_hal_tim.o(.text.HAL_TIM_PeriodElapsedCallback)
    HAL_TIM_TriggerCallback                  0x080049fd   Thumb Code     8  stm32f4xx_hal_tim.o(.text.HAL_TIM_TriggerCallback)
    HAL_UART_Init                            0x08004a05   Thumb Code   158  stm32f4xx_hal_uart.o(.text.HAL_UART_Init)
    HAL_UART_MspInit                         0x08004aa5   Thumb Code   314  usart.o(.text.HAL_UART_MspInit)
    HardFault_Handler                        0x08004be1   Thumb Code     4  stm32f4xx_it.o(.text.HardFault_Handler)
    MX_ADC1_Init                             0x08004c61   Thumb Code   196  adc.o(.text.MX_ADC1_Init)
    MX_ADC2_Init                             0x08004d25   Thumb Code   228  adc.o(.text.MX_ADC2_Init)
    MX_CAN2_Init                             0x08004e09   Thumb Code    78  can.o(.text.MX_CAN2_Init)
    MX_DMA_Init                              0x08004e59   Thumb Code   204  dma.o(.text.MX_DMA_Init)
    MX_GPIO_Init                             0x08004f25   Thumb Code   330  gpio.o(.text.MX_GPIO_Init)
    MX_SPI2_Init                             0x08005071   Thumb Code    82  spi.o(.text.MX_SPI2_Init)
    MX_SPI3_Init                             0x080050c5   Thumb Code    80  spi.o(.text.MX_SPI3_Init)
    MX_TIM4_Init                             0x08005115   Thumb Code   214  tim.o(.text.MX_TIM4_Init)
    MX_TIM8_Init                             0x080051ed   Thumb Code   370  tim.o(.text.MX_TIM8_Init)
    MX_USART1_UART_Init                      0x08005361   Thumb Code    64  usart.o(.text.MX_USART1_UART_Init)
    MX_USB_DEVICE_Init                       0x080053a1   Thumb Code   118  usb_device.o(.text.MX_USB_DEVICE_Init)
    MemManage_Handler                        0x08005419   Thumb Code     4  stm32f4xx_it.o(.text.MemManage_Handler)
    NMI_Handler                              0x0800541d   Thumb Code     4  stm32f4xx_it.o(.text.NMI_Handler)
    OTG_FS_IRQHandler                        0x0800548d   Thumb Code    16  stm32f4xx_it.o(.text.OTG_FS_IRQHandler)
    PendSV_Handler                           0x08005825   Thumb Code     2  stm32f4xx_it.o(.text.PendSV_Handler)
    SVC_Handler                              0x08005829   Thumb Code     2  stm32f4xx_it.o(.text.SVC_Handler)
    SysTick_Handler                          0x080058b9   Thumb Code     8  stm32f4xx_it.o(.text.SysTick_Handler)
    SystemClock_Config                       0x080058c1   Thumb Code   190  main.o(.text.SystemClock_Config)
    SystemInit                               0x08005981   Thumb Code    18  system_stm32f4xx.o(.text.SystemInit)
    TIM8_UP_TIM13_IRQHandler                 0x08005995   Thumb Code    16  stm32f4xx_it.o(.text.TIM8_UP_TIM13_IRQHandler)
    TIM_Base_SetConfig                       0x080059a5   Thumb Code   420  stm32f4xx_hal_tim.o(.text.TIM_Base_SetConfig)
    TIM_ETR_SetConfig                        0x08005b49   Thumb Code    52  stm32f4xx_hal_tim.o(.text.TIM_ETR_SetConfig)
    TIM_OC2_SetConfig                        0x08005c95   Thumb Code   244  stm32f4xx_hal_tim.o(.text.TIM_OC2_SetConfig)
    USBD_CDC_GetDeviceQualifierDescriptor    0x080063cd   Thumb Code    22  usbd_cdc.o(.text.USBD_CDC_GetDeviceQualifierDescriptor)
    USBD_CDC_ReceivePacket                   0x08006751   Thumb Code   126  usbd_cdc.o(.text.USBD_CDC_ReceivePacket)
    USBD_CDC_RegisterInterface               0x080067d1   Thumb Code    52  usbd_cdc.o(.text.USBD_CDC_RegisterInterface)
    USBD_CDC_SetRxBuffer                     0x08006805   Thumb Code    60  usbd_cdc.o(.text.USBD_CDC_SetRxBuffer)
    USBD_CDC_SetTxBuffer                     0x08006841   Thumb Code    70  usbd_cdc.o(.text.USBD_CDC_SetTxBuffer)
    USBD_ClrClassConfig                      0x08006a55   Thumb Code    50  usbd_core.o(.text.USBD_ClrClassConfig)
    USBD_CoreFindEP                          0x08006ac9   Thumb Code    14  usbd_core.o(.text.USBD_CoreFindEP)
    USBD_CoreFindIF                          0x08006ad9   Thumb Code    14  usbd_core.o(.text.USBD_CoreFindIF)
    USBD_CtlContinueRx                       0x08006ae9   Thumb Code    30  usbd_ioreq.o(.text.USBD_CtlContinueRx)
    USBD_CtlContinueSendData                 0x08006b09   Thumb Code    30  usbd_ioreq.o(.text.USBD_CtlContinueSendData)
    USBD_CtlError                            0x08006b29   Thumb Code    28  usbd_ctlreq.o(.text.USBD_CtlError)
    USBD_CtlPrepareRx                        0x08006b45   Thumb Code    62  usbd_ioreq.o(.text.USBD_CtlPrepareRx)
    USBD_CtlReceiveStatus                    0x08006b85   Thumb Code    34  usbd_ioreq.o(.text.USBD_CtlReceiveStatus)
    USBD_CtlSendData                         0x08006ba9   Thumb Code    56  usbd_ioreq.o(.text.USBD_CtlSendData)
    USBD_CtlSendStatus                       0x08006be1   Thumb Code    34  usbd_ioreq.o(.text.USBD_CtlSendStatus)
    USBD_FS_ConfigStrDescriptor              0x08006c05   Thumb Code    78  usbd_desc.o(.text.USBD_FS_ConfigStrDescriptor)
    USBD_FS_DeviceDescriptor                 0x08006c55   Thumb Code    26  usbd_desc.o(.text.USBD_FS_DeviceDescriptor)
    USBD_FS_InterfaceStrDescriptor           0x08006c71   Thumb Code    78  usbd_desc.o(.text.USBD_FS_InterfaceStrDescriptor)
    USBD_FS_LangIDStrDescriptor              0x08006cc1   Thumb Code    26  usbd_desc.o(.text.USBD_FS_LangIDStrDescriptor)
    USBD_FS_ManufacturerStrDescriptor        0x08006cdd   Thumb Code    40  usbd_desc.o(.text.USBD_FS_ManufacturerStrDescriptor)
    USBD_FS_ProductStrDescriptor             0x08006d05   Thumb Code    78  usbd_desc.o(.text.USBD_FS_ProductStrDescriptor)
    USBD_FS_SerialStrDescriptor              0x08006d55   Thumb Code    32  usbd_desc.o(.text.USBD_FS_SerialStrDescriptor)
    USBD_GetEpDesc                           0x080070b1   Thumb Code   118  usbd_core.o(.text.USBD_GetEpDesc)
    USBD_GetNextDesc                         0x0800715d   Thumb Code    38  usbd_core.o(.text.USBD_GetNextDesc)
    USBD_GetString                           0x080071e9   Thumb Code   188  usbd_ctlreq.o(.text.USBD_GetString)
    USBD_Get_USB_Status                      0x080072a5   Thumb Code    82  usbd_conf.o(.text.USBD_Get_USB_Status)
    USBD_Init                                0x080072f9   Thumb Code   106  usbd_core.o(.text.USBD_Init)
    USBD_LL_ClearStallEP                     0x08007365   Thumb Code    58  usbd_conf.o(.text.USBD_LL_ClearStallEP)
    USBD_LL_CloseEP                          0x080073a1   Thumb Code    58  usbd_conf.o(.text.USBD_LL_CloseEP)
    USBD_LL_DataInStage                      0x080073dd   Thumb Code   410  usbd_core.o(.text.USBD_LL_DataInStage)
    USBD_LL_DataOutStage                     0x08007579   Thumb Code   444  usbd_core.o(.text.USBD_LL_DataOutStage)
    USBD_LL_DevConnected                     0x08007735   Thumb Code    10  usbd_core.o(.text.USBD_LL_DevConnected)
    USBD_LL_DevDisconnected                  0x08007741   Thumb Code    64  usbd_core.o(.text.USBD_LL_DevDisconnected)
    USBD_LL_GetRxDataSize                    0x08007781   Thumb Code    28  usbd_conf.o(.text.USBD_LL_GetRxDataSize)
    USBD_LL_Init                             0x0800779d   Thumb Code   126  usbd_conf.o(.text.USBD_LL_Init)
    USBD_LL_IsStallEP                        0x0800781d   Thumb Code    90  usbd_conf.o(.text.USBD_LL_IsStallEP)
    USBD_LL_IsoINIncomplete                  0x08007879   Thumb Code   110  usbd_core.o(.text.USBD_LL_IsoINIncomplete)
    USBD_LL_IsoOUTIncomplete                 0x080078e9   Thumb Code   110  usbd_core.o(.text.USBD_LL_IsoOUTIncomplete)
    USBD_LL_OpenEP                           0x08007959   Thumb Code    74  usbd_conf.o(.text.USBD_LL_OpenEP)
    USBD_LL_PrepareReceive                   0x080079a5   Thumb Code    66  usbd_conf.o(.text.USBD_LL_PrepareReceive)
    USBD_LL_Reset                            0x080079e9   Thumb Code   158  usbd_core.o(.text.USBD_LL_Reset)
    USBD_LL_Resume                           0x08007a89   Thumb Code    36  usbd_core.o(.text.USBD_LL_Resume)
    USBD_LL_SOF                              0x08007aad   Thumb Code    62  usbd_core.o(.text.USBD_LL_SOF)
    USBD_LL_SetSpeed                         0x08007aed   Thumb Code    22  usbd_core.o(.text.USBD_LL_SetSpeed)
    USBD_LL_SetUSBAddress                    0x08007b05   Thumb Code    58  usbd_conf.o(.text.USBD_LL_SetUSBAddress)
    USBD_LL_SetupStage                       0x08007b41   Thumb Code   148  usbd_core.o(.text.USBD_LL_SetupStage)
    USBD_LL_StallEP                          0x08007bd5   Thumb Code    58  usbd_conf.o(.text.USBD_LL_StallEP)
    USBD_LL_Start                            0x08007c11   Thumb Code    50  usbd_conf.o(.text.USBD_LL_Start)
    USBD_LL_Suspend                          0x08007c45   Thumb Code    44  usbd_core.o(.text.USBD_LL_Suspend)
    USBD_LL_Transmit                         0x08007c71   Thumb Code    66  usbd_conf.o(.text.USBD_LL_Transmit)
    USBD_ParseSetupRequest                   0x08007cb5   Thumb Code    98  usbd_ctlreq.o(.text.USBD_ParseSetupRequest)
    USBD_RegisterClass                       0x08007d19   Thumb Code   114  usbd_core.o(.text.USBD_RegisterClass)
    USBD_RunTestMode                         0x08007d8d   Thumb Code    10  usbd_core.o(.text.USBD_RunTestMode)
    USBD_SetClassConfig                      0x08007e25   Thumb Code    54  usbd_core.o(.text.USBD_SetClassConfig)
    USBD_Start                               0x0800802d   Thumb Code    16  usbd_core.o(.text.USBD_Start)
    USBD_StdDevReq                           0x0800803d   Thumb Code   204  usbd_ctlreq.o(.text.USBD_StdDevReq)
    USBD_StdEPReq                            0x08008109   Thumb Code   946  usbd_ctlreq.o(.text.USBD_StdEPReq)
    USBD_StdItfReq                           0x080084bd   Thumb Code   244  usbd_ctlreq.o(.text.USBD_StdItfReq)
    USBD_static_free                         0x080085b1   Thumb Code     8  usbd_conf.o(.text.USBD_static_free)
    USBD_static_malloc                       0x080085b9   Thumb Code    16  usbd_conf.o(.text.USBD_static_malloc)
    USB_ActivateEndpoint                     0x080085c9   Thumb Code   222  stm32f4xx_ll_usb.o(.text.USB_ActivateEndpoint)
    USB_ActivateSetup                        0x080086a9   Thumb Code    44  stm32f4xx_ll_usb.o(.text.USB_ActivateSetup)
    USB_CoreInit                             0x080086d5   Thumb Code   214  stm32f4xx_ll_usb.o(.text.USB_CoreInit)
    USB_DeactivateEndpoint                   0x08008835   Thumb Code   312  stm32f4xx_ll_usb.o(.text.USB_DeactivateEndpoint)
    USB_DevConnect                           0x0800896d   Thumb Code    42  stm32f4xx_ll_usb.o(.text.USB_DevConnect)
    USB_DevDisconnect                        0x08008999   Thumb Code    42  stm32f4xx_ll_usb.o(.text.USB_DevDisconnect)
    USB_DevInit                              0x080089c5   Thumb Code   666  stm32f4xx_ll_usb.o(.text.USB_DevInit)
    USB_DisableGlobalInt                     0x08008c61   Thumb Code    20  stm32f4xx_ll_usb.o(.text.USB_DisableGlobalInt)
    USB_EP0_OutStart                         0x08008c75   Thumb Code   158  stm32f4xx_ll_usb.o(.text.USB_EP0_OutStart)
    USB_EPClearStall                         0x08008d15   Thumb Code   160  stm32f4xx_ll_usb.o(.text.USB_EPClearStall)
    USB_EPSetStall                           0x08008db5   Thumb Code   168  stm32f4xx_ll_usb.o(.text.USB_EPSetStall)
    USB_EPStartXfer                          0x08008e5d   Thumb Code  1016  stm32f4xx_ll_usb.o(.text.USB_EPStartXfer)
    USB_EPStopXfer                           0x08009255   Thumb Code   284  stm32f4xx_ll_usb.o(.text.USB_EPStopXfer)
    USB_EnableGlobalInt                      0x08009371   Thumb Code    20  stm32f4xx_ll_usb.o(.text.USB_EnableGlobalInt)
    USB_FlushRxFifo                          0x08009385   Thumb Code   116  stm32f4xx_ll_usb.o(.text.USB_FlushRxFifo)
    USB_FlushTxFifo                          0x080093f9   Thumb Code   122  stm32f4xx_ll_usb.o(.text.USB_FlushTxFifo)
    USB_GetDevSpeed                          0x08009475   Thumb Code    76  stm32f4xx_ll_usb.o(.text.USB_GetDevSpeed)
    USB_GetMode                              0x080094c1   Thumb Code    16  stm32f4xx_ll_usb.o(.text.USB_GetMode)
    USB_ReadDevAllInEpInterrupt              0x080094d1   Thumb Code    36  stm32f4xx_ll_usb.o(.text.USB_ReadDevAllInEpInterrupt)
    USB_ReadDevAllOutEpInterrupt             0x080094f5   Thumb Code    36  stm32f4xx_ll_usb.o(.text.USB_ReadDevAllOutEpInterrupt)
    USB_ReadDevInEPInterrupt                 0x08009519   Thumb Code    78  stm32f4xx_ll_usb.o(.text.USB_ReadDevInEPInterrupt)
    USB_ReadDevOutEPInterrupt                0x08009569   Thumb Code    46  stm32f4xx_ll_usb.o(.text.USB_ReadDevOutEPInterrupt)
    USB_ReadInterrupts                       0x08009599   Thumb Code    26  stm32f4xx_ll_usb.o(.text.USB_ReadInterrupts)
    USB_ReadPacket                           0x080095b5   Thumb Code   180  stm32f4xx_ll_usb.o(.text.USB_ReadPacket)
    USB_SetCurrentMode                       0x08009669   Thumb Code   222  stm32f4xx_ll_usb.o(.text.USB_SetCurrentMode)
    USB_SetDevAddress                        0x08009749   Thumb Code    54  stm32f4xx_ll_usb.o(.text.USB_SetDevAddress)
    USB_SetDevSpeed                          0x08009781   Thumb Code    34  stm32f4xx_ll_usb.o(.text.USB_SetDevSpeed)
    USB_SetTurnaroundTime                    0x080097a5   Thumb Code   442  stm32f4xx_ll_usb.o(.text.USB_SetTurnaroundTime)
    USB_WritePacket                          0x08009961   Thumb Code   130  stm32f4xx_ll_usb.o(.text.USB_WritePacket)
    UsageFault_Handler                       0x080099e5   Thumb Code     4  stm32f4xx_it.o(.text.UsageFault_Handler)
    main                                     0x08009aa9   Thumb Code    64  main.o(.text.main)
    __scatterload_copy                       0x08009ae9   Thumb Code    14  handlers.o(i.__scatterload_copy)
    __scatterload_null                       0x08009af7   Thumb Code     2  handlers.o(i.__scatterload_null)
    __scatterload_zeroinit                   0x08009af9   Thumb Code    14  handlers.o(i.__scatterload_zeroinit)
    AHBPrescTable                            0x08009b06   Data          16  system_stm32f4xx.o(.rodata.AHBPrescTable)
    APBPrescTable                            0x08009b16   Data           8  system_stm32f4xx.o(.rodata.APBPrescTable)
    Region$$Table$$Base                      0x08009b68   Number         0  anon$$obj.o(Region$$Table)
    Region$$Table$$Limit                     0x08009b88   Number         0  anon$$obj.o(Region$$Table)
    FS_Desc                                  0x20000004   Data          28  usbd_desc.o(.data.FS_Desc)
    SystemCoreClock                          0x20000020   Data           4  system_stm32f4xx.o(.data.SystemCoreClock)
    USBD_CDC                                 0x20000024   Data          56  usbd_cdc.o(.data.USBD_CDC)
    USBD_FS_DeviceDesc                       0x200000ac   Data          18  usbd_desc.o(.data.USBD_FS_DeviceDesc)
    USBD_Interface_fops_FS                   0x200000c0   Data          20  usbd_cdc_if.o(.data.USBD_Interface_fops_FS)
    USBD_LangIDDesc                          0x200000d4   Data           4  usbd_desc.o(.data.USBD_LangIDDesc)
    USBD_StringSerial                        0x200000d8   Data          26  usbd_desc.o(.data.USBD_StringSerial)
    uwTickFreq                               0x200000f2   Data           1  stm32f4xx_hal.o(.data.uwTickFreq)
    uwTickPrio                               0x200000f4   Data           4  stm32f4xx_hal.o(.data.uwTickPrio)
    USBD_StrDesc                             0x200000fc   Data         512  usbd_desc.o(.bss.USBD_StrDesc)
    UserRxBufferFS                           0x2000051c   Data        2048  usbd_cdc_if.o(.bss.UserRxBufferFS)
    UserTxBufferFS                           0x20000d1c   Data        2048  usbd_cdc_if.o(.bss.UserTxBufferFS)
    hUsbDeviceFS                             0x2000151c   Data         732  usb_device.o(.bss.hUsbDeviceFS)
    hadc1                                    0x200017f8   Data          72  adc.o(.bss.hadc1)
    hadc2                                    0x20001840   Data          72  adc.o(.bss.hadc2)
    hcan2                                    0x20001888   Data          40  can.o(.bss.hcan2)
    hdma_adc1                                0x200018b0   Data          96  adc.o(.bss.hdma_adc1)
    hdma_adc2                                0x20001910   Data          96  adc.o(.bss.hdma_adc2)
    hdma_spi3_rx                             0x20001970   Data          96  spi.o(.bss.hdma_spi3_rx)
    hdma_spi3_tx                             0x200019d0   Data          96  spi.o(.bss.hdma_spi3_tx)
    hdma_tim4_ch2                            0x20001a30   Data          96  tim.o(.bss.hdma_tim4_ch2)
    hdma_usart1_rx                           0x20001a90   Data          96  usart.o(.bss.hdma_usart1_rx)
    hdma_usart1_tx                           0x20001af0   Data          96  usart.o(.bss.hdma_usart1_tx)
    hpcd_USB_OTG_FS                          0x20001b50   Data        1252  usbd_conf.o(.bss.hpcd_USB_OTG_FS)
    hspi2                                    0x20002034   Data          88  spi.o(.bss.hspi2)
    hspi3                                    0x2000208c   Data          88  spi.o(.bss.hspi3)
    htim4                                    0x200020e4   Data          72  tim.o(.bss.htim4)
    htim8                                    0x2000212c   Data          72  tim.o(.bss.htim8)
    huart1                                   0x20002174   Data          72  usart.o(.bss.huart1)
    uwTick                                   0x200021bc   Data           4  stm32f4xx_hal.o(.bss.uwTick)
    __initial_sp                             0x200025c0   Data           0  startup_stm32f405xx.o(STACK)



==============================================================================

Memory Map of the image

  Image Entry point : 0x08000189

  Load Region LR_IROM1 (Base: 0x08000000, Size: 0x00009c80, Max: 0x00100000, ABSOLUTE)

    Execution Region ER_IROM1 (Exec base: 0x08000000, Load base: 0x08000000, Size: 0x00009b88, Max: 0x00100000, ABSOLUTE)

    Exec Addr    Load Addr    Size         Type   Attr      Idx    E Section Name        Object

    0x08000000   0x08000000   0x00000188   Data   RO            3    RESET               startup_stm32f405xx.o
    0x08000188   0x08000188   0x00000000   Code   RO         2097  * .ARM.Collect$$$$00000000  mc_w.l(entry.o)
    0x08000188   0x08000188   0x00000004   Code   RO         2126    .ARM.Collect$$$$00000001  mc_w.l(entry2.o)
    0x0800018c   0x0800018c   0x00000004   Code   RO         2129    .ARM.Collect$$$$00000004  mc_w.l(entry5.o)
    0x08000190   0x08000190   0x00000000   Code   RO         2131    .ARM.Collect$$$$00000008  mc_w.l(entry7b.o)
    0x08000190   0x08000190   0x00000000   Code   RO         2133    .ARM.Collect$$$$0000000A  mc_w.l(entry8b.o)
    0x08000190   0x08000190   0x00000008   Code   RO         2134    .ARM.Collect$$$$0000000B  mc_w.l(entry9a.o)
    0x08000198   0x08000198   0x00000000   Code   RO         2136    .ARM.Collect$$$$0000000D  mc_w.l(entry10a.o)
    0x08000198   0x08000198   0x00000000   Code   RO         2138    .ARM.Collect$$$$0000000F  mc_w.l(entry11a.o)
    0x08000198   0x08000198   0x00000004   Code   RO         2127    .ARM.Collect$$$$00002712  mc_w.l(entry2.o)
    0x0800019c   0x0800019c   0x00000024   Code   RO            4    .text               startup_stm32f405xx.o
    0x080001c0   0x080001c0   0x00000062   Code   RO         2100    .text               mc_w.l(uldiv.o)
    0x08000222   0x08000222   0x00000024   Code   RO         2105    .text               mc_w.l(memseta.o)
    0x08000246   0x08000246   0x0000001e   Code   RO         2140    .text               mc_w.l(llshl.o)
    0x08000264   0x08000264   0x00000020   Code   RO         2142    .text               mc_w.l(llushr.o)
    0x08000284   0x08000284   0x00000030   Code   RO         2154    .text               mc_w.l(init.o)
    0x080002b4   0x080002b4   0x0000018a   Code   RO          830    .text.ADC_Init      stm32f4xx_hal_adc.o
    0x0800043e   0x0800043e   0x00000002   PAD
    0x08000440   0x08000440   0x00000004   Code   RO          138    .text.BusFault_Handler  stm32f4xx_it.o
    0x08000444   0x08000444   0x00000010   Code   RO          162    .text.CAN2_RX0_IRQHandler  stm32f4xx_it.o
    0x08000454   0x08000454   0x0000005c   Code   RO         1644    .text.CDC_Control_FS  usbd_cdc_if.o
    0x080004b0   0x080004b0   0x00000004   Code   RO         1642    .text.CDC_DeInit_FS  usbd_cdc_if.o
    0x080004b4   0x080004b4   0x00000032   Code   RO         1640    .text.CDC_Init_FS   usbd_cdc_if.o
    0x080004e6   0x080004e6   0x00000002   PAD
    0x080004e8   0x080004e8   0x00000024   Code   RO         1646    .text.CDC_Receive_FS  usbd_cdc_if.o
    0x0800050c   0x0800050c   0x00000018   Code   RO         1648    .text.CDC_TransmitCplt_FS  usbd_cdc_if.o
    0x08000524   0x08000524   0x00000010   Code   RO          150    .text.DMA1_Stream0_IRQHandler  stm32f4xx_it.o
    0x08000534   0x08000534   0x00000010   Code   RO          152    .text.DMA1_Stream3_IRQHandler  stm32f4xx_it.o
    0x08000544   0x08000544   0x00000010   Code   RO          154    .text.DMA1_Stream5_IRQHandler  stm32f4xx_it.o
    0x08000554   0x08000554   0x00000010   Code   RO          158    .text.DMA2_Stream0_IRQHandler  stm32f4xx_it.o
    0x08000564   0x08000564   0x00000010   Code   RO          160    .text.DMA2_Stream2_IRQHandler  stm32f4xx_it.o
    0x08000574   0x08000574   0x00000010   Code   RO          166    .text.DMA2_Stream5_IRQHandler  stm32f4xx_it.o
    0x08000584   0x08000584   0x00000010   Code   RO          168    .text.DMA2_Stream7_IRQHandler  stm32f4xx_it.o
    0x08000594   0x08000594   0x00000056   Code   RO          566    .text.DMA_CalcBaseAndBitshift  stm32f4xx_hal_dma.o
    0x080005ea   0x080005ea   0x00000002   PAD
    0x080005ec   0x080005ec   0x000000f0   Code   RO          564    .text.DMA_CheckFifoParam  stm32f4xx_hal_dma.o
    0x080006dc   0x080006dc   0x00000002   Code   RO          144    .text.DebugMon_Handler  stm32f4xx_it.o
    0x080006de   0x080006de   0x00000002   PAD
    0x080006e0   0x080006e0   0x00000006   Code   RO           15    .text.Error_Handler  main.o
    0x080006e6   0x080006e6   0x00000002   PAD
    0x080006e8   0x080006e8   0x0000005c   Code   RO         1623    .text.Get_SerialNum  usbd_desc.o
    0x08000744   0x08000744   0x00000218   Code   RO          870    .text.HAL_ADC_ConfigChannel  stm32f4xx_hal_adc.o
    0x0800095c   0x0800095c   0x000000a8   Code   RO          826    .text.HAL_ADC_Init  stm32f4xx_hal_adc.o
    0x08000a04   0x08000a04   0x000001ec   Code   RO           40    .text.HAL_ADC_MspInit  adc.o
    0x08000bf0   0x08000bf0   0x00000008   Code   RO          987    .text.HAL_CAN_ErrorCallback  stm32f4xx_hal_can.o
    0x08000bf8   0x08000bf8   0x00000212   Code   RO          953    .text.HAL_CAN_GetRxMessage  stm32f4xx_hal_can.o
    0x08000e0a   0x08000e0a   0x00000002   PAD
    0x08000e0c   0x08000e0c   0x000003f2   Code   RO          961    .text.HAL_CAN_IRQHandler  stm32f4xx_hal_can.o
    0x080011fe   0x080011fe   0x00000002   PAD
    0x08001200   0x08001200   0x000001de   Code   RO          923    .text.HAL_CAN_Init  stm32f4xx_hal_can.o
    0x080013de   0x080013de   0x00000002   PAD
    0x080013e0   0x080013e0   0x000000fe   Code   RO           57    .text.HAL_CAN_MspInit  can.o
    0x080014de   0x080014de   0x00000002   PAD
    0x080014e0   0x080014e0   0x00000008   Code   RO          975    .text.HAL_CAN_RxFifo0FullCallback  stm32f4xx_hal_can.o
    0x080014e8   0x080014e8   0x0000001c   Code   RO         1927    .text.HAL_CAN_RxFifo0MsgPendingCallback  candr.o
    0x08001504   0x08001504   0x00000008   Code   RO          979    .text.HAL_CAN_RxFifo1FullCallback  stm32f4xx_hal_can.o
    0x0800150c   0x0800150c   0x00000008   Code   RO          981    .text.HAL_CAN_RxFifo1MsgPendingCallback  stm32f4xx_hal_can.o
    0x08001514   0x08001514   0x00000008   Code   RO          983    .text.HAL_CAN_SleepCallback  stm32f4xx_hal_can.o
    0x0800151c   0x0800151c   0x00000008   Code   RO          965    .text.HAL_CAN_TxMailbox0AbortCallback  stm32f4xx_hal_can.o
    0x08001524   0x08001524   0x00000008   Code   RO          963    .text.HAL_CAN_TxMailbox0CompleteCallback  stm32f4xx_hal_can.o
    0x0800152c   0x0800152c   0x00000008   Code   RO          969    .text.HAL_CAN_TxMailbox1AbortCallback  stm32f4xx_hal_can.o
    0x08001534   0x08001534   0x00000008   Code   RO          967    .text.HAL_CAN_TxMailbox1CompleteCallback  stm32f4xx_hal_can.o
    0x0800153c   0x0800153c   0x00000008   Code   RO          973    .text.HAL_CAN_TxMailbox2AbortCallback  stm32f4xx_hal_can.o
    0x08001544   0x08001544   0x00000008   Code   RO          971    .text.HAL_CAN_TxMailbox2CompleteCallback  stm32f4xx_hal_can.o
    0x0800154c   0x0800154c   0x00000008   Code   RO          985    .text.HAL_CAN_WakeUpFromRxMsgCallback  stm32f4xx_hal_can.o
    0x08001554   0x08001554   0x0000031e   Code   RO          582    .text.HAL_DMA_IRQHandler  stm32f4xx_hal_dma.o
    0x08001872   0x08001872   0x00000002   PAD
    0x08001874   0x08001874   0x0000016e   Code   RO          562    .text.HAL_DMA_Init  stm32f4xx_hal_dma.o
    0x080019e2   0x080019e2   0x00000002   PAD
    0x080019e4   0x080019e4   0x00000042   Code   RO          757    .text.HAL_Delay     stm32f4xx_hal.o
    0x08001a26   0x08001a26   0x00000002   PAD
    0x08001a28   0x08001a28   0x000003b6   Code   RO          524    .text.HAL_GPIO_Init  stm32f4xx_hal_gpio.o
    0x08001dde   0x08001dde   0x00000002   PAD
    0x08001de0   0x08001de0   0x0000002e   Code   RO          530    .text.HAL_GPIO_WritePin  stm32f4xx_hal_gpio.o
    0x08001e0e   0x08001e0e   0x00000002   PAD
    0x08001e10   0x08001e10   0x0000000c   Code   RO          749    .text.HAL_GetTick   stm32f4xx_hal.o
    0x08001e1c   0x08001e1c   0x0000001a   Code   RO          747    .text.HAL_IncTick   stm32f4xx_hal.o
    0x08001e36   0x08001e36   0x00000002   PAD
    0x08001e38   0x08001e38   0x00000036   Code   RO          737    .text.HAL_Init      stm32f4xx_hal.o
    0x08001e6e   0x08001e6e   0x00000002   PAD
    0x08001e70   0x08001e70   0x00000070   Code   RO          739    .text.HAL_InitTick  stm32f4xx_hal.o
    0x08001ee0   0x08001ee0   0x0000004a   Code   RO          177    .text.HAL_MspInit   stm32f4xx_hal_msp.o
    0x08001f2a   0x08001f2a   0x00000002   PAD
    0x08001f2c   0x08001f2c   0x00000014   Code   RO          672    .text.HAL_NVIC_EnableIRQ  stm32f4xx_hal_cortex.o
    0x08001f40   0x08001f40   0x00000032   Code   RO          664    .text.HAL_NVIC_SetPriority  stm32f4xx_hal_cortex.o
    0x08001f72   0x08001f72   0x00000002   PAD
    0x08001f74   0x08001f74   0x00000010   Code   RO          660    .text.HAL_NVIC_SetPriorityGrouping  stm32f4xx_hal_cortex.o
    0x08001f84   0x08001f84   0x0000000c   Code   RO          272    .text.HAL_PCDEx_LPM_Callback  stm32f4xx_hal_pcd_ex.o
    0x08001f90   0x08001f90   0x00000018   Code   RO          270    .text.HAL_PCDEx_SetRxFiFo  stm32f4xx_hal_pcd_ex.o
    0x08001fa8   0x08001fa8   0x0000009c   Code   RO          268    .text.HAL_PCDEx_SetTxFiFo  stm32f4xx_hal_pcd_ex.o
    0x08002044   0x08002044   0x00000014   Code   RO         1684    .text.HAL_PCD_ConnectCallback  usbd_conf.o
    0x08002058   0x08002058   0x00000026   Code   RO         1670    .text.HAL_PCD_DataInStageCallback  usbd_conf.o
    0x0800207e   0x0800207e   0x00000002   PAD
    0x08002080   0x08002080   0x00000028   Code   RO         1668    .text.HAL_PCD_DataOutStageCallback  usbd_conf.o
    0x080020a8   0x080020a8   0x00000014   Code   RO         1686    .text.HAL_PCD_DisconnectCallback  usbd_conf.o
    0x080020bc   0x080020bc   0x0000005e   Code   RO          219    .text.HAL_PCD_EP_Abort  stm32f4xx_hal_pcd.o
    0x0800211a   0x0800211a   0x00000002   PAD
    0x0800211c   0x0800211c   0x000000a8   Code   RO          239    .text.HAL_PCD_EP_Close  stm32f4xx_hal_pcd.o
    0x080021c4   0x080021c4   0x000000c8   Code   RO          249    .text.HAL_PCD_EP_ClrStall  stm32f4xx_hal_pcd.o
    0x0800228c   0x0800228c   0x00000022   Code   RO          243    .text.HAL_PCD_EP_GetRxCount  stm32f4xx_hal_pcd.o
    0x080022ae   0x080022ae   0x00000002   PAD
    0x080022b0   0x080022b0   0x000000ee   Code   RO          237    .text.HAL_PCD_EP_Open  stm32f4xx_hal_pcd.o
    0x0800239e   0x0800239e   0x00000002   PAD
    0x080023a0   0x080023a0   0x0000006c   Code   RO          241    .text.HAL_PCD_EP_Receive  stm32f4xx_hal_pcd.o
    0x0800240c   0x0800240c   0x000000de   Code   RO          247    .text.HAL_PCD_EP_SetStall  stm32f4xx_hal_pcd.o
    0x080024ea   0x080024ea   0x00000002   PAD
    0x080024ec   0x080024ec   0x0000006c   Code   RO          245    .text.HAL_PCD_EP_Transmit  stm32f4xx_hal_pcd.o
    0x08002558   0x08002558   0x0000083a   Code   RO          197    .text.HAL_PCD_IRQHandler  stm32f4xx_hal_pcd.o
    0x08002d92   0x08002d92   0x00000002   PAD
    0x08002d94   0x08002d94   0x0000001c   Code   RO         1682    .text.HAL_PCD_ISOINIncompleteCallback  usbd_conf.o
    0x08002db0   0x08002db0   0x0000001c   Code   RO         1680    .text.HAL_PCD_ISOOUTIncompleteCallback  usbd_conf.o
    0x08002dcc   0x08002dcc   0x00000242   Code   RO          185    .text.HAL_PCD_Init  stm32f4xx_hal_pcd.o
    0x0800300e   0x0800300e   0x00000002   PAD
    0x08003010   0x08003010   0x000000b0   Code   RO         1662    .text.HAL_PCD_MspInit  usbd_conf.o
    0x080030c0   0x080030c0   0x00000052   Code   RO         1674    .text.HAL_PCD_ResetCallback  usbd_conf.o
    0x08003112   0x08003112   0x00000002   PAD
    0x08003114   0x08003114   0x00000014   Code   RO         1678    .text.HAL_PCD_ResumeCallback  usbd_conf.o
    0x08003128   0x08003128   0x00000014   Code   RO         1672    .text.HAL_PCD_SOFCallback  usbd_conf.o
    0x0800313c   0x0800313c   0x0000005c   Code   RO          235    .text.HAL_PCD_SetAddress  stm32f4xx_hal_pcd.o
    0x08003198   0x08003198   0x00000018   Code   RO         1666    .text.HAL_PCD_SetupStageCallback  usbd_conf.o
    0x080031b0   0x080031b0   0x0000007c   Code   RO          193    .text.HAL_PCD_Start  stm32f4xx_hal_pcd.o
    0x0800322c   0x0800322c   0x0000003e   Code   RO         1676    .text.HAL_PCD_SuspendCallback  usbd_conf.o
    0x0800326a   0x0800326a   0x00000002   PAD
    0x0800326c   0x0800326c   0x00000262   Code   RO          392    .text.HAL_RCC_ClockConfig  stm32f4xx_hal_rcc.o
    0x080034ce   0x080034ce   0x00000002   PAD
    0x080034d0   0x080034d0   0x0000000c   Code   RO          402    .text.HAL_RCC_GetHCLKFreq  stm32f4xx_hal_rcc.o
    0x080034dc   0x080034dc   0x00000022   Code   RO          404    .text.HAL_RCC_GetPCLK1Freq  stm32f4xx_hal_rcc.o
    0x080034fe   0x080034fe   0x00000002   PAD
    0x08003500   0x08003500   0x00000022   Code   RO          406    .text.HAL_RCC_GetPCLK2Freq  stm32f4xx_hal_rcc.o
    0x08003522   0x08003522   0x00000002   PAD
    0x08003524   0x08003524   0x000000e6   Code   RO          394    .text.HAL_RCC_GetSysClockFreq  stm32f4xx_hal_rcc.o
    0x0800360a   0x0800360a   0x00000002   PAD
    0x0800360c   0x0800360c   0x000006be   Code   RO          390    .text.HAL_RCC_OscConfig  stm32f4xx_hal_rcc.o
    0x08003cca   0x08003cca   0x00000002   PAD
    0x08003ccc   0x08003ccc   0x00000102   Code   RO         1002    .text.HAL_SPI_Init  stm32f4xx_hal_spi.o
    0x08003dce   0x08003dce   0x00000002   PAD
    0x08003dd0   0x08003dd0   0x000001b8   Code   RO           81    .text.HAL_SPI_MspInit  spi.o
    0x08003f88   0x08003f88   0x00000010   Code   RO          684    .text.HAL_SYSTICK_Config  stm32f4xx_hal_cortex.o
    0x08003f98   0x08003f98   0x00000008   Code   RO         1442    .text.HAL_TIMEx_BreakCallback  stm32f4xx_hal_tim_ex.o
    0x08003fa0   0x08003fa0   0x00000008   Code   RO         1438    .text.HAL_TIMEx_CommutCallback  stm32f4xx_hal_tim_ex.o
    0x08003fa8   0x08003fa8   0x000000b2   Code   RO         1434    .text.HAL_TIMEx_ConfigBreakDeadTime  stm32f4xx_hal_tim_ex.o
    0x0800405a   0x0800405a   0x00000002   PAD
    0x0800405c   0x0800405c   0x00000122   Code   RO         1432    .text.HAL_TIMEx_MasterConfigSynchronization  stm32f4xx_hal_tim_ex.o
    0x0800417e   0x0800417e   0x00000002   PAD
    0x08004180   0x08004180   0x0000009c   Code   RO         1119    .text.HAL_TIM_Base_Init  stm32f4xx_hal_tim.o
    0x0800421c   0x0800421c   0x000000e6   Code   RO          102    .text.HAL_TIM_Base_MspInit  tim.o
    0x08004302   0x08004302   0x00000002   PAD
    0x08004304   0x08004304   0x00000184   Code   RO         1311    .text.HAL_TIM_ConfigClockSource  stm32f4xx_hal_tim.o
    0x08004488   0x08004488   0x00000008   Code   RO         1255    .text.HAL_TIM_IC_CaptureCallback  stm32f4xx_hal_tim.o
    0x08004490   0x08004490   0x0000021a   Code   RO         1253    .text.HAL_TIM_IRQHandler  stm32f4xx_hal_tim.o
    0x080046aa   0x080046aa   0x00000002   PAD
    0x080046ac   0x080046ac   0x0000014e   Code   RO           98    .text.HAL_TIM_MspPostInit  tim.o
    0x080047fa   0x080047fa   0x00000002   PAD
    0x080047fc   0x080047fc   0x00000008   Code   RO         1257    .text.HAL_TIM_OC_DelayElapsedCallback  stm32f4xx_hal_tim.o
    0x08004804   0x08004804   0x00000142   Code   RO         1285    .text.HAL_TIM_PWM_ConfigChannel  stm32f4xx_hal_tim.o
    0x08004946   0x08004946   0x00000002   PAD
    0x08004948   0x08004948   0x0000009c   Code   RO         1173    .text.HAL_TIM_PWM_Init  stm32f4xx_hal_tim.o
    0x080049e4   0x080049e4   0x00000008   Code   RO         1175    .text.HAL_TIM_PWM_MspInit  stm32f4xx_hal_tim.o
    0x080049ec   0x080049ec   0x00000008   Code   RO         1259    .text.HAL_TIM_PWM_PulseFinishedCallback  stm32f4xx_hal_tim.o
    0x080049f4   0x080049f4   0x00000008   Code   RO         1261    .text.HAL_TIM_PeriodElapsedCallback  stm32f4xx_hal_tim.o
    0x080049fc   0x080049fc   0x00000008   Code   RO         1263    .text.HAL_TIM_TriggerCallback  stm32f4xx_hal_tim.o
    0x08004a04   0x08004a04   0x0000009e   Code   RO         1455    .text.HAL_UART_Init  stm32f4xx_hal_uart.o
    0x08004aa2   0x08004aa2   0x00000002   PAD
    0x08004aa4   0x08004aa4   0x0000013a   Code   RO          118    .text.HAL_UART_MspInit  usart.o
    0x08004bde   0x08004bde   0x00000002   PAD
    0x08004be0   0x08004be0   0x00000004   Code   RO          134    .text.HardFault_Handler  stm32f4xx_it.o
    0x08004be4   0x08004be4   0x0000007a   Code   RO         1625    .text.IntToUnicode  usbd_desc.o
    0x08004c5e   0x08004c5e   0x00000002   PAD
    0x08004c60   0x08004c60   0x000000c4   Code   RO           36    .text.MX_ADC1_Init  adc.o
    0x08004d24   0x08004d24   0x000000e4   Code   RO           38    .text.MX_ADC2_Init  adc.o
    0x08004e08   0x08004e08   0x0000004e   Code   RO           55    .text.MX_CAN2_Init  can.o
    0x08004e56   0x08004e56   0x00000002   PAD
    0x08004e58   0x08004e58   0x000000cc   Code   RO           69    .text.MX_DMA_Init   dma.o
    0x08004f24   0x08004f24   0x0000014a   Code   RO           28    .text.MX_GPIO_Init  gpio.o
    0x0800506e   0x0800506e   0x00000002   PAD
    0x08005070   0x08005070   0x00000052   Code   RO           77    .text.MX_SPI2_Init  spi.o
    0x080050c2   0x080050c2   0x00000002   PAD
    0x080050c4   0x080050c4   0x00000050   Code   RO           79    .text.MX_SPI3_Init  spi.o
    0x08005114   0x08005114   0x000000d6   Code   RO           96    .text.MX_TIM4_Init  tim.o
    0x080051ea   0x080051ea   0x00000002   PAD
    0x080051ec   0x080051ec   0x00000172   Code   RO          100    .text.MX_TIM8_Init  tim.o
    0x0800535e   0x0800535e   0x00000002   PAD
    0x08005360   0x08005360   0x00000040   Code   RO          116    .text.MX_USART1_UART_Init  usart.o
    0x080053a0   0x080053a0   0x00000076   Code   RO         1600    .text.MX_USB_DEVICE_Init  usb_device.o
    0x08005416   0x08005416   0x00000002   PAD
    0x08005418   0x08005418   0x00000004   Code   RO          136    .text.MemManage_Handler  stm32f4xx_it.o
    0x0800541c   0x0800541c   0x00000004   Code   RO          132    .text.NMI_Handler   stm32f4xx_it.o
    0x08005420   0x08005420   0x0000006c   Code   RO          670    .text.NVIC_EncodePriority  stm32f4xx_hal_cortex.o
    0x0800548c   0x0800548c   0x00000010   Code   RO          164    .text.OTG_FS_IRQHandler  stm32f4xx_it.o
    0x0800549c   0x0800549c   0x0000008a   Code   RO          201    .text.PCD_EP_OutSetupPacket_int  stm32f4xx_hal_pcd.o
    0x08005526   0x08005526   0x00000002   PAD
    0x08005528   0x08005528   0x000001c8   Code   RO          199    .text.PCD_EP_OutXfrComplete_int  stm32f4xx_hal_pcd.o
    0x080056f0   0x080056f0   0x00000132   Code   RO          209    .text.PCD_WriteEmptyTxFifo  stm32f4xx_hal_pcd.o
    0x08005822   0x08005822   0x00000002   PAD
    0x08005824   0x08005824   0x00000002   Code   RO          146    .text.PendSV_Handler  stm32f4xx_it.o
    0x08005826   0x08005826   0x00000002   PAD
    0x08005828   0x08005828   0x00000002   Code   RO          142    .text.SVC_Handler   stm32f4xx_it.o
    0x0800582a   0x0800582a   0x00000002   PAD
    0x0800582c   0x0800582c   0x00000036   Code   RO         1812    .text.SWAPBYTE      usbd_ctlreq.o
    0x08005862   0x08005862   0x00000002   PAD
    0x08005864   0x08005864   0x00000052   Code   RO          686    .text.SysTick_Config  stm32f4xx_hal_cortex.o
    0x080058b6   0x080058b6   0x00000002   PAD
    0x080058b8   0x080058b8   0x00000008   Code   RO          148    .text.SysTick_Handler  stm32f4xx_it.o
    0x080058c0   0x080058c0   0x000000be   Code   RO           13    .text.SystemClock_Config  main.o
    0x0800597e   0x0800597e   0x00000002   PAD
    0x08005980   0x08005980   0x00000012   Code   RO         1586    .text.SystemInit    system_stm32f4xx.o
    0x08005992   0x08005992   0x00000002   PAD
    0x08005994   0x08005994   0x00000010   Code   RO          156    .text.TIM8_UP_TIM13_IRQHandler  stm32f4xx_it.o
    0x080059a4   0x080059a4   0x000001a4   Code   RO         1123    .text.TIM_Base_SetConfig  stm32f4xx_hal_tim.o
    0x08005b48   0x08005b48   0x00000034   Code   RO         1309    .text.TIM_ETR_SetConfig  stm32f4xx_hal_tim.o
    0x08005b7c   0x08005b7c   0x0000002a   Code   RO         1315    .text.TIM_ITRx_SetConfig  stm32f4xx_hal_tim.o
    0x08005ba6   0x08005ba6   0x00000002   PAD
    0x08005ba8   0x08005ba8   0x000000ea   Code   RO         1267    .text.TIM_OC1_SetConfig  stm32f4xx_hal_tim.o
    0x08005c92   0x08005c92   0x00000002   PAD
    0x08005c94   0x08005c94   0x000000f4   Code   RO         1269    .text.TIM_OC2_SetConfig  stm32f4xx_hal_tim.o
    0x08005d88   0x08005d88   0x000000f2   Code   RO         1271    .text.TIM_OC3_SetConfig  stm32f4xx_hal_tim.o
    0x08005e7a   0x08005e7a   0x00000002   PAD
    0x08005e7c   0x08005e7c   0x000000a4   Code   RO         1273    .text.TIM_OC4_SetConfig  stm32f4xx_hal_tim.o
    0x08005f20   0x08005f20   0x00000050   Code   RO         1313    .text.TIM_TI1_ConfigInputStage  stm32f4xx_hal_tim.o
    0x08005f70   0x08005f70   0x00000052   Code   RO         1317    .text.TIM_TI2_ConfigInputStage  stm32f4xx_hal_tim.o
    0x08005fc2   0x08005fc2   0x00000002   PAD
    0x08005fc4   0x08005fc4   0x0000013a   Code   RO         1459    .text.UART_SetConfig  stm32f4xx_hal_uart.o
    0x080060fe   0x080060fe   0x00000002   PAD
    0x08006100   0x08006100   0x000000f4   Code   RO         1855    .text.USBD_CDC_DataIn  usbd_cdc.o
    0x080061f4   0x080061f4   0x00000070   Code   RO         1857    .text.USBD_CDC_DataOut  usbd_cdc.o
    0x08006264   0x08006264   0x000000f0   Code   RO         1849    .text.USBD_CDC_DeInit  usbd_cdc.o
    0x08006354   0x08006354   0x00000078   Code   RO         1853    .text.USBD_CDC_EP0_RxReady  usbd_cdc.o
    0x080063cc   0x080063cc   0x00000016   Code   RO         1865    .text.USBD_CDC_GetDeviceQualifierDescriptor  usbd_cdc.o
    0x080063e2   0x080063e2   0x00000002   PAD
    0x080063e4   0x080063e4   0x0000006c   Code   RO         1861    .text.USBD_CDC_GetFSCfgDesc  usbd_cdc.o
    0x08006450   0x08006450   0x00000070   Code   RO         1859    .text.USBD_CDC_GetHSCfgDesc  usbd_cdc.o
    0x080064c0   0x080064c0   0x0000006c   Code   RO         1863    .text.USBD_CDC_GetOtherSpeedCfgDesc  usbd_cdc.o
    0x0800652c   0x0800652c   0x00000222   Code   RO         1847    .text.USBD_CDC_Init  usbd_cdc.o
    0x0800674e   0x0800674e   0x00000002   PAD
    0x08006750   0x08006750   0x0000007e   Code   RO         1875    .text.USBD_CDC_ReceivePacket  usbd_cdc.o
    0x080067ce   0x080067ce   0x00000002   PAD
    0x080067d0   0x080067d0   0x00000034   Code   RO         1867    .text.USBD_CDC_RegisterInterface  usbd_cdc.o
    0x08006804   0x08006804   0x0000003c   Code   RO         1871    .text.USBD_CDC_SetRxBuffer  usbd_cdc.o
    0x08006840   0x08006840   0x00000046   Code   RO         1869    .text.USBD_CDC_SetTxBuffer  usbd_cdc.o
    0x08006886   0x08006886   0x00000002   PAD
    0x08006888   0x08006888   0x000001cc   Code   RO         1851    .text.USBD_CDC_Setup  usbd_cdc.o
    0x08006a54   0x08006a54   0x00000032   Code   RO         1747    .text.USBD_ClrClassConfig  usbd_core.o
    0x08006a86   0x08006a86   0x00000002   PAD
    0x08006a88   0x08006a88   0x00000040   Code   RO         1802    .text.USBD_ClrFeature  usbd_ctlreq.o
    0x08006ac8   0x08006ac8   0x0000000e   Code   RO         1755    .text.USBD_CoreFindEP  usbd_core.o
    0x08006ad6   0x08006ad6   0x00000002   PAD
    0x08006ad8   0x08006ad8   0x0000000e   Code   RO         1753    .text.USBD_CoreFindIF  usbd_core.o
    0x08006ae6   0x08006ae6   0x00000002   PAD
    0x08006ae8   0x08006ae8   0x0000001e   Code   RO         1832    .text.USBD_CtlContinueRx  usbd_ioreq.o
    0x08006b06   0x08006b06   0x00000002   PAD
    0x08006b08   0x08006b08   0x0000001e   Code   RO         1828    .text.USBD_CtlContinueSendData  usbd_ioreq.o
    0x08006b26   0x08006b26   0x00000002   PAD
    0x08006b28   0x08006b28   0x0000001c   Code   RO         1804    .text.USBD_CtlError  usbd_ctlreq.o
    0x08006b44   0x08006b44   0x0000003e   Code   RO         1830    .text.USBD_CtlPrepareRx  usbd_ioreq.o
    0x08006b82   0x08006b82   0x00000002   PAD
    0x08006b84   0x08006b84   0x00000022   Code   RO         1836    .text.USBD_CtlReceiveStatus  usbd_ioreq.o
    0x08006ba6   0x08006ba6   0x00000002   PAD
    0x08006ba8   0x08006ba8   0x00000038   Code   RO         1826    .text.USBD_CtlSendData  usbd_ioreq.o
    0x08006be0   0x08006be0   0x00000022   Code   RO         1834    .text.USBD_CtlSendStatus  usbd_ioreq.o
    0x08006c02   0x08006c02   0x00000002   PAD
    0x08006c04   0x08006c04   0x0000004e   Code   RO         1619    .text.USBD_FS_ConfigStrDescriptor  usbd_desc.o
    0x08006c52   0x08006c52   0x00000002   PAD
    0x08006c54   0x08006c54   0x0000001a   Code   RO         1609    .text.USBD_FS_DeviceDescriptor  usbd_desc.o
    0x08006c6e   0x08006c6e   0x00000002   PAD
    0x08006c70   0x08006c70   0x0000004e   Code   RO         1621    .text.USBD_FS_InterfaceStrDescriptor  usbd_desc.o
    0x08006cbe   0x08006cbe   0x00000002   PAD
    0x08006cc0   0x08006cc0   0x0000001a   Code   RO         1611    .text.USBD_FS_LangIDStrDescriptor  usbd_desc.o
    0x08006cda   0x08006cda   0x00000002   PAD
    0x08006cdc   0x08006cdc   0x00000028   Code   RO         1613    .text.USBD_FS_ManufacturerStrDescriptor  usbd_desc.o
    0x08006d04   0x08006d04   0x0000004e   Code   RO         1615    .text.USBD_FS_ProductStrDescriptor  usbd_desc.o
    0x08006d52   0x08006d52   0x00000002   PAD
    0x08006d54   0x08006d54   0x00000020   Code   RO         1617    .text.USBD_FS_SerialStrDescriptor  usbd_desc.o
    0x08006d74   0x08006d74   0x00000064   Code   RO         1796    .text.USBD_GetConfig  usbd_ctlreq.o
    0x08006dd8   0x08006dd8   0x000002d8   Code   RO         1790    .text.USBD_GetDescriptor  usbd_ctlreq.o
    0x080070b0   0x080070b0   0x00000076   Code   RO         1777    .text.USBD_GetEpDesc  usbd_core.o
    0x08007126   0x08007126   0x00000002   PAD
    0x08007128   0x08007128   0x00000032   Code   RO         1816    .text.USBD_GetLen   usbd_ctlreq.o
    0x0800715a   0x0800715a   0x00000002   PAD
    0x0800715c   0x0800715c   0x00000026   Code   RO         1779    .text.USBD_GetNextDesc  usbd_core.o
    0x08007182   0x08007182   0x00000002   PAD
    0x08007184   0x08007184   0x00000062   Code   RO         1798    .text.USBD_GetStatus  usbd_ctlreq.o
    0x080071e6   0x080071e6   0x00000002   PAD
    0x080071e8   0x080071e8   0x000000bc   Code   RO         1814    .text.USBD_GetString  usbd_ctlreq.o
    0x080072a4   0x080072a4   0x00000052   Code   RO         1692    .text.USBD_Get_USB_Status  usbd_conf.o
    0x080072f6   0x080072f6   0x00000002   PAD
    0x080072f8   0x080072f8   0x0000006a   Code   RO         1733    .text.USBD_Init     usbd_core.o
    0x08007362   0x08007362   0x00000002   PAD
    0x08007364   0x08007364   0x0000003a   Code   RO         1706    .text.USBD_LL_ClearStallEP  usbd_conf.o
    0x0800739e   0x0800739e   0x00000002   PAD
    0x080073a0   0x080073a0   0x0000003a   Code   RO         1700    .text.USBD_LL_CloseEP  usbd_conf.o
    0x080073da   0x080073da   0x00000002   PAD
    0x080073dc   0x080073dc   0x0000019a   Code   RO         1757    .text.USBD_LL_DataInStage  usbd_core.o
    0x08007576   0x08007576   0x00000002   PAD
    0x08007578   0x08007578   0x000001bc   Code   RO         1751    .text.USBD_LL_DataOutStage  usbd_core.o
    0x08007734   0x08007734   0x0000000a   Code   RO         1773    .text.USBD_LL_DevConnected  usbd_core.o
    0x0800773e   0x0800773e   0x00000002   PAD
    0x08007740   0x08007740   0x00000040   Code   RO         1775    .text.USBD_LL_DevDisconnected  usbd_core.o
    0x08007780   0x08007780   0x0000001c   Code   RO         1716    .text.USBD_LL_GetRxDataSize  usbd_conf.o
    0x0800779c   0x0800779c   0x0000007e   Code   RO         1688    .text.USBD_LL_Init  usbd_conf.o
    0x0800781a   0x0800781a   0x00000002   PAD
    0x0800781c   0x0800781c   0x0000005a   Code   RO         1708    .text.USBD_LL_IsStallEP  usbd_conf.o
    0x08007876   0x08007876   0x00000002   PAD
    0x08007878   0x08007878   0x0000006e   Code   RO         1769    .text.USBD_LL_IsoINIncomplete  usbd_core.o
    0x080078e6   0x080078e6   0x00000002   PAD
    0x080078e8   0x080078e8   0x0000006e   Code   RO         1771    .text.USBD_LL_IsoOUTIncomplete  usbd_core.o
    0x08007956   0x08007956   0x00000002   PAD
    0x08007958   0x08007958   0x0000004a   Code   RO         1698    .text.USBD_LL_OpenEP  usbd_conf.o
    0x080079a2   0x080079a2   0x00000002   PAD
    0x080079a4   0x080079a4   0x00000042   Code   RO         1714    .text.USBD_LL_PrepareReceive  usbd_conf.o
    0x080079e6   0x080079e6   0x00000002   PAD
    0x080079e8   0x080079e8   0x0000009e   Code   RO         1759    .text.USBD_LL_Reset  usbd_core.o
    0x08007a86   0x08007a86   0x00000002   PAD
    0x08007a88   0x08007a88   0x00000024   Code   RO         1765    .text.USBD_LL_Resume  usbd_core.o
    0x08007aac   0x08007aac   0x0000003e   Code   RO         1767    .text.USBD_LL_SOF   usbd_core.o
    0x08007aea   0x08007aea   0x00000002   PAD
    0x08007aec   0x08007aec   0x00000016   Code   RO         1761    .text.USBD_LL_SetSpeed  usbd_core.o
    0x08007b02   0x08007b02   0x00000002   PAD
    0x08007b04   0x08007b04   0x0000003a   Code   RO         1710    .text.USBD_LL_SetUSBAddress  usbd_conf.o
    0x08007b3e   0x08007b3e   0x00000002   PAD
    0x08007b40   0x08007b40   0x00000094   Code   RO         1749    .text.USBD_LL_SetupStage  usbd_core.o
    0x08007bd4   0x08007bd4   0x0000003a   Code   RO         1704    .text.USBD_LL_StallEP  usbd_conf.o
    0x08007c0e   0x08007c0e   0x00000002   PAD
    0x08007c10   0x08007c10   0x00000032   Code   RO         1694    .text.USBD_LL_Start  usbd_conf.o
    0x08007c42   0x08007c42   0x00000002   PAD
    0x08007c44   0x08007c44   0x0000002c   Code   RO         1763    .text.USBD_LL_Suspend  usbd_core.o
    0x08007c70   0x08007c70   0x00000042   Code   RO         1712    .text.USBD_LL_Transmit  usbd_conf.o
    0x08007cb2   0x08007cb2   0x00000002   PAD
    0x08007cb4   0x08007cb4   0x00000062   Code   RO         1810    .text.USBD_ParseSetupRequest  usbd_ctlreq.o
    0x08007d16   0x08007d16   0x00000002   PAD
    0x08007d18   0x08007d18   0x00000072   Code   RO         1737    .text.USBD_RegisterClass  usbd_core.o
    0x08007d8a   0x08007d8a   0x00000002   PAD
    0x08007d8c   0x08007d8c   0x0000000a   Code   RO         1743    .text.USBD_RunTestMode  usbd_core.o
    0x08007d96   0x08007d96   0x00000002   PAD
    0x08007d98   0x08007d98   0x0000008c   Code   RO         1792    .text.USBD_SetAddress  usbd_ctlreq.o
    0x08007e24   0x08007e24   0x00000036   Code   RO         1745    .text.USBD_SetClassConfig  usbd_core.o
    0x08007e5a   0x08007e5a   0x00000002   PAD
    0x08007e5c   0x08007e5c   0x0000017e   Code   RO         1794    .text.USBD_SetConfig  usbd_ctlreq.o
    0x08007fda   0x08007fda   0x00000002   PAD
    0x08007fdc   0x08007fdc   0x0000004e   Code   RO         1800    .text.USBD_SetFeature  usbd_ctlreq.o
    0x0800802a   0x0800802a   0x00000002   PAD
    0x0800802c   0x0800802c   0x00000010   Code   RO         1739    .text.USBD_Start    usbd_core.o
    0x0800803c   0x0800803c   0x000000cc   Code   RO         1788    .text.USBD_StdDevReq  usbd_ctlreq.o
    0x08008108   0x08008108   0x000003b2   Code   RO         1808    .text.USBD_StdEPReq  usbd_ctlreq.o
    0x080084ba   0x080084ba   0x00000002   PAD
    0x080084bc   0x080084bc   0x000000f4   Code   RO         1806    .text.USBD_StdItfReq  usbd_ctlreq.o
    0x080085b0   0x080085b0   0x00000008   Code   RO         1720    .text.USBD_static_free  usbd_conf.o
    0x080085b8   0x080085b8   0x00000010   Code   RO         1718    .text.USBD_static_malloc  usbd_conf.o
    0x080085c8   0x080085c8   0x000000de   Code   RO          307    .text.USB_ActivateEndpoint  stm32f4xx_ll_usb.o
    0x080086a6   0x080086a6   0x00000002   PAD
    0x080086a8   0x080086a8   0x0000002c   Code   RO          349    .text.USB_ActivateSetup  stm32f4xx_ll_usb.o
    0x080086d4   0x080086d4   0x000000d6   Code   RO          283    .text.USB_CoreInit  stm32f4xx_ll_usb.o
    0x080087aa   0x080087aa   0x00000002   PAD
    0x080087ac   0x080087ac   0x00000088   Code   RO          285    .text.USB_CoreReset  stm32f4xx_ll_usb.o
    0x08008834   0x08008834   0x00000138   Code   RO          311    .text.USB_DeactivateEndpoint  stm32f4xx_ll_usb.o
    0x0800896c   0x0800896c   0x0000002a   Code   RO          331    .text.USB_DevConnect  stm32f4xx_ll_usb.o
    0x08008996   0x08008996   0x00000002   PAD
    0x08008998   0x08008998   0x0000002a   Code   RO          333    .text.USB_DevDisconnect  stm32f4xx_ll_usb.o
    0x080089c2   0x080089c2   0x00000002   PAD
    0x080089c4   0x080089c4   0x0000029a   Code   RO          297    .text.USB_DevInit   stm32f4xx_ll_usb.o
    0x08008c5e   0x08008c5e   0x00000002   PAD
    0x08008c60   0x08008c60   0x00000014   Code   RO          291    .text.USB_DisableGlobalInt  stm32f4xx_ll_usb.o
    0x08008c74   0x08008c74   0x0000009e   Code   RO          351    .text.USB_EP0_OutStart  stm32f4xx_ll_usb.o
    0x08008d12   0x08008d12   0x00000002   PAD
    0x08008d14   0x08008d14   0x000000a0   Code   RO          325    .text.USB_EPClearStall  stm32f4xx_ll_usb.o
    0x08008db4   0x08008db4   0x000000a8   Code   RO          323    .text.USB_EPSetStall  stm32f4xx_ll_usb.o
    0x08008e5c   0x08008e5c   0x000003f8   Code   RO          315    .text.USB_EPStartXfer  stm32f4xx_ll_usb.o
    0x08009254   0x08009254   0x0000011c   Code   RO          319    .text.USB_EPStopXfer  stm32f4xx_ll_usb.o
    0x08009370   0x08009370   0x00000014   Code   RO          289    .text.USB_EnableGlobalInt  stm32f4xx_ll_usb.o
    0x08009384   0x08009384   0x00000074   Code   RO          303    .text.USB_FlushRxFifo  stm32f4xx_ll_usb.o
    0x080093f8   0x080093f8   0x0000007a   Code   RO          301    .text.USB_FlushTxFifo  stm32f4xx_ll_usb.o
    0x08009472   0x08009472   0x00000002   PAD
    0x08009474   0x08009474   0x0000004c   Code   RO          305    .text.USB_GetDevSpeed  stm32f4xx_ll_usb.o
    0x080094c0   0x080094c0   0x00000010   Code   RO          295    .text.USB_GetMode   stm32f4xx_ll_usb.o
    0x080094d0   0x080094d0   0x00000024   Code   RO          341    .text.USB_ReadDevAllInEpInterrupt  stm32f4xx_ll_usb.o
    0x080094f4   0x080094f4   0x00000024   Code   RO          339    .text.USB_ReadDevAllOutEpInterrupt  stm32f4xx_ll_usb.o
    0x08009518   0x08009518   0x0000004e   Code   RO          345    .text.USB_ReadDevInEPInterrupt  stm32f4xx_ll_usb.o
    0x08009566   0x08009566   0x00000002   PAD
    0x08009568   0x08009568   0x0000002e   Code   RO          343    .text.USB_ReadDevOutEPInterrupt  stm32f4xx_ll_usb.o
    0x08009596   0x08009596   0x00000002   PAD
    0x08009598   0x08009598   0x0000001a   Code   RO          335    .text.USB_ReadInterrupts  stm32f4xx_ll_usb.o
    0x080095b2   0x080095b2   0x00000002   PAD
    0x080095b4   0x080095b4   0x000000b4   Code   RO          321    .text.USB_ReadPacket  stm32f4xx_ll_usb.o
    0x08009668   0x08009668   0x000000de   Code   RO          293    .text.USB_SetCurrentMode  stm32f4xx_ll_usb.o
    0x08009746   0x08009746   0x00000002   PAD
    0x08009748   0x08009748   0x00000036   Code   RO          329    .text.USB_SetDevAddress  stm32f4xx_ll_usb.o
    0x0800977e   0x0800977e   0x00000002   PAD
    0x08009780   0x08009780   0x00000022   Code   RO          299    .text.USB_SetDevSpeed  stm32f4xx_ll_usb.o
    0x080097a2   0x080097a2   0x00000002   PAD
    0x080097a4   0x080097a4   0x000001ba   Code   RO          287    .text.USB_SetTurnaroundTime  stm32f4xx_ll_usb.o
    0x0800995e   0x0800995e   0x00000002   PAD
    0x08009960   0x08009960   0x00000082   Code   RO          317    .text.USB_WritePacket  stm32f4xx_ll_usb.o
    0x080099e2   0x080099e2   0x00000002   PAD
    0x080099e4   0x080099e4   0x00000004   Code   RO          140    .text.UsageFault_Handler  stm32f4xx_it.o
    0x080099e8   0x080099e8   0x00000030   Code   RO          674    .text.__NVIC_EnableIRQ  stm32f4xx_hal_cortex.o
    0x08009a18   0x08009a18   0x00000010   Code   RO          666    .text.__NVIC_GetPriorityGrouping  stm32f4xx_hal_cortex.o
    0x08009a28   0x08009a28   0x00000042   Code   RO          668    .text.__NVIC_SetPriority  stm32f4xx_hal_cortex.o
    0x08009a6a   0x08009a6a   0x00000002   PAD
    0x08009a6c   0x08009a6c   0x0000003c   Code   RO          662    .text.__NVIC_SetPriorityGrouping  stm32f4xx_hal_cortex.o
    0x08009aa8   0x08009aa8   0x00000040   Code   RO           11    .text.main          main.o
    0x08009ae8   0x08009ae8   0x0000000e   Code   RO         2160    i.__scatterload_copy  mc_w.l(handlers.o)
    0x08009af6   0x08009af6   0x00000002   Code   RO         2161    i.__scatterload_null  mc_w.l(handlers.o)
    0x08009af8   0x08009af8   0x0000000e   Code   RO         2162    i.__scatterload_zeroinit  mc_w.l(handlers.o)
    0x08009b06   0x08009b06   0x00000010   Data   RO         1591    .rodata.AHBPrescTable  system_stm32f4xx.o
    0x08009b16   0x08009b16   0x00000008   Data   RO         1592    .rodata.APBPrescTable  system_stm32f4xx.o
    0x08009b1e   0x08009b1e   0x00000008   Data   RO          592    .rodata.DMA_CalcBaseAndBitshift.flagBitshiftOffset  stm32f4xx_hal_dma.o
    0x08009b26   0x08009b26   0x00000042   Data   RO         1631    .rodata.str1.1      usbd_desc.o
    0x08009b68   0x08009b68   0x00000020   Data   RO         2159    Region$$Table       anon$$obj.o


    Execution Region RW_IRAM1 (Exec base: 0x20000000, Load base: 0x08009b88, Size: 0x000025c0, Max: 0x0001c000, ABSOLUTE)

    Exec Addr    Load Addr    Size         Type   Attr      Idx    E Section Name        Object

    0x20000000   0x08009b88   0x00000001   Data   RW         1881    .data.CDCCmdEpAdd   usbd_cdc.o
    0x20000001   0x08009b89   0x00000001   Data   RW         1879    .data.CDCInEpAdd    usbd_cdc.o
    0x20000002   0x08009b8a   0x00000001   Data   RW         1880    .data.CDCOutEpAdd   usbd_cdc.o
    0x20000003   0x08009b8b   0x00000001   PAD
    0x20000004   0x08009b8c   0x0000001c   Data   RW         1627    .data.FS_Desc       usbd_desc.o
    0x20000020   0x08009ba8   0x00000004   Data   RW         1590    .data.SystemCoreClock  system_stm32f4xx.o
    0x20000024   0x08009bac   0x00000038   Data   RW         1877    .data.USBD_CDC      usbd_cdc.o
    0x2000005c   0x08009be4   0x00000043   Data   RW         1882    .data.USBD_CDC_CfgDesc  usbd_cdc.o
    0x2000009f   0x08009c27   0x00000001   PAD
    0x200000a0   0x08009c28   0x0000000a   Data   RW         1878    .data.USBD_CDC_DeviceQualifierDesc  usbd_cdc.o
    0x200000aa   0x08009c32   0x00000002   PAD
    0x200000ac   0x08009c34   0x00000012   Data   RW         1628    .data.USBD_FS_DeviceDesc  usbd_desc.o
    0x200000be   0x08009c46   0x00000002   PAD
    0x200000c0   0x08009c48   0x00000014   Data   RW         1652    .data.USBD_Interface_fops_FS  usbd_cdc_if.o
    0x200000d4   0x08009c5c   0x00000004   Data   RW         1629    .data.USBD_LangIDDesc  usbd_desc.o
    0x200000d8   0x08009c60   0x0000001a   Data   RW         1630    .data.USBD_StringSerial  usbd_desc.o
    0x200000f2   0x08009c7a   0x00000001   Data   RW          792    .data.uwTickFreq    stm32f4xx_hal.o
    0x200000f3   0x08009c7b   0x00000001   PAD
    0x200000f4   0x08009c7c   0x00000004   Data   RW          791    .data.uwTickPrio    stm32f4xx_hal.o
    0x200000f8        -       0x00000001   Zero   RW         1818    .bss.USBD_SetConfig.cfgidx  usbd_ctlreq.o
    0x200000f9   0x08009c80   0x00000003   PAD
    0x200000fc        -       0x00000200   Zero   RW         1632    .bss.USBD_StrDesc   usbd_desc.o
    0x200002fc        -       0x00000220   Zero   RW         1725    .bss.USBD_static_malloc.mem  usbd_conf.o
    0x2000051c        -       0x00000800   Zero   RW         1653    .bss.UserRxBufferFS  usbd_cdc_if.o
    0x20000d1c        -       0x00000800   Zero   RW         1654    .bss.UserTxBufferFS  usbd_cdc_if.o
    0x2000151c        -       0x000002dc   Zero   RW         1602    .bss.hUsbDeviceFS   usb_device.o
    0x200017f8        -       0x00000048   Zero   RW           44    .bss.hadc1          adc.o
    0x20001840        -       0x00000048   Zero   RW           45    .bss.hadc2          adc.o
    0x20001888        -       0x00000028   Zero   RW           61    .bss.hcan2          can.o
    0x200018b0        -       0x00000060   Zero   RW           46    .bss.hdma_adc1      adc.o
    0x20001910        -       0x00000060   Zero   RW           47    .bss.hdma_adc2      adc.o
    0x20001970        -       0x00000060   Zero   RW           87    .bss.hdma_spi3_rx   spi.o
    0x200019d0        -       0x00000060   Zero   RW           88    .bss.hdma_spi3_tx   spi.o
    0x20001a30        -       0x00000060   Zero   RW          108    .bss.hdma_tim4_ch2  tim.o
    0x20001a90        -       0x00000060   Zero   RW          124    .bss.hdma_usart1_rx  usart.o
    0x20001af0        -       0x00000060   Zero   RW          123    .bss.hdma_usart1_tx  usart.o
    0x20001b50        -       0x000004e4   Zero   RW         1724    .bss.hpcd_USB_OTG_FS  usbd_conf.o
    0x20002034        -       0x00000058   Zero   RW           85    .bss.hspi2          spi.o
    0x2000208c        -       0x00000058   Zero   RW           86    .bss.hspi3          spi.o
    0x200020e4        -       0x00000048   Zero   RW          106    .bss.htim4          tim.o
    0x2000212c        -       0x00000048   Zero   RW          107    .bss.htim8          tim.o
    0x20002174        -       0x00000048   Zero   RW          122    .bss.huart1         usart.o
    0x200021bc        -       0x00000004   Zero   RW          793    .bss.uwTick         stm32f4xx_hal.o
    0x200021c0        -       0x00000400   Zero   RW            1    STACK               startup_stm32f405xx.o


    Execution Region RW_IRAM2 (Exec base: 0x2001c000, Load base: 0x08009c80, Size: 0x00000000, Max: 0x00004000, ABSOLUTE)

    **** No section assigned to this execution region ****


==============================================================================

Image component sizes


      Code (inc. data)   RO Data    RW Data    ZI Data      Debug   Object Name

       916          0          0          0        336       5619   adc.o
       332          0          0          0         40       5942   can.o
        28          0          0          0          0       3962   candr.o
       204          0          0          0          0       3278   dma.o
       330          0          0          0          0       2193   gpio.o
       260          0          0          0          0       2990   main.o
       602          0          0          0        368       5364   spi.o
        36          8        392          0       1024        828   startup_stm32f405xx.o
       270          0          0          5          4       7054   stm32f4xx_hal.o
      1098          0          0          0          0      10112   stm32f4xx_hal_adc.o
      2114          0          0          0          0      11543   stm32f4xx_hal_can.o
       482          0          0          0          0       9665   stm32f4xx_hal_cortex.o
      1490          8          8          0          0       8495   stm32f4xx_hal_dma.o
       996          0          0          0          0       5091   stm32f4xx_hal_gpio.o
        74          0          0          0          0       1472   stm32f4xx_hal_msp.o
      4972          0          0          0          0      14406   stm32f4xx_hal_pcd.o
       192          0          0          0          0       4221   stm32f4xx_hal_pcd_ex.o
      2646          0          0          0          0       7595   stm32f4xx_hal_rcc.o
       258          0          0          0          0      19455   stm32f4xx_hal_spi.o
      3168         14          0          0          0      36000   stm32f4xx_hal_tim.o
       484          0          0          0          0      15331   stm32f4xx_hal_tim_ex.o
       472          0          0          0          0      20426   stm32f4xx_hal_uart.o
       194          0          0          0          0       1992   stm32f4xx_it.o
      5118          0          0          0          0      19790   stm32f4xx_ll_usb.o
        18          0         24          4          0       2502   system_stm32f4xx.o
      1148          0          0          0        240       8911   tim.o
       378          0          0          0        264       5045   usart.o
       118          0          0          0        732       3128   usb_device.o
      2380         12          0        136          0      10841   usbd_cdc.o
       206         36          0         20       4096       2596   usbd_cdc_if.o
      1396          4          0          0       1796      14403   usbd_conf.o
      2152          0          0          0          0       8989   usbd_core.o
      3402         30          0          0          1       8559   usbd_ctlreq.o
       572          0         66         76        512       3229   usbd_desc.o
       246          0          0          0          0       4217   usbd_ioreq.o

    ----------------------------------------------------------------------
     39000        112        522        248       9416     295244   Object Totals
         0          0         32          0          0          0   (incl. Generated)
       248          0          0          7          3          0   (incl. Padding)

    ----------------------------------------------------------------------

      Code (inc. data)   RO Data    RW Data    ZI Data      Debug   Library Member Name

         0          0          0          0          0          0   entry.o
         0          0          0          0          0          0   entry10a.o
         0          0          0          0          0          0   entry11a.o
         8          4          0          0          0          0   entry2.o
         4          0          0          0          0          0   entry5.o
         0          0          0          0          0          0   entry7b.o
         0          0          0          0          0          0   entry8b.o
         8          4          0          0          0          0   entry9a.o
        30          0          0          0          0          0   handlers.o
        48         10          0          0          0         68   init.o
        30          0          0          0          0         68   llshl.o
        32          0          0          0          0         68   llushr.o
        36          0          0          0          0        108   memseta.o
        98          0          0          0          0         92   uldiv.o

    ----------------------------------------------------------------------
       294         18          0          0          0        404   Library Totals
         0          0          0          0          0          0   (incl. Padding)

    ----------------------------------------------------------------------

      Code (inc. data)   RO Data    RW Data    ZI Data      Debug   Library Name

       294         18          0          0          0        404   mc_w.l

    ----------------------------------------------------------------------
       294         18          0          0          0        404   Library Totals

    ----------------------------------------------------------------------

==============================================================================


      Code (inc. data)   RO Data    RW Data    ZI Data      Debug   

     39294        130        522        248       9416     295088   Grand Totals
     39294        130        522        248       9416     295088   ELF Image Totals
     39294        130        522        248          0          0   ROM Totals

==============================================================================

    Total RO  Size (Code + RO Data)                39816 (  38.88kB)
    Total RW  Size (RW Data + ZI Data)              9664 (   9.44kB)
    Total ROM Size (Code + RO Data + RW Data)      40064 (  39.12kB)

==============================================================================

