<html>
<body>
<pre>
<h1>µVision Build Log</h1>
<h2>Tool Versions:</h2>
IDE-Version: ¦ÌVision V5.41.0.0
Copyright (C) 2024 ARM Ltd and ARM Germany GmbH. All rights reserved.
License Information: ew 2434857072@qq.com, weq, LIC=X96CK-ZLJCZ-CXAU6-DTBI2-0MQ38-IB9FH
 
Tool Versions:
Toolchain:       MDK-ARM Plus  Version: 5.41.0.0
Toolchain Path:  D:\ProApp\Keil\Core\ARM\ARMCLANG\Bin
C Compiler:      ArmClang.exe V6.22
Assembler:       Armasm.exe V6.22
Linker/Locator:  ArmLink.exe V6.22
Library Manager: ArmAr.exe V6.22
Hex Converter:   FromElf.exe V6.22
CPU DLL:         SARMCM3.DLL V5.41.0.0
Dialog DLL:      DCM.DLL V1.17.5.0
Target DLL:      STLink\ST-LINKIII-KEIL_SWO.dll V3.3.0.0
Dialog DLL:      TCM.DLL V1.56.4.0
 
<h2>Project:</h2>
D:\GitHub\User_Item\XDr\Code\XDrive\MDK-ARM\XDrive.uvprojx
Project File Date:  12/16/2025

<h2>Output:</h2>
*** Using Compiler 'V6.22', folder: 'D:\ProApp\Keil\Core\ARM\ARMCLANG\Bin'
Rebuild target 'XDrive'
assembling startup_stm32f405xx.s...
compiling gpio.c...
compiling spi.c...
compiling usart.c...
compiling tim.c...
compiling stm32f4xx_it.c...
compiling stm32f4xx_hal_msp.c...
compiling can.c...
compiling adc.c...
compiling dma.c...
compiling main.c...
compiling stm32f4xx_hal_pcd.c...
compiling stm32f4xx_hal_pcd_ex.c...
compiling stm32f4xx_hal_rcc.c...
compiling stm32f4xx_hal_rcc_ex.c...
compiling stm32f4xx_hal_flash.c...
compiling stm32f4xx_hal_flash_ramfunc.c...
compiling stm32f4xx_hal_flash_ex.c...
compiling stm32f4xx_ll_usb.c...
compiling stm32f4xx_hal_gpio.c...
compiling stm32f4xx_hal_dma_ex.c...
compiling stm32f4xx_hal_dma.c...
compiling stm32f4xx_hal_pwr.c...
compiling stm32f4xx_hal_pwr_ex.c...
compiling stm32f4xx_hal_cortex.c...
compiling stm32f4xx_hal.c...
compiling stm32f4xx_ll_adc.c...
compiling stm32f4xx_hal_exti.c...
compiling stm32f4xx_hal_adc.c...
compiling stm32f4xx_hal_adc_ex.c...
compiling stm32f4xx_hal_can.c...
compiling system_stm32f4xx.c...
compiling usb_device.c...
compiling usbd_desc.c...
compiling stm32f4xx_hal_spi.c...
compiling stm32f4xx_hal_tim_ex.c...
compiling usbd_cdc_if.c...
compiling stm32f4xx_hal_uart.c...
compiling usbd_conf.c...
compiling usbd_core.c...
compiling usbd_ctlreq.c...
compiling stm32f4xx_hal_tim.c...
compiling usbd_ioreq.c...
compiling app_main.c...
compiling usbd_cdc.c...
compiling command_parser.c...
compiling can_interface.c...
compiling usb_interface.c...
compiling wireless_interface.c...
compiling adaptive_control.c...
compiling auto_calibration.c...
compiling foc_core.c...
compiling loop_control.c...
compiling foc_statemachine.c...
compiling canDr.c...
compiling smo.c...
compiling adcDr.c...
compiling flashDr.c...
compiling encoder.c...
compiling svpwm.c...
compiling rgb.c...
compiling usartDr.c...
compiling usbDr.c...
compiling protection_manager.c...
compiling log.c...
compiling status_feedback.c...
compiling filter.c...
compiling ring_buffer.c...
compiling system_statemachine.c...
compiling stream_transmission.c...
compiling math_fast.c...
compiling queue.c...
linking...
Program Size: Code=83604 RO-data=3080 RW-data=444 ZI-data=12084  
FromELF: creating hex file...
"XDrive\XDrive.axf" - 0 Error(s), 0 Warning(s).

<h2>Software Packages used:</h2>

Package Vendor: ARM
                https://www.keil.com/pack/ARM.CMSIS.6.1.0.pack
                ARM::CMSIS@6.1.0
                CMSIS (Common Microcontroller Software Interface Standard)
   * Component: CORE Version: 6.1.0

Package Vendor: Keil
                https://www.keil.com/pack/Keil.STM32F4xx_DFP.3.0.0.pack
                Keil::STM32F4xx_DFP@3.0.0
                STMicroelectronics STM32F4 Series Device Support

<h2>Collection of Component include folders:</h2>
  ./RTE/_XDrive
  D:/ProApp/Keil/Parks/ARM/CMSIS/6.1.0/CMSIS/Core/Include

<h2>Collection of Component Files used:</h2>

   * Component: ARM::CMSIS:CORE@6.1.0
      Include file:  CMSIS/Core/Include/tz_context.h
Build Time Elapsed:  00:00:03
</pre>
</body>
</html>
