<html>
<body>
<pre>
<h1>µVision Build Log</h1>
<h2>Tool Versions:</h2>
IDE-Version: ¦ÌVision V5.41.0.0
Copyright (C) 2024 ARM Ltd and ARM Germany GmbH. All rights reserved.
License Information: wer 2434857072@qq.com, adsf, LIC=GMZI6-DS8WK-WFBI7-EQ8J3-YGS9V-IJ71Z
 
Tool Versions:
Toolchain:       MDK-ARM Plus  Version: 5.41.0.0
Toolchain Path:  C:\App\Pro\Keil\ARM\ARMCLANG\Bin
C Compiler:      ArmClang.exe V6.22
Assembler:       Armasm.exe V6.22
Linker/Locator:  ArmLink.exe V6.22
Library Manager: ArmAr.exe V6.22
Hex Converter:   FromElf.exe V6.22
CPU DLL:         SARMCM3.DLL V5.41.0.0
Dialog DLL:      DCM.DLL V1.17.5.0
Target DLL:      STLink\ST-LINKIII-KEIL_SWO.dll V3.3.0.0
Dialog DLL:      TCM.DLL V1.56.4.0
 
<h2>Project:</h2>
C:\Data\Github\X-motor-Drive\Firmware\XDr-S O_V1.0\MDK-ARM\XDr-P.uvprojx
Project File Date:  04/24/2026

<h2>Output:</h2>
*** Using Compiler 'V6.22', folder: 'C:\App\Pro\Keil\ARM\ARMCLANG\Bin'
Rebuild target 'XDr-P'
Before Build - User command #1: python "..\TOOLS\build_device_param.py" header
[OK] Header generated: ../FOC/Config/drive_parameters.h
     DRIVE_MESSAGE: "XDr-P,O_V1.2_260424,wxd,100,20-34,80"
     FIRM_VERSION : "XDr-P O_V1.2_260424"
assembling startup_stm32f405xx.s...
compiling dma.c...
compiling gpio.c...
compiling usart.c...
compiling stm32f4xx_hal_msp.c...
compiling can.c...
compiling adc.c...
compiling spi.c...
compiling stm32f4xx_it.c...
compiling tim.c...
compiling main.c...
compiling stm32f4xx_hal_pcd_ex.c...
compiling stm32f4xx_hal_pcd.c...
compiling stm32f4xx_hal_rcc_ex.c...
compiling stm32f4xx_hal_flash_ramfunc.c...
compiling stm32f4xx_hal_rcc.c...
compiling stm32f4xx_hal_flash.c...
compiling stm32f4xx_hal_flash_ex.c...
compiling stm32f4xx_hal_gpio.c...
compiling stm32f4xx_hal_dma_ex.c...
compiling stm32f4xx_hal_pwr.c...
compiling stm32f4xx_hal_dma.c...
compiling stm32f4xx_hal_pwr_ex.c...
compiling stm32f4xx_hal.c...
compiling stm32f4xx_hal_cortex.c...
compiling stm32f4xx_hal_exti.c...
compiling stm32f4xx_hal_adc_ex.c...
compiling stm32f4xx_ll_usb.c...
compiling stm32f4xx_hal_adc.c...
compiling stm32f4xx_hal_can.c...
compiling system_stm32f4xx.c...
compiling usb_device.c...
compiling usbd_desc.c...
compiling stm32f4xx_hal_tim_ex.c...
compiling usbd_cdc_if.c...
compiling usbd_conf.c...
compiling usbd_ioreq.c...
compiling usbd_core.c...
compiling stm32f4xx_hal_spi.c...
compiling usbd_ctlreq.c...
compiling can_port.c...
compiling usbd_cdc.c...
compiling stm32f4xx_hal_uart.c...
compiling DataMonitoring.c...
compiling uart_port.c...
compiling usb_port.c...
compiling port_mapping.c...
compiling stm32f4xx_hal_tim.c...
compiling foc_statemachine.c...
compiling smo.c...
compiling foc_core.c...
compiling svpwm.c...
compiling loop_control.c...
compiling hfi.c...
compiling flashDr.c...
compiling encoder.c...
compiling adc_dr.c...
compiling rgb.c...
compiling tune.c...
compiling log.c...
compiling status_feedback.c...
compiling system_statemachine.c...
compiling protection_manager.c...
compiling parameter_manager.c...
compiling App_IAP.c...
compiling ring_buffer.c...
compiling math_fast.c...
compiling queue.c...
compiling trajectory.c...
compiling filter.c...
linking...
Program Size: Code=63860 RO-data=2848 RW-data=708 ZI-data=9868  
FromELF: creating hex file...
After Build - User command #1: fromelf --bin -o "XDr.bin" ".\XDr-S\XDr-S.axf"
".\XDr-S\XDr-S.axf": Error: Q0122E: Could not open file '.\XDr-S\XDr-S.axf': No such file or directory
Finished: 0 information, 0 warning and 1 error messages.
After Build - User command #2: python "..\TOOLS\build_device_param.py" bin ".\XDr.bin"
[OK] Archived: XDr.bin -> ../firmware\XDr-P O_V1.2_260424.bin
".\XDr-S.axf" - 0 Error(s), 0 Warning(s).

<h2>Software Packages used:</h2>

Package Vendor: ARM
                https://www.keil.com/pack/ARM.CMSIS.6.2.0.pack
                ARM::CMSIS@6.2.0
                CMSIS (Common Microcontroller Software Interface Standard)
   * Component: CORE Version: 6.1.1

Package Vendor: Keil
                https://www.keil.com/pack/Keil.STM32F4xx_DFP.3.1.1.pack
                Keil::STM32F4xx_DFP@3.1.1
                STMicroelectronics STM32F4 Series Device Support

<h2>Collection of Component include folders:</h2>
  ./RTE/_XDr-P
  C:/App/Pro/Keil/ARM/ARM/CMSIS/6.2.0/CMSIS/Core/Include

<h2>Collection of Component Files used:</h2>

   * Component: ARM::CMSIS:CORE@6.1.1
      Include file:  CMSIS/Core/Include/tz_context.h
Build Time Elapsed:  00:00:04
</pre>
</body>
</html>
